Archive member included to satisfy reference by file (symbol)

/opt/stm32cubeide/plugins/com.st.stm32cube.ide.mcu.externaltools.gnu-tools-for-stm32.14.3.rel1.linux64_1.0.100.202602081740/tools/bin/../lib/gcc/arm-none-eabi/14.3.1/../../../../arm-none-eabi/lib/thumb/v7e-m+dp/hard/libc_nano.a(libc_a-atoi.o)
                              ./Core/Src/terminal_parser.o (atoi)
/opt/stm32cubeide/plugins/com.st.stm32cube.ide.mcu.externaltools.gnu-tools-for-stm32.14.3.rel1.linux64_1.0.100.202602081740/tools/bin/../lib/gcc/arm-none-eabi/14.3.1/../../../../arm-none-eabi/lib/thumb/v7e-m+dp/hard/libc_nano.a(libc_a-exit.o)
                              /opt/stm32cubeide/plugins/com.st.stm32cube.ide.mcu.externaltools.gnu-tools-for-stm32.14.3.rel1.linux64_1.0.100.202602081740/tools/bin/../lib/gcc/arm-none-eabi/14.3.1/../../../../arm-none-eabi/lib/thumb/v7e-m+dp/hard/crt0.o (exit)
/opt/stm32cubeide/plugins/com.st.stm32cube.ide.mcu.externaltools.gnu-tools-for-stm32.14.3.rel1.linux64_1.0.100.202602081740/tools/bin/../lib/gcc/arm-none-eabi/14.3.1/../../../../arm-none-eabi/lib/thumb/v7e-m+dp/hard/libc_nano.a(libc_a-strtol.o)
                              /opt/stm32cubeide/plugins/com.st.stm32cube.ide.mcu.externaltools.gnu-tools-for-stm32.14.3.rel1.linux64_1.0.100.202602081740/tools/bin/../lib/gcc/arm-none-eabi/14.3.1/../../../../arm-none-eabi/lib/thumb/v7e-m+dp/hard/libc_nano.a(libc_a-atoi.o) (_strtol_r)
/opt/stm32cubeide/plugins/com.st.stm32cube.ide.mcu.externaltools.gnu-tools-for-stm32.14.3.rel1.linux64_1.0.100.202602081740/tools/bin/../lib/gcc/arm-none-eabi/14.3.1/../../../../arm-none-eabi/lib/thumb/v7e-m+dp/hard/libc_nano.a(libc_a-ctype_.o)
                              ./Core/Src/terminal_parser.o (_ctype_)
/opt/stm32cubeide/plugins/com.st.stm32cube.ide.mcu.externaltools.gnu-tools-for-stm32.14.3.rel1.linux64_1.0.100.202602081740/tools/bin/../lib/gcc/arm-none-eabi/14.3.1/../../../../arm-none-eabi/lib/thumb/v7e-m+dp/hard/libc_nano.a(libc_a-findfp.o)
                              /opt/stm32cubeide/plugins/com.st.stm32cube.ide.mcu.externaltools.gnu-tools-for-stm32.14.3.rel1.linux64_1.0.100.202602081740/tools/bin/../lib/gcc/arm-none-eabi/14.3.1/../../../../arm-none-eabi/lib/thumb/v7e-m+dp/hard/libc_nano.a(libc_a-exit.o) (__stdio_exit_handler)
/opt/stm32cubeide/plugins/com.st.stm32cube.ide.mcu.externaltools.gnu-tools-for-stm32.14.3.rel1.linux64_1.0.100.202602081740/tools/bin/../lib/gcc/arm-none-eabi/14.3.1/../../../../arm-none-eabi/lib/thumb/v7e-m+dp/hard/libc_nano.a(libc_a-fwalk.o)
                              /opt/stm32cubeide/plugins/com.st.stm32cube.ide.mcu.externaltools.gnu-tools-for-stm32.14.3.rel1.linux64_1.0.100.202602081740/tools/bin/../lib/gcc/arm-none-eabi/14.3.1/../../../../arm-none-eabi/lib/thumb/v7e-m+dp/hard/libc_nano.a(libc_a-findfp.o) (_fwalk_sglue)
/opt/stm32cubeide/plugins/com.st.stm32cube.ide.mcu.externaltools.gnu-tools-for-stm32.14.3.rel1.linux64_1.0.100.202602081740/tools/bin/../lib/gcc/arm-none-eabi/14.3.1/../../../../arm-none-eabi/lib/thumb/v7e-m+dp/hard/libc_nano.a(libc_a-snprintf.o)
                              ./Core/Src/logger.o (snprintf)
/opt/stm32cubeide/plugins/com.st.stm32cube.ide.mcu.externaltools.gnu-tools-for-stm32.14.3.rel1.linux64_1.0.100.202602081740/tools/bin/../lib/gcc/arm-none-eabi/14.3.1/../../../../arm-none-eabi/lib/thumb/v7e-m+dp/hard/libc_nano.a(libc_a-stdio.o)
                              /opt/stm32cubeide/plugins/com.st.stm32cube.ide.mcu.externaltools.gnu-tools-for-stm32.14.3.rel1.linux64_1.0.100.202602081740/tools/bin/../lib/gcc/arm-none-eabi/14.3.1/../../../../arm-none-eabi/lib/thumb/v7e-m+dp/hard/libc_nano.a(libc_a-findfp.o) (__sread)
/opt/stm32cubeide/plugins/com.st.stm32cube.ide.mcu.externaltools.gnu-tools-for-stm32.14.3.rel1.linux64_1.0.100.202602081740/tools/bin/../lib/gcc/arm-none-eabi/14.3.1/../../../../arm-none-eabi/lib/thumb/v7e-m+dp/hard/libc_nano.a(libc_a-vsnprintf.o)
                              ./Core/Src/logger.o (vsnprintf)
/opt/stm32cubeide/plugins/com.st.stm32cube.ide.mcu.externaltools.gnu-tools-for-stm32.14.3.rel1.linux64_1.0.100.202602081740/tools/bin/../lib/gcc/arm-none-eabi/14.3.1/../../../../arm-none-eabi/lib/thumb/v7e-m+dp/hard/libc_nano.a(libc_a-memmove.o)
                              ./Core/Src/terminal_parser.o (memmove)
/opt/stm32cubeide/plugins/com.st.stm32cube.ide.mcu.externaltools.gnu-tools-for-stm32.14.3.rel1.linux64_1.0.100.202602081740/tools/bin/../lib/gcc/arm-none-eabi/14.3.1/../../../../arm-none-eabi/lib/thumb/v7e-m+dp/hard/libc_nano.a(libc_a-memset.o)
                              /opt/stm32cubeide/plugins/com.st.stm32cube.ide.mcu.externaltools.gnu-tools-for-stm32.14.3.rel1.linux64_1.0.100.202602081740/tools/bin/../lib/gcc/arm-none-eabi/14.3.1/../../../../arm-none-eabi/lib/thumb/v7e-m+dp/hard/crt0.o (memset)
[...]
Memory Configuration

Name             Origin             Length             Attributes
ITCMRAM          0x00000000         0x00010000         xrw
DTCMRAM          0x20000000         0x00020000         xrw
FLASH            0x08000000         0x00100000         xr
RAM_D1           0x24000000         0x00050000         xrw
RAM_D2           0x30000000         0x00008000         xrw
RAM_D3           0x38000000         0x00004000         xrw
*default*        0x00000000         0xffffffff

Linker script and memory map

LOAD /opt/stm32cubeide/plugins/com.st.stm32cube.ide.mcu.externaltools.gnu-tools-for-stm32.14.3.rel1.linux64_1.0.100.202602081740/tools/bin/../lib/gcc/arm-none-eabi/14.3.1/thumb/v7e-m+dp/hard/crti.o
LOAD /opt/stm32cubeide/plugins/com.st.stm32cube.ide.mcu.externaltools.gnu-tools-for-stm32.14.3.rel1.linux64_1.0.100.202602081740/tools/bin/../lib/gcc/arm-none-eabi/14.3.1/thumb/v7e-m+dp/hard/crtbegin.o
LOAD /opt/stm32cubeide/plugins/com.st.stm32cube.ide.mcu.externaltools.gnu-tools-for-stm32.14.3.rel1.linux64_1.0.100.202602081740/tools/bin/../lib/gcc/arm-none-eabi/14.3.1/../../../../arm-none-eabi/lib/thumb/v7e-m+dp/hard/crt0.o
LOAD ./Core/Src/ack_manager.o
LOAD ./Core/Src/logger.o
LOAD ./Core/Src/main.o
LOAD ./Core/Src/motion_controller.o
LOAD ./Core/Src/motor_dispatcher.o
LOAD ./Core/Src/motor_link.o
LOAD ./Core/Src/motor_protocol.o
LOAD ./Core/Src/motor_uart_dma.o
LOAD ./Core/Src/safety_manager.o
LOAD ./Core/Src/stm32h7xx_hal_msp.o
LOAD ./Core/Src/stm32h7xx_it.o
LOAD ./Core/Src/syscalls.o
LOAD ./Core/Src/sysmem.o
LOAD ./Core/Src/system_stm32h7xx.o
LOAD ./Core/Src/terminal_if.o
LOAD ./Core/Src/terminal_parser.o
LOAD ./Core/Startup/startup_stm32h723zgtx.o
LOAD ./Drivers/STM32H7xx_HAL_Driver/Src/stm32h7xx_hal.o
LOAD ./Drivers/STM32H7xx_HAL_Driver/Src/stm32h7xx_hal_cortex.o
LOAD ./Drivers/STM32H7xx_HAL_Driver/Src/stm32h7xx_hal_dma.o
LOAD ./Drivers/STM32H7xx_HAL_Driver/Src/stm32h7xx_hal_dma_ex.o
LOAD ./Drivers/STM32H7xx_HAL_Driver/Src/stm32h7xx_hal_exti.o
LOAD ./Drivers/STM32H7xx_HAL_Driver/Src/stm32h7xx_hal_flash.o
LOAD ./Drivers/STM32H7xx_HAL_Driver/Src/stm32h7xx_hal_flash_ex.o
LOAD ./Drivers/STM32H7xx_HAL_Driver/Src/stm32h7xx_hal_gpio.o
LOAD ./Drivers/STM32H7xx_HAL_Driver/Src/stm32h7xx_hal_hsem.o
LOAD ./Drivers/STM32H7xx_HAL_Driver/Src/stm32h7xx_hal_i2c.o
LOAD ./Drivers/STM32H7xx_HAL_Driver/Src/stm32h7xx_hal_i2c_ex.o
LOAD ./Drivers/STM32H7xx_HAL_Driver/Src/stm32h7xx_hal_mdma.o
LOAD ./Drivers/STM32H7xx_HAL_Driver/Src/stm32h7xx_hal_pwr.o
LOAD ./Drivers/STM32H7xx_HAL_Driver/Src/stm32h7xx_hal_pwr_ex.o
LOAD ./Drivers/STM32H7xx_HAL_Driver/Src/stm32h7xx_hal_rcc.o
LOAD ./Drivers/STM32H7xx_HAL_Driver/Src/stm32h7xx_hal_rcc_ex.o
LOAD ./Drivers/STM32H7xx_HAL_Driver/Src/stm32h7xx_hal_tim.o
LOAD ./Drivers/STM32H7xx_HAL_Driver/Src/stm32h7xx_hal_tim_ex.o
LOAD ./Drivers/STM32H7xx_HAL_Driver/Src/stm32h7xx_hal_uart.o
LOAD ./Drivers/STM32H7xx_HAL_Driver/Src/stm32h7xx_hal_uart_ex.o
START GROUP
LOAD /opt/stm32cubeide/plugins/com.st.stm32cube.ide.mcu.externaltools.gnu-tools-for-stm32.14.3.rel1.linux64_1.0.100.202602081740/tools/bin/../lib/gcc/arm-none-eabi/14.3.1/../../../../arm-none-eabi/lib/thumb/v7e-m+dp/hard/libc_nano.a
LOAD /opt/stm32cubeide/plugins/com.st.stm32cube.ide.mcu.externaltools.gnu-tools-for-stm32.14.3.rel1.linux64_1.0.100.202602081740/tools/bin/../lib/gcc/arm-none-eabi/14.3.1/../../../../arm-none-eabi/lib/thumb/v7e-m+dp/hard/libm.a
END GROUP
START GROUP
LOAD /opt/stm32cubeide/plugins/com.st.stm32cube.ide.mcu.externaltools.gnu-tools-for-stm32.14.3.rel1.linux64_1.0.100.202602081740/tools/bin/../lib/gcc/arm-none-eabi/14.3.1/thumb/v7e-m+dp/hard/libgcc.a
LOAD /opt/stm32cubeide/plugins/com.st.stm32cube.ide.mcu.externaltools.gnu-tools-for-stm32.14.3.rel1.linux64_1.0.100.202602081740/tools/bin/../lib/gcc/arm-none-eabi/14.3.1/../../../../arm-none-eabi/lib/thumb/v7e-m+dp/hard/libc_nano.a
END GROUP
START GROUP
LOAD /opt/stm32cubeide/plugins/com.st.stm32cube.ide.mcu.externaltools.gnu-tools-for-stm32.14.3.rel1.linux64_1.0.100.202602081740/tools/bin/../lib/gcc/arm-none-eabi/14.3.1/thumb/v7e-m+dp/hard/libgcc.a
LOAD /opt/stm32cubeide/plugins/com.st.stm32cube.ide.mcu.externaltools.gnu-tools-for-stm32.14.3.rel1.linux64_1.0.100.202602081740/tools/bin/../lib/gcc/arm-none-eabi/14.3.1/../../../../arm-none-eabi/lib/thumb/v7e-m+dp/hard/libc_nano.a
LOAD /opt/stm32cubeide/plugins/com.st.stm32cube.ide.mcu.externaltools.gnu-tools-for-stm32.14.3.rel1.linux64_1.0.100.202602081740/tools/bin/../lib/gcc/arm-none-eabi/14.3.1/../../../../arm-none-eabi/lib/thumb/v7e-m+dp/hard/libnosys.a
END GROUP
START GROUP
LOAD /opt/stm32cubeide/plugins/com.st.stm32cube.ide.mcu.externaltools.gnu-tools-for-stm32.14.3.rel1.linux64_1.0.100.202602081740/tools/bin/../lib/gcc/arm-none-eabi/14.3.1/thumb/v7e-m+dp/hard/libgcc.a
LOAD /opt/stm32cubeide/plugins/com.st.stm32cube.ide.mcu.externaltools.gnu-tools-for-stm32.14.3.rel1.linux64_1.0.100.202602081740/tools/bin/../lib/gcc/arm-none-eabi/14.3.1/../../../../arm-none-eabi/lib/thumb/v7e-m+dp/hard/libc_nano.a
LOAD /opt/stm32cubeide/plugins/com.st.stm32cube.ide.mcu.externaltools.gnu-tools-for-stm32.14.3.rel1.linux64_1.0.100.202602081740/tools/bin/../lib/gcc/arm-none-eabi/14.3.1/../../../../arm-none-eabi/lib/thumb/v7e-m+dp/hard/libnosys.a
END GROUP
LOAD /opt/stm32cubeide/plugins/com.st.stm32cube.ide.mcu.externaltools.gnu-tools-for-stm32.14.3.rel1.linux64_1.0.100.202602081740/tools/bin/../lib/gcc/arm-none-eabi/14.3.1/thumb/v7e-m+dp/hard/crtend.o
LOAD /opt/stm32cubeide/plugins/com.st.stm32cube.ide.mcu.externaltools.gnu-tools-for-stm32.14.3.rel1.linux64_1.0.100.202602081740/tools/bin/../lib/gcc/arm-none-eabi/14.3.1/thumb/v7e-m+dp/hard/crtn.o
                0x24050000                        _estack = (ORIGIN (RAM_D1) + LENGTH (RAM_D1))
                0x00000200                        _Min_Heap_Size = 0x200
                0x00000400                        _Min_Stack_Size = 0x400

.isr_vector     0x08000000      0x2cc
                0x08000000                        . = ALIGN (0x4)
 *(.isr_vector)
 .isr_vector    0x08000000      0x2cc ./Core/Startup/startup_stm32h723zgtx.o
                0x08000000                g_pfnVectors
                0x080002cc                        . = ALIGN (0x4)

.text           0x080002d0     0xcbdc
                0x080002d0                        . = ALIGN (0x4)
 *(.text)
 .text          0x080002d0       0x40 /opt/stm32cubeide/plugins/com.st.stm32cube.ide.mcu.externaltools.gnu-tools-for-stm32.14.3.rel1.linux64_1.0.100.202602081740/tools/bin/../lib/gcc/arm-none-eabi/14.3.1/thumb/v7e-m+dp/hard/crtbegin.o
 .text          0x08000310       0x14 /opt/stm32cubeide/plugins/com.st.stm32cube.ide.mcu.externaltools.gnu-tools-for-stm32.14.3.rel1.linux64_1.0.100.202602081740/tools/bin/../lib/gcc/arm-none-eabi/14.3.1/../../../../arm-none-eabi/lib/thumb/v7e-m+dp/hard/libc_nano.a(libc_a-strcmp.o)
                0x08000310                strcmp
 .text          0x08000324       0x10 /opt/stm32cubeide/plugins/com.st.stm32cube.ide.mcu.externaltools.gnu-tools-for-stm32.14.3.rel1.linux64_1.0.100.202602081740/tools/bin/../lib/gcc/arm-none-eabi/14.3.1/../../../../arm-none-eabi/lib/thumb/v7e-m+dp/hard/libc_nano.a(libc_a-strlen.o)
                0x08000324                strlen
 *fill*         0x08000334        0xc 
 .text          0x08000340       0xa0 /opt/stm32cubeide/plugins/com.st.stm32cube.ide.mcu.externaltools.gnu-tools-for-stm32.14.3.rel1.linux64_1.0.100.202602081740/tools/bin/../lib/gcc/arm-none-eabi/14.3.1/../../../../arm-none-eabi/lib/thumb/v7e-m+dp/hard/libc_nano.a(libc_a-memchr.o)
                0x08000340                memchr
 .text          0x080003e0       0x30 /opt/stm32cubeide/plugins/com.st.stm32cube.ide.mcu.externaltools.gnu-tools-for-stm32.14.3.rel1.linux64_1.0.100.202602081740/tools/bin/../lib/gcc/arm-none-eabi/14.3.1/thumb/v7e-m+dp/hard/libgcc.a(_aeabi_uldivmod.o)
                0x080003e0                __aeabi_uldivmod
 .text          0x08000410      0x2f8 /opt/stm32cubeide/plugins/com.st.stm32cube.ide.mcu.externaltools.gnu-tools-for-stm32.14.3.rel1.linux64_1.0.100.202602081740/tools/bin/../lib/gcc/arm-none-eabi/14.3.1/thumb/v7e-m+dp/hard/libgcc.a(_udivmoddi4.o)
                0x08000410                __udivmoddi4
 .text          0x08000708        0x4 /opt/stm32cubeide/plugins/com.st.stm32cube.ide.mcu.externaltools.gnu-tools-for-stm32.14.3.rel1.linux64_1.0.100.202602081740/tools/bin/../lib/gcc/arm-none-eabi/14.3.1/thumb/v7e-m+dp/hard/libgcc.a(_dvmd_tls.o)
                0x08000708                __aeabi_ldiv0
                0x08000708                __aeabi_idiv0
 *(.text*)
 .text.AckManager_Init
                0x0800070c       0x18 ./Core/Src/ack_manager.o
                0x0800070c                AckManager_Init
 .text.AckManager_Update
                0x08000724       0xd4 ./Core/Src/ack_manager.o
                0x08000724                AckManager_Update
 .text.Logger_Init
                0x080007f8       0x18 ./Core/Src/logger.o
                0x080007f8                Logger_Init
 .text.Logger_Log
                0x08000810       0x90 ./Core/Src/logger.o
                0x08000810                Logger_Log
 .text.main     0x080008a0      0x2f8 ./Core/Src/main.o
                0x080008a0                main
 .text.SystemClock_Config
                0x08000b98       0xdc ./Core/Src/main.o
                0x08000b98                SystemClock_Config
 .text.MX_UART4_Init
                0x08000c74       0x98 ./Core/Src/main.o
 .text.MX_UART5_Init
                0x08000d0c       0x98 ./Core/Src/main.o
 .text.MX_UART7_Init
                0x08000da4       0x98 ./Core/Src/main.o
 .text.MX_USART2_UART_Init
                0x08000e3c       0x98 ./Core/Src/main.o
 .text.MX_USART3_UART_Init
                0x08000ed4       0x98 ./Core/Src/main.o
 .text.MX_DMA_Init
                0x08000f6c       0x70 ./Core/Src/main.o
 .text.MX_GPIO_Init
                0x08000fdc       0x90 ./Core/Src/main.o
 .text.MPU_Config
                0x0800106c       0x8e ./Core/Src/main.o
 *fill*         0x080010fa        0x2 
 .text.Error_Handler
                0x080010fc       0x84 ./Core/Src/main.o
                0x080010fc                Error_Handler
 .text.SetMotor
                0x08001180       0x38 ./Core/Src/motion_controller.o
 .text.SetAllMotors
                0x080011b8       0x3a ./Core/Src/motion_controller.o
 *fill*         0x080011f2        0x2 
 .text.SetMotorCmd
                0x080011f4       0x38 ./Core/Src/motion_controller.o
 .text.MotionController_Init
                0x0800122c       0x18 ./Core/Src/motion_controller.o
                0x0800122c                MotionController_Init
 .text.MotionController_Execute
                0x08001244       0xe4 ./Core/Src/motion_controller.o
                0x08001244                MotionController_Execute
 .text.MotionController_Stop
                0x08001328       0x28 ./Core/Src/motion_controller.o
                0x08001328                MotionController_Stop
 .text.MotorDispatcher_Init
                0x08001350       0x40 ./Core/Src/motor_dispatcher.o
                0x08001350                MotorDispatcher_Init
 .text.MotorDispatcher_Send
                0x08001390      0x170 ./Core/Src/motor_dispatcher.o
                0x08001390                MotorDispatcher_Send
 .text.MotorDispatcher_SendAll
                0x08001500       0x36 ./Core/Src/motor_dispatcher.o
                0x08001500                MotorDispatcher_SendAll
 *fill*         0x08001536        0x2 
 .text.MotorDispatcher_SendRaw
                0x08001538       0xd8 ./Core/Src/motor_dispatcher.o
                0x08001538                MotorDispatcher_SendRaw
 .text.MotorDispatcher_GetLink
                0x08001610       0x34 ./Core/Src/motor_dispatcher.o
                0x08001610                MotorDispatcher_GetLink
 .text.MotorDispatcher_Update
                0x08001644       0x3c ./Core/Src/motor_dispatcher.o
                0x08001644                MotorDispatcher_Update
 .text.MotorLink_Init
                0x08001680       0x2a ./Core/Src/motor_link.o
                0x08001680                MotorLink_Init
 .text.MotorLink_Update
                0x080016aa       0x34 ./Core/Src/motor_link.o
                0x080016aa                MotorLink_Update
 *fill*         0x080016de        0x2 
 .text.MotorProtocol_Encode
                0x080016e0       0xa0 ./Core/Src/motor_protocol.o
                0x080016e0                MotorProtocol_Encode
 .text.LookupSlot
                0x08001780       0x60 ./Core/Src/motor_uart_dma.o
 .text.ReportUartError
                0x080017e0       0xf8 ./Core/Src/motor_uart_dma.o
 .text.ProcessDmaRestart
                0x080018d8      0x208 ./Core/Src/motor_uart_dma.o
 .text.StartDmaRx
                0x08001ae0      0x1c4 ./Core/Src/motor_uart_dma.o
 .text.MotorUartDma_Init
                0x08001ca4       0xe0 ./Core/Src/motor_uart_dma.o
                0x08001ca4                MotorUartDma_Init
 .text.MotorUartDma_StartAllRx
                0x08001d84       0x60 ./Core/Src/motor_uart_dma.o
                0x08001d84                MotorUartDma_StartAllRx
 .text.MotorUartDma_Update
                0x08001de4      0x10c ./Core/Src/motor_uart_dma.o
                0x08001de4                MotorUartDma_Update
 .text.HAL_UARTEx_RxEventCallback
                0x08001ef0      0x278 ./Core/Src/motor_uart_dma.o
                0x08001ef0                HAL_UARTEx_RxEventCallback
 .text.HAL_UART_ErrorCallback
                0x08002168       0x7c ./Core/Src/motor_uart_dma.o
                0x08002168                HAL_UART_ErrorCallback
 .text.SafetyManager_Init
                0x080021e4       0x24 ./Core/Src/safety_manager.o
                0x080021e4                SafetyManager_Init
 .text.SafetyManager_Update
                0x08002208       0x84 ./Core/Src/safety_manager.o
                0x08002208                SafetyManager_Update
 .text.HAL_MspInit
                0x0800228c       0x34 ./Core/Src/stm32h7xx_hal_msp.o
                0x0800228c                HAL_MspInit
 .text.HAL_UART_MspInit
                0x080022c0      0x68c ./Core/Src/stm32h7xx_hal_msp.o
                0x080022c0                HAL_UART_MspInit
 .text.NMI_Handler
                0x0800294c        0x8 ./Core/Src/stm32h7xx_it.o
                0x0800294c                NMI_Handler
 .text.HardFault_Handler
                0x08002954        0x8 ./Core/Src/stm32h7xx_it.o
                0x08002954                HardFault_Handler
 .text.MemManage_Handler
                0x0800295c        0x8 ./Core/Src/stm32h7xx_it.o
                0x0800295c                MemManage_Handler
 .text.BusFault_Handler
                0x08002964        0x8 ./Core/Src/stm32h7xx_it.o
                0x08002964                BusFault_Handler
 .text.UsageFault_Handler
                0x0800296c        0x8 ./Core/Src/stm32h7xx_it.o
                0x0800296c                UsageFault_Handler
 .text.SVC_Handler
                0x08002974        0xe ./Core/Src/stm32h7xx_it.o
                0x08002974                SVC_Handler
 .text.DebugMon_Handler
                0x08002982        0xe ./Core/Src/stm32h7xx_it.o
                0x08002982                DebugMon_Handler
 .text.PendSV_Handler
                0x08002990        0xe ./Core/Src/stm32h7xx_it.o
                0x08002990                PendSV_Handler
 .text.SysTick_Handler
                0x0800299e        0xc ./Core/Src/stm32h7xx_it.o
                0x0800299e                SysTick_Handler
 *fill*         0x080029aa        0x2 
 .text.DMA1_Stream0_IRQHandler
                0x080029ac       0x14 ./Core/Src/stm32h7xx_it.o
                0x080029ac                DMA1_Stream0_IRQHandler
 .text.DMA1_Stream1_IRQHandler
                0x080029c0       0x14 ./Core/Src/stm32h7xx_it.o
                0x080029c0                DMA1_Stream1_IRQHandler
 .text.DMA1_Stream2_IRQHandler
                0x080029d4       0x14 ./Core/Src/stm32h7xx_it.o
                0x080029d4                DMA1_Stream2_IRQHandler
 .text.DMA1_Stream3_IRQHandler
                0x080029e8       0x14 ./Core/Src/stm32h7xx_it.o
                0x080029e8                DMA1_Stream3_IRQHandler
 .text.USART2_IRQHandler
                0x080029fc       0x14 ./Core/Src/stm32h7xx_it.o
                0x080029fc                USART2_IRQHandler
 .text.USART3_IRQHandler
                0x08002a10       0x14 ./Core/Src/stm32h7xx_it.o
                0x08002a10                USART3_IRQHandler
 .text.UART4_IRQHandler
                0x08002a24       0x14 ./Core/Src/stm32h7xx_it.o
                0x08002a24                UART4_IRQHandler
 .text.UART5_IRQHandler
                0x08002a38       0x14 ./Core/Src/stm32h7xx_it.o
                0x08002a38                UART5_IRQHandler
 .text.UART7_IRQHandler
                0x08002a4c       0x14 ./Core/Src/stm32h7xx_it.o
                0x08002a4c                UART7_IRQHandler
 .text._sbrk    0x08002a60       0x6c ./Core/Src/sysmem.o
                0x08002a60                _sbrk
 .text.SystemInit
                0x08002acc      0x120 ./Core/Src/system_stm32h7xx.o
                0x08002acc                SystemInit
 .text.ExitRun0Mode
                0x08002bec       0x18 ./Core/Src/system_stm32h7xx.o
                0x08002bec                ExitRun0Mode
 .text.TerminalIf_Init
                0x08002c04       0x3c ./Core/Src/terminal_if.o
                0x08002c04                TerminalIf_Init
 .text.TerminalIf_RxCallback
                0x08002c40       0x74 ./Core/Src/terminal_if.o
                0x08002c40                TerminalIf_RxCallback
 .text.TerminalIf_LineReady
                0x08002cb4       0x18 ./Core/Src/terminal_if.o
                0x08002cb4                TerminalIf_LineReady
 .text.TerminalIf_GetLine
                0x08002ccc       0x20 ./Core/Src/terminal_if.o
                0x08002ccc                TerminalIf_GetLine
 .text.HAL_UART_RxCpltCallback
                0x08002cec       0x3c ./Core/Src/terminal_if.o
                0x08002cec                HAL_UART_RxCpltCallback
 .text.allDigits
                0x08002d28       0x54 ./Core/Src/terminal_parser.o
 .text.TerminalParser_Parse
                0x08002d7c      0x41c ./Core/Src/terminal_parser.o
                0x08002d7c                TerminalParser_Parse
 .text.Reset_Handler
                0x08003198       0x54 ./Core/Startup/startup_stm32h723zgtx.o
                0x08003198                Reset_Handler
 .text.Default_Handler
                0x080031ec        0x2 ./Core/Startup/startup_stm32h723zgtx.o
                0x080031ec                RTC_Alarm_IRQHandler
                0x080031ec                EXTI2_IRQHandler
                0x080031ec                TIM8_CC_IRQHandler
                0x080031ec                UART8_IRQHandler
                0x080031ec                SPI4_IRQHandler
                0x080031ec                FDCAN3_IT0_IRQHandler
                0x080031ec                TIM1_CC_IRQHandler
                0x080031ec                BDMA_Channel6_IRQHandler
                0x080031ec                DMA2_Stream5_IRQHandler
                0x080031ec                DMA1_Stream5_IRQHandler
                0x080031ec                CORDIC_IRQHandler
                0x080031ec                BDMA_Channel1_IRQHandler
                0x080031ec                TAMP_STAMP_IRQHandler
                0x080031ec                EXTI3_IRQHandler
                0x080031ec                LPTIM4_IRQHandler
                0x080031ec                TIM8_TRG_COM_TIM14_IRQHandler
                0x080031ec                LPTIM2_IRQHandler
                0x080031ec                DFSDM1_FLT1_IRQHandler
                0x080031ec                DMAMUX2_OVR_IRQHandler
                0x080031ec                TIM8_UP_TIM13_IRQHandler
                0x080031ec                I2C3_ER_IRQHandler
                0x080031ec                DFSDM1_FLT2_IRQHandler
                0x080031ec                I2C5_EV_IRQHandler
                0x080031ec                USART10_IRQHandler
                0x080031ec                MDMA_IRQHandler
                0x080031ec                LPTIM3_IRQHandler
                0x080031ec                HSEM1_IRQHandler
                0x080031ec                EXTI0_IRQHandler
                0x080031ec                I2C2_EV_IRQHandler
                0x080031ec                FPU_IRQHandler
                0x080031ec                OTG_HS_WKUP_IRQHandler
                0x080031ec                FDCAN1_IT1_IRQHandler
                0x080031ec                LTDC_ER_IRQHandler
                0x080031ec                DMA2_Stream2_IRQHandler
                0x080031ec                SPI1_IRQHandler
                0x080031ec                OCTOSPI1_IRQHandler
                0x080031ec                TIM6_DAC_IRQHandler
                0x080031ec                DMA2_Stream3_IRQHandler
                0x080031ec                OCTOSPI2_IRQHandler
                0x080031ec                DFSDM1_FLT3_IRQHandler
                0x080031ec                TIM23_IRQHandler
                0x080031ec                USART6_IRQHandler
                0x080031ec                TIM17_IRQHandler
                0x080031ec                BDMA_Channel7_IRQHandler
                0x080031ec                LPTIM5_IRQHandler
                0x080031ec                ADC3_IRQHandler
                0x080031ec                DMA2_Stream0_IRQHandler
                0x080031ec                TIM4_IRQHandler
                0x080031ec                BDMA_Channel2_IRQHandler
                0x080031ec                I2C1_EV_IRQHandler
                0x080031ec                DMA1_Stream6_IRQHandler
                0x080031ec                DMAMUX1_OVR_IRQHandler
                0x080031ec                TIM16_IRQHandler
                0x080031ec                BDMA_Channel5_IRQHandler
                0x080031ec                TIM3_IRQHandler
                0x080031ec                RCC_IRQHandler
                0x080031ec                UART9_IRQHandler
                0x080031ec                TIM8_BRK_TIM12_IRQHandler
                0x080031ec                TIM1_TRG_COM_IRQHandler
                0x080031ec                Default_Handler
                0x080031ec                ECC_IRQHandler
                0x080031ec                FMAC_IRQHandler
                0x080031ec                CEC_IRQHandler
                0x080031ec                EXTI15_10_IRQHandler
                0x080031ec                BDMA_Channel0_IRQHandler
                0x080031ec                ADC_IRQHandler
                0x080031ec                I2C5_ER_IRQHandler
                0x080031ec                DMA1_Stream7_IRQHandler
                0x080031ec                SPI5_IRQHandler
                0x080031ec                TIM7_IRQHandler
                0x080031ec                FDCAN3_IT1_IRQHandler
                0x080031ec                SDMMC1_IRQHandler
                0x080031ec                TIM5_IRQHandler
                0x080031ec                DMA2_Stream7_IRQHandler
                0x080031ec                TIM15_IRQHandler
                0x080031ec                PVD_AVD_IRQHandler
                0x080031ec                I2C3_EV_IRQHandler
                0x080031ec                EXTI9_5_IRQHandler
                0x080031ec                RTC_WKUP_IRQHandler
                0x080031ec                LTDC_IRQHandler
                0x080031ec                ETH_WKUP_IRQHandler
                0x080031ec                SPDIF_RX_IRQHandler
                0x080031ec                SPI2_IRQHandler
                0x080031ec                OTG_HS_EP1_IN_IRQHandler
                0x080031ec                TIM24_IRQHandler
                0x080031ec                CRS_IRQHandler
                0x080031ec                EXTI4_IRQHandler
                0x080031ec                RNG_IRQHandler
                0x080031ec                FDCAN2_IT1_IRQHandler
                0x080031ec                ETH_IRQHandler
                0x080031ec                TIM1_UP_IRQHandler
                0x080031ec                BDMA_Channel4_IRQHandler
                0x080031ec                OTG_HS_EP1_OUT_IRQHandler
                0x080031ec                WWDG_IRQHandler
                0x080031ec                SPI6_IRQHandler
                0x080031ec                MDIOS_IRQHandler
                0x080031ec                I2C4_EV_IRQHandler
                0x080031ec                FDCAN2_IT0_IRQHandler
                0x080031ec                LPUART1_IRQHandler
                0x080031ec                FDCAN1_IT0_IRQHandler
                0x080031ec                TIM2_IRQHandler
                0x080031ec                OTG_HS_IRQHandler
                0x080031ec                DMA2D_IRQHandler
                0x080031ec                TIM1_BRK_IRQHandler
                0x080031ec                EXTI1_IRQHandler
                0x080031ec                SDMMC2_IRQHandler
                0x080031ec                BDMA_Channel3_IRQHandler
                0x080031ec                DTS_IRQHandler
                0x080031ec                MDIOS_WKUP_IRQHandler
                0x080031ec                DFSDM1_FLT0_IRQHandler
                0x080031ec                SAI4_IRQHandler
                0x080031ec                I2C2_ER_IRQHandler
                0x080031ec                DMA2_Stream1_IRQHandler
                0x080031ec                FLASH_IRQHandler
                0x080031ec                DMA2_Stream4_IRQHandler
                0x080031ec                USART1_IRQHandler
                0x080031ec                SPI3_IRQHandler
                0x080031ec                WAKEUP_PIN_IRQHandler
                0x080031ec                DMA1_Stream4_IRQHandler
                0x080031ec                I2C1_ER_IRQHandler
                0x080031ec                FMC_IRQHandler
                0x080031ec                FDCAN_CAL_IRQHandler
                0x080031ec                SWPMI1_IRQHandler
                0x080031ec                COMP1_IRQHandler
                0x080031ec                LPTIM1_IRQHandler
                0x080031ec                DCMI_PSSI_IRQHandler
                0x080031ec                I2C4_ER_IRQHandler
                0x080031ec                DMA2_Stream6_IRQHandler
                0x080031ec                SAI1_IRQHandler
 *fill*         0x080031ee        0x2 
 .text.HAL_Init
                0x080031f0       0x78 ./Drivers/STM32H7xx_HAL_Driver/Src/stm32h7xx_hal.o
                0x080031f0                HAL_Init
 .text.HAL_InitTick
                0x08003268       0x6c ./Drivers/STM32H7xx_HAL_Driver/Src/stm32h7xx_hal.o
                0x08003268                HAL_InitTick
 .text.HAL_IncTick
                0x080032d4       0x28 ./Drivers/STM32H7xx_HAL_Driver/Src/stm32h7xx_hal.o
                0x080032d4                HAL_IncTick
 .text.HAL_GetTick
                0x080032fc       0x18 ./Drivers/STM32H7xx_HAL_Driver/Src/stm32h7xx_hal.o
                0x080032fc                HAL_GetTick
 .text.__NVIC_SetPriorityGrouping
                0x08003314       0x48 ./Drivers/STM32H7xx_HAL_Driver/Src/stm32h7xx_hal_cortex.o
 .text.__NVIC_GetPriorityGrouping
                0x0800335c       0x1c ./Drivers/STM32H7xx_HAL_Driver/Src/stm32h7xx_hal_cortex.o
 .text.__NVIC_EnableIRQ
                0x08003378       0x3c ./Drivers/STM32H7xx_HAL_Driver/Src/stm32h7xx_hal_cortex.o
 .text.__NVIC_SetPriority
                0x080033b4       0x54 ./Drivers/STM32H7xx_HAL_Driver/Src/stm32h7xx_hal_cortex.o
 .text.NVIC_EncodePriority
                0x08003408       0x66 ./Drivers/STM32H7xx_HAL_Driver/Src/stm32h7xx_hal_cortex.o
 *fill*         0x0800346e        0x2 
 .text.SysTick_Config
                0x08003470       0x44 ./Drivers/STM32H7xx_HAL_Driver/Src/stm32h7xx_hal_cortex.o
 .text.HAL_NVIC_SetPriorityGrouping
                0x080034b4       0x16 ./Drivers/STM32H7xx_HAL_Driver/Src/stm32h7xx_hal_cortex.o
                0x080034b4                HAL_NVIC_SetPriorityGrouping
 .text.HAL_NVIC_SetPriority
                0x080034ca       0x34 ./Drivers/STM32H7xx_HAL_Driver/Src/stm32h7xx_hal_cortex.o
                0x080034ca                HAL_NVIC_SetPriority
 .text.HAL_NVIC_EnableIRQ
                0x080034fe       0x1c ./Drivers/STM32H7xx_HAL_Driver/Src/stm32h7xx_hal_cortex.o
                0x080034fe                HAL_NVIC_EnableIRQ
 .text.HAL_SYSTICK_Config
                0x0800351a       0x18 ./Drivers/STM32H7xx_HAL_Driver/Src/stm32h7xx_hal_cortex.o
                0x0800351a                HAL_SYSTICK_Config
 *fill*         0x08003532        0x2 
 .text.HAL_MPU_Disable
                0x08003534       0x30 ./Drivers/STM32H7xx_HAL_Driver/Src/stm32h7xx_hal_cortex.o
                0x08003534                HAL_MPU_Disable
 .text.HAL_MPU_Enable
                0x08003564       0x40 ./Drivers/STM32H7xx_HAL_Driver/Src/stm32h7xx_hal_cortex.o
                0x08003564                HAL_MPU_Enable
 .text.HAL_MPU_ConfigRegion
                0x080035a4       0x80 ./Drivers/STM32H7xx_HAL_Driver/Src/stm32h7xx_hal_cortex.o
                0x080035a4                HAL_MPU_ConfigRegion
 .text.HAL_DMA_Init
                0x08003624      0x6b0 ./Drivers/STM32H7xx_HAL_Driver/Src/stm32h7xx_hal_dma.o
                0x08003624                HAL_DMA_Init
 .text.HAL_DMA_Start_IT
                0x08003cd4      0x4d4 ./Drivers/STM32H7xx_HAL_Driver/Src/stm32h7xx_hal_dma.o
                0x08003cd4                HAL_DMA_Start_IT
 .text.HAL_DMA_Abort
                0x080041a8      0x63c ./Drivers/STM32H7xx_HAL_Driver/Src/stm32h7xx_hal_dma.o
                0x080041a8                HAL_DMA_Abort
 .text.HAL_DMA_Abort_IT
                0x080047e4      0x48c ./Drivers/STM32H7xx_HAL_Driver/Src/stm32h7xx_hal_dma.o
                0x080047e4                HAL_DMA_Abort_IT
 .text.HAL_DMA_IRQHandler
                0x08004c70      0xe54 ./Drivers/STM32H7xx_HAL_Driver/Src/stm32h7xx_hal_dma.o
                0x08004c70                HAL_DMA_IRQHandler
 .text.HAL_DMA_GetError
                0x08005ac4       0x18 ./Drivers/STM32H7xx_HAL_Driver/Src/stm32h7xx_hal_dma.o
                0x08005ac4                HAL_DMA_GetError
 .text.DMA_SetConfig
                0x08005adc      0x358 ./Drivers/STM32H7xx_HAL_Driver/Src/stm32h7xx_hal_dma.o
 .text.DMA_CalcBaseAndBitshift
                0x08005e34      0x164 ./Drivers/STM32H7xx_HAL_Driver/Src/stm32h7xx_hal_dma.o
 .text.DMA_CheckFifoParam
                0x08005f98       0xf8 ./Drivers/STM32H7xx_HAL_Driver/Src/stm32h7xx_hal_dma.o
 .text.DMA_CalcDMAMUXChannelBaseAndMask
                0x08006090      0x134 ./Drivers/STM32H7xx_HAL_Driver/Src/stm32h7xx_hal_dma.o
 .text.DMA_CalcDMAMUXRequestGenBaseAndMask
                0x080061c4       0xe8 ./Drivers/STM32H7xx_HAL_Driver/Src/stm32h7xx_hal_dma.o
 .text.HAL_GPIO_Init
                0x080062ac      0x364 ./Drivers/STM32H7xx_HAL_Driver/Src/stm32h7xx_hal_gpio.o
                0x080062ac                HAL_GPIO_Init
 .text.HAL_GPIO_TogglePin
                0x08006610       0x34 ./Drivers/STM32H7xx_HAL_Driver/Src/stm32h7xx_hal_gpio.o
                0x08006610                HAL_GPIO_TogglePin
 .text.HAL_PWREx_ConfigSupply
                0x08006644       0x74 ./Drivers/STM32H7xx_HAL_Driver/Src/stm32h7xx_hal_pwr_ex.o
                0x08006644                HAL_PWREx_ConfigSupply
 .text.HAL_RCC_OscConfig
                0x080066b8      0x7b4 ./Drivers/STM32H7xx_HAL_Driver/Src/stm32h7xx_hal_rcc.o
                0x080066b8                HAL_RCC_OscConfig
 .text.HAL_RCC_ClockConfig
                0x08006e6c      0x36c ./Drivers/STM32H7xx_HAL_Driver/Src/stm32h7xx_hal_rcc.o
                0x08006e6c                HAL_RCC_ClockConfig
 .text.HAL_RCC_GetSysClockFreq
                0x080071d8      0x2f4 ./Drivers/STM32H7xx_HAL_Driver/Src/stm32h7xx_hal_rcc.o
                0x080071d8                HAL_RCC_GetSysClockFreq
 .text.HAL_RCC_GetHCLKFreq
                0x080074cc       0x60 ./Drivers/STM32H7xx_HAL_Driver/Src/stm32h7xx_hal_rcc.o
                0x080074cc                HAL_RCC_GetHCLKFreq
 .text.HAL_RCC_GetPCLK1Freq
                0x0800752c       0x2c ./Drivers/STM32H7xx_HAL_Driver/Src/stm32h7xx_hal_rcc.o
                0x0800752c                HAL_RCC_GetPCLK1Freq
 .text.HAL_RCC_GetPCLK2Freq
                0x08007558       0x2c ./Drivers/STM32H7xx_HAL_Driver/Src/stm32h7xx_hal_rcc.o
                0x08007558                HAL_RCC_GetPCLK2Freq
 .text.HAL_RCCEx_PeriphCLKConfig
                0x08007584     0x1340 ./Drivers/STM32H7xx_HAL_Driver/Src/stm32h7xx_hal_rcc_ex.o
                0x08007584                HAL_RCCEx_PeriphCLKConfig
 .text.HAL_RCCEx_GetD3PCLK1Freq
                0x080088c4       0x2c ./Drivers/STM32H7xx_HAL_Driver/Src/stm32h7xx_hal_rcc_ex.o
                0x080088c4                HAL_RCCEx_GetD3PCLK1Freq
 .text.HAL_RCCEx_GetPLL2ClockFreq
                0x080088f0      0x2a8 ./Drivers/STM32H7xx_HAL_Driver/Src/stm32h7xx_hal_rcc_ex.o
                0x080088f0                HAL_RCCEx_GetPLL2ClockFreq
 .text.HAL_RCCEx_GetPLL3ClockFreq
                0x08008b98      0x2a8 ./Drivers/STM32H7xx_HAL_Driver/Src/stm32h7xx_hal_rcc_ex.o
                0x08008b98                HAL_RCCEx_GetPLL3ClockFreq
 .text.RCCEx_PLL2_Config
                0x08008e40      0x164 ./Drivers/STM32H7xx_HAL_Driver/Src/stm32h7xx_hal_rcc_ex.o
 .text.RCCEx_PLL3_Config
                0x08008fa4      0x164 ./Drivers/STM32H7xx_HAL_Driver/Src/stm32h7xx_hal_rcc_ex.o
 .text.HAL_UART_Init
                0x08009108       0xa0 ./Drivers/STM32H7xx_HAL_Driver/Src/stm32h7xx_hal_uart.o
                0x08009108                HAL_UART_Init
 .text.HAL_UART_Transmit
                0x080091a8      0x132 ./Drivers/STM32H7xx_HAL_Driver/Src/stm32h7xx_hal_uart.o
                0x080091a8                HAL_UART_Transmit
 *fill*         0x080092da        0x2 
 .text.HAL_UART_Receive_IT
                0x080092dc       0x98 ./Drivers/STM32H7xx_HAL_Driver/Src/stm32h7xx_hal_uart.o
                0x080092dc                HAL_UART_Receive_IT
 .text.HAL_UART_AbortReceive
                0x08009374      0x164 ./Drivers/STM32H7xx_HAL_Driver/Src/stm32h7xx_hal_uart.o
                0x08009374                HAL_UART_AbortReceive
 .text.HAL_UART_IRQHandler
                0x080094d8      0x7ac ./Drivers/STM32H7xx_HAL_Driver/Src/stm32h7xx_hal_uart.o
                0x080094d8                HAL_UART_IRQHandler
 .text.HAL_UART_TxCpltCallback
                0x08009c84       0x14 ./Drivers/STM32H7xx_HAL_Driver/Src/stm32h7xx_hal_uart.o
                0x08009c84                HAL_UART_TxCpltCallback
 .text.HAL_UART_RxHalfCpltCallback
                0x08009c98       0x14 ./Drivers/STM32H7xx_HAL_Driver/Src/stm32h7xx_hal_uart.o
                0x08009c98                HAL_UART_RxHalfCpltCallback
 .text.UART_SetConfig
                0x08009cac      0xcd8 ./Drivers/STM32H7xx_HAL_Driver/Src/stm32h7xx_hal_uart.o
                0x08009cac                UART_SetConfig
 .text.UART_AdvFeatureConfig
                0x0800a984      0x144 ./Drivers/STM32H7xx_HAL_Driver/Src/stm32h7xx_hal_uart.o
                0x0800a984                UART_AdvFeatureConfig
 .text.UART_CheckIdleState
                0x0800aac8      0x154 ./Drivers/STM32H7xx_HAL_Driver/Src/stm32h7xx_hal_uart.o
                0x0800aac8                UART_CheckIdleState
 .text.UART_WaitOnFlagUntilTimeout
                0x0800ac1c       0xda ./Drivers/STM32H7xx_HAL_Driver/Src/stm32h7xx_hal_uart.o
                0x0800ac1c                UART_WaitOnFlagUntilTimeout
 *fill*         0x0800acf6        0x2 
 .text.UART_Start_Receive_IT
                0x0800acf8      0x244 ./Drivers/STM32H7xx_HAL_Driver/Src/stm32h7xx_hal_uart.o
                0x0800acf8                UART_Start_Receive_IT
 .text.UART_Start_Receive_DMA
                0x0800af3c      0x14c ./Drivers/STM32H7xx_HAL_Driver/Src/stm32h7xx_hal_uart.o
                0x0800af3c                UART_Start_Receive_DMA
 .text.UART_EndTxTransfer
                0x0800b088       0x82 ./Drivers/STM32H7xx_HAL_Driver/Src/stm32h7xx_hal_uart.o
 *fill*         0x0800b10a        0x2 
 .text.UART_EndRxTransfer
                0x0800b10c       0xcc ./Drivers/STM32H7xx_HAL_Driver/Src/stm32h7xx_hal_uart.o
 .text.UART_DMAReceiveCplt
                0x0800b1d8      0x24c ./Drivers/STM32H7xx_HAL_Driver/Src/stm32h7xx_hal_uart.o
 .text.UART_DMARxHalfCplt
                0x0800b424      0x160 ./Drivers/STM32H7xx_HAL_Driver/Src/stm32h7xx_hal_uart.o
 .text.UART_DMAError
                0x0800b584       0x70 ./Drivers/STM32H7xx_HAL_Driver/Src/stm32h7xx_hal_uart.o
 .text.UART_DMAAbortOnError
                0x0800b5f4       0x1c ./Drivers/STM32H7xx_HAL_Driver/Src/stm32h7xx_hal_uart.o
 .text.UART_EndTransmit_IT
                0x0800b610       0x56 ./Drivers/STM32H7xx_HAL_Driver/Src/stm32h7xx_hal_uart.o
 *fill*         0x0800b666        0x2 
 .text.UART_RxISR_8BIT
                0x0800b668      0x1b8 ./Drivers/STM32H7xx_HAL_Driver/Src/stm32h7xx_hal_uart.o
 .text.UART_RxISR_16BIT
                0x0800b820      0x1b8 ./Drivers/STM32H7xx_HAL_Driver/Src/stm32h7xx_hal_uart.o
 .text.UART_RxISR_8BIT_FIFOEN
                0x0800b9d8      0x364 ./Drivers/STM32H7xx_HAL_Driver/Src/stm32h7xx_hal_uart.o
 .text.UART_RxISR_16BIT_FIFOEN
                0x0800bd3c      0x36c ./Drivers/STM32H7xx_HAL_Driver/Src/stm32h7xx_hal_uart.o
 .text.HAL_UARTEx_WakeupCallback
                0x0800c0a8       0x14 ./Drivers/STM32H7xx_HAL_Driver/Src/stm32h7xx_hal_uart_ex.o
                0x0800c0a8                HAL_UARTEx_WakeupCallback
 .text.HAL_UARTEx_RxFifoFullCallback
                0x0800c0bc       0x14 ./Drivers/STM32H7xx_HAL_Driver/Src/stm32h7xx_hal_uart_ex.o
                0x0800c0bc                HAL_UARTEx_RxFifoFullCallback
 .text.HAL_UARTEx_TxFifoEmptyCallback
                0x0800c0d0       0x14 ./Drivers/STM32H7xx_HAL_Driver/Src/stm32h7xx_hal_uart_ex.o
                0x0800c0d0                HAL_UARTEx_TxFifoEmptyCallback
 .text.HAL_UARTEx_DisableFifoMode
                0x0800c0e4       0x72 ./Drivers/STM32H7xx_HAL_Driver/Src/stm32h7xx_hal_uart_ex.o
                0x0800c0e4                HAL_UARTEx_DisableFifoMode
 .text.HAL_UARTEx_SetTxFifoThreshold
                0x0800c156       0x7c ./Drivers/STM32H7xx_HAL_Driver/Src/stm32h7xx_hal_uart_ex.o
                0x0800c156                HAL_UARTEx_SetTxFifoThreshold
 .text.HAL_UARTEx_SetRxFifoThreshold
                0x0800c1d2       0x7c ./Drivers/STM32H7xx_HAL_Driver/Src/stm32h7xx_hal_uart_ex.o
                0x0800c1d2                HAL_UARTEx_SetRxFifoThreshold
 .text.HAL_UARTEx_ReceiveToIdle_DMA
                0x0800c24e       0xa8 ./Drivers/STM32H7xx_HAL_Driver/Src/stm32h7xx_hal_uart_ex.o
                0x0800c24e                HAL_UARTEx_ReceiveToIdle_DMA
 *fill*         0x0800c2f6        0x2 
 .text.UARTEx_SetNbDataToProcess
                0x0800c2f8       0x9c ./Drivers/STM32H7xx_HAL_Driver/Src/stm32h7xx_hal_uart_ex.o
 .text.atoi     0x0800c394        0x8 /opt/stm32cubeide/plugins/com.st.stm32cube.ide.mcu.externaltools.gnu-tools-for-stm32.14.3.rel1.linux64_1.0.100.202602081740/tools/bin/../lib/gcc/arm-none-eabi/14.3.1/../../../../arm-none-eabi/lib/thumb/v7e-m+dp/hard/libc_nano.a(libc_a-atoi.o)
                0x0800c394                atoi
 .text._strtol_l.isra.0
                0x0800c39c       0xf4 /opt/stm32cubeide/plugins/com.st.stm32cube.ide.mcu.externaltools.gnu-tools-for-stm32.14.3.rel1.linux64_1.0.100.202602081740/tools/bin/../lib/gcc/arm-none-eabi/14.3.1/../../../../arm-none-eabi/lib/thumb/v7e-m+dp/hard/libc_nano.a(libc_a-strtol.o)
 .text.strtol   0x0800c490       0x14 /opt/stm32cubeide/plugins/com.st.stm32cube.ide.mcu.externaltools.gnu-tools-for-stm32.14.3.rel1.linux64_1.0.100.202602081740/tools/bin/../lib/gcc/arm-none-eabi/14.3.1/../../../../arm-none-eabi/lib/thumb/v7e-m+dp/hard/libc_nano.a(libc_a-strtol.o)
                0x0800c490                strtol
 .text.snprintf
                0x0800c4a4       0x6c /opt/stm32cubeide/plugins/com.st.stm32cube.ide.mcu.externaltools.gnu-tools-for-stm32.14.3.rel1.linux64_1.0.100.202602081740/tools/bin/../lib/gcc/arm-none-eabi/14.3.1/../../../../arm-none-eabi/lib/thumb/v7e-m+dp/hard/libc_nano.a(libc_a-snprintf.o)
                0x0800c4a4                snprintf
                0x0800c4a4                sniprintf
 .text._vsnprintf_r
                0x0800c510       0x5c /opt/stm32cubeide/plugins/com.st.stm32cube.ide.mcu.externaltools.gnu-tools-for-stm32.14.3.rel1.linux64_1.0.100.202602081740/tools/bin/../lib/gcc/arm-none-eabi/14.3.1/../../../../arm-none-eabi/lib/thumb/v7e-m+dp/hard/libc_nano.a(libc_a-vsnprintf.o)
                0x0800c510                _vsnprintf_r
                0x0800c510                _vsniprintf_r
 .text.vsnprintf
                0x0800c56c       0x1c /opt/stm32cubeide/plugins/com.st.stm32cube.ide.mcu.externaltools.gnu-tools-for-stm32.14.3.rel1.linux64_1.0.100.202602081740/tools/bin/../lib/gcc/arm-none-eabi/14.3.1/../../../../arm-none-eabi/lib/thumb/v7e-m+dp/hard/libc_nano.a(libc_a-vsnprintf.o)
                0x0800c56c                vsnprintf
                0x0800c56c                vsniprintf
 .text.memmove  0x0800c588       0x32 /opt/stm32cubeide/plugins/com.st.stm32cube.ide.mcu.externaltools.gnu-tools-for-stm32.14.3.rel1.linux64_1.0.100.202602081740/tools/bin/../lib/gcc/arm-none-eabi/14.3.1/../../../../arm-none-eabi/lib/thumb/v7e-m+dp/hard/libc_nano.a(libc_a-memmove.o)
                0x0800c588                memmove
 .text.memset   0x0800c5ba       0x10 /opt/stm32cubeide/plugins/com.st.stm32cube.ide.mcu.externaltools.gnu-tools-for-stm32.14.3.rel1.linux64_1.0.100.202602081740/tools/bin/../lib/gcc/arm-none-eabi/14.3.1/../../../../arm-none-eabi/lib/thumb/v7e-m+dp/hard/libc_nano.a(libc_a-memset.o)
                0x0800c5ba                memset
 *fill*         0x0800c5ca        0x2 
 .text.__errno  0x0800c5cc        0xc /opt/stm32cubeide/plugins/com.st.stm32cube.ide.mcu.externaltools.gnu-tools-for-stm32.14.3.rel1.linux64_1.0.100.202602081740/tools/bin/../lib/gcc/arm-none-eabi/14.3.1/../../../../arm-none-eabi/lib/thumb/v7e-m+dp/hard/libc_nano.a(libc_a-errno.o)
                0x0800c5cc                __errno
 .text.__libc_init_array
                0x0800c5d8       0x48 /opt/stm32cubeide/plugins/com.st.stm32cube.ide.mcu.externaltools.gnu-tools-for-stm32.14.3.rel1.linux64_1.0.100.202602081740/tools/bin/../lib/gcc/arm-none-eabi/14.3.1/../../../../arm-none-eabi/lib/thumb/v7e-m+dp/hard/libc_nano.a(libc_a-init.o)
                0x0800c5d8                __libc_init_array
 .text.__retarget_lock_acquire_recursive
                0x0800c620        0x2 /opt/stm32cubeide/plugins/com.st.stm32cube.ide.mcu.externaltools.gnu-tools-for-stm32.14.3.rel1.linux64_1.0.100.202602081740/tools/bin/../lib/gcc/arm-none-eabi/14.3.1/../../../../arm-none-eabi/lib/thumb/v7e-m+dp/hard/libc_nano.a(libc_a-lock.o)
                0x0800c620                __retarget_lock_acquire_recursive
 .text.__retarget_lock_release_recursive
                0x0800c622        0x2 /opt/stm32cubeide/plugins/com.st.stm32cube.ide.mcu.externaltools.gnu-tools-for-stm32.14.3.rel1.linux64_1.0.100.202602081740/tools/bin/../lib/gcc/arm-none-eabi/14.3.1/../../../../arm-none-eabi/lib/thumb/v7e-m+dp/hard/libc_nano.a(libc_a-lock.o)
                0x0800c622                __retarget_lock_release_recursive
 .text.memcpy   0x0800c624       0x1c /opt/stm32cubeide/plugins/com.st.stm32cube.ide.mcu.externaltools.gnu-tools-for-stm32.14.3.rel1.linux64_1.0.100.202602081740/tools/bin/../lib/gcc/arm-none-eabi/14.3.1/../../../../arm-none-eabi/lib/thumb/v7e-m+dp/hard/libc_nano.a(libc_a-memcpy-stub.o)
                0x0800c624                memcpy
 .text._free_r  0x0800c640       0x94 /opt/stm32cubeide/plugins/com.st.stm32cube.ide.mcu.externaltools.gnu-tools-for-stm32.14.3.rel1.linux64_1.0.100.202602081740/tools/bin/../lib/gcc/arm-none-eabi/14.3.1/../../../../arm-none-eabi/lib/thumb/v7e-m+dp/hard/libc_nano.a(libc_a-freer.o)
                0x0800c640                _free_r
 .text.sbrk_aligned
                0x0800c6d4       0x44 /opt/stm32cubeide/plugins/com.st.stm32cube.ide.mcu.externaltools.gnu-tools-for-stm32.14.3.rel1.linux64_1.0.100.202602081740/tools/bin/../lib/gcc/arm-none-eabi/14.3.1/../../../../arm-none-eabi/lib/thumb/v7e-m+dp/hard/libc_nano.a(libc_a-mallocr.o)
 .text._malloc_r
                0x0800c718      0x100 /opt/stm32cubeide/plugins/com.st.stm32cube.ide.mcu.externaltools.gnu-tools-for-stm32.14.3.rel1.linux64_1.0.100.202602081740/tools/bin/../lib/gcc/arm-none-eabi/14.3.1/../../../../arm-none-eabi/lib/thumb/v7e-m+dp/hard/libc_nano.a(libc_a-mallocr.o)
                0x0800c718                _malloc_r
 .text.__malloc_lock
                0x0800c818        0xc /opt/stm32cubeide/plugins/com.st.stm32cube.ide.mcu.externaltools.gnu-tools-for-stm32.14.3.rel1.linux64_1.0.100.202602081740/tools/bin/../lib/gcc/arm-none-eabi/14.3.1/../../../../arm-none-eabi/lib/thumb/v7e-m+dp/hard/libc_nano.a(libc_a-mlock.o)
                0x0800c818                __malloc_lock
 .text.__malloc_unlock
                0x0800c824        0xc /opt/stm32cubeide/plugins/com.st.stm32cube.ide.mcu.externaltools.gnu-tools-for-stm32.14.3.rel1.linux64_1.0.100.202602081740/tools/bin/../lib/gcc/arm-none-eabi/14.3.1/../../../../arm-none-eabi/lib/thumb/v7e-m+dp/hard/libc_nano.a(libc_a-mlock.o)
                0x0800c824                __malloc_unlock
 .text.__ssputs_r
                0x0800c830       0xc0 /opt/stm32cubeide/plugins/com.st.stm32cube.ide.mcu.externaltools.gnu-tools-for-stm32.14.3.rel1.linux64_1.0.100.202602081740/tools/bin/../lib/gcc/arm-none-eabi/14.3.1/../../../../arm-none-eabi/lib/thumb/v7e-m+dp/hard/libc_nano.a(libc_a-nano-svfprintf.o)
                0x0800c830                __ssputs_r
 .text._svfprintf_r
                0x0800c8f0      0x1f0 /opt/stm32cubeide/plugins/com.st.stm32cube.ide.mcu.externaltools.gnu-tools-for-stm32.14.3.rel1.linux64_1.0.100.202602081740/tools/bin/../lib/gcc/arm-none-eabi/14.3.1/../../../../arm-none-eabi/lib/thumb/v7e-m+dp/hard/libc_nano.a(libc_a-nano-svfprintf.o)
                0x0800c8f0                _svfprintf_r
                0x0800c8f0                _svfiprintf_r
 .text._printf_common
                0x0800cae0       0xda /opt/stm32cubeide/plugins/com.st.stm32cube.ide.mcu.externaltools.gnu-tools-for-stm32.14.3.rel1.linux64_1.0.100.202602081740/tools/bin/../lib/gcc/arm-none-eabi/14.3.1/../../../../arm-none-eabi/lib/thumb/v7e-m+dp/hard/libc_nano.a(libc_a-nano-vfprintf_i.o)
                0x0800cae0                _printf_common
 *fill*         0x0800cbba        0x2 
 .text._printf_i
                0x0800cbbc      0x24c /opt/stm32cubeide/plugins/com.st.stm32cube.ide.mcu.externaltools.gnu-tools-for-stm32.14.3.rel1.linux64_1.0.100.202602081740/tools/bin/../lib/gcc/arm-none-eabi/14.3.1/../../../../arm-none-eabi/lib/thumb/v7e-m+dp/hard/libc_nano.a(libc_a-nano-vfprintf_i.o)
                0x0800cbbc                _printf_i
 .text._sbrk_r  0x0800ce08       0x20 /opt/stm32cubeide/plugins/com.st.stm32cube.ide.mcu.externaltools.gnu-tools-for-stm32.14.3.rel1.linux64_1.0.100.202602081740/tools/bin/../lib/gcc/arm-none-eabi/14.3.1/../../../../arm-none-eabi/lib/thumb/v7e-m+dp/hard/libc_nano.a(libc_a-sbrkr.o)
                0x0800ce08                _sbrk_r
 .text._realloc_r
                0x0800ce28       0x5c /opt/stm32cubeide/plugins/com.st.stm32cube.ide.mcu.externaltools.gnu-tools-for-stm32.14.3.rel1.linux64_1.0.100.202602081740/tools/bin/../lib/gcc/arm-none-eabi/14.3.1/../../../../arm-none-eabi/lib/thumb/v7e-m+dp/hard/libc_nano.a(libc_a-reallocr.o)
                0x0800ce28                _realloc_r
 .text._malloc_usable_size_r
                0x0800ce84       0x10 /opt/stm32cubeide/plugins/com.st.stm32cube.ide.mcu.externaltools.gnu-tools-for-stm32.14.3.rel1.linux64_1.0.100.202602081740/tools/bin/../lib/gcc/arm-none-eabi/14.3.1/../../../../arm-none-eabi/lib/thumb/v7e-m+dp/hard/libc_nano.a(libc_a-msizer.o)
                0x0800ce84                _malloc_usable_size_r
 *(.glue_7)
 .glue_7        0x0800ce94        0x0 linker stubs
 *(.glue_7t)
 .glue_7t       0x0800ce94        0x0 linker stubs
 *(.eh_frame)
 .eh_frame      0x0800ce94        0x0 /opt/stm32cubeide/plugins/com.st.stm32cube.ide.mcu.externaltools.gnu-tools-for-stm32.14.3.rel1.linux64_1.0.100.202602081740/tools/bin/../lib/gcc/arm-none-eabi/14.3.1/thumb/v7e-m+dp/hard/crtbegin.o
 *(.init)
 .init          0x0800ce94        0x4 /opt/stm32cubeide/plugins/com.st.stm32cube.ide.mcu.externaltools.gnu-tools-for-stm32.14.3.rel1.linux64_1.0.100.202602081740/tools/bin/../lib/gcc/arm-none-eabi/14.3.1/thumb/v7e-m+dp/hard/crti.o
                0x0800ce94                _init
 .init          0x0800ce98        0x8 /opt/stm32cubeide/plugins/com.st.stm32cube.ide.mcu.externaltools.gnu-tools-for-stm32.14.3.rel1.linux64_1.0.100.202602081740/tools/bin/../lib/gcc/arm-none-eabi/14.3.1/thumb/v7e-m+dp/hard/crtn.o
 *(.fini)
 .fini          0x0800cea0        0x4 /opt/stm32cubeide/plugins/com.st.stm32cube.ide.mcu.externaltools.gnu-tools-for-stm32.14.3.rel1.linux64_1.0.100.202602081740/tools/bin/../lib/gcc/arm-none-eabi/14.3.1/thumb/v7e-m+dp/hard/crti.o
                0x0800cea0                _fini
 .fini          0x0800cea4        0x8 /opt/stm32cubeide/plugins/com.st.stm32cube.ide.mcu.externaltools.gnu-tools-for-stm32.14.3.rel1.linux64_1.0.100.202602081740/tools/bin/../lib/gcc/arm-none-eabi/14.3.1/thumb/v7e-m+dp/hard/crtn.o
                0x0800ceac                        . = ALIGN (0x4)
                0x0800ceac                        _etext = .

.vfp11_veneer   0x0800ceac        0x0
 .vfp11_veneer  0x0800ceac        0x0 linker stubs

.v4_bx          0x0800ceac        0x0
 .v4_bx         0x0800ceac        0x0 linker stubs

.iplt           0x0800ceac        0x0
 .iplt          0x0800ceac        0x0 /opt/stm32cubeide/plugins/com.st.stm32cube.ide.mcu.externaltools.gnu-tools-for-stm32.14.3.rel1.linux64_1.0.100.202602081740/tools/bin/../lib/gcc/arm-none-eabi/14.3.1/thumb/v7e-m+dp/hard/crtbegin.o

.rodata         0x0800ceac      0x9d8
                0x0800ceac                        . = ALIGN (0x4)
 *(.rodata)
 .rodata        0x0800ceac       0x10 ./Core/Src/motor_dispatcher.o
 .rodata        0x0800cebc       0x17 ./Core/Src/motor_protocol.o
 *fill*         0x0800ced3        0x1 
 .rodata        0x0800ced4       0x82 ./Core/Src/terminal_parser.o
 *(.rodata*)
 *fill*         0x0800cf56        0x2 
 .rodata.AckManager_Update.str1.4
                0x0800cf58      0x7b7 ./Core/Src/ack_manager.o
                                 0x47 (size before relaxing)
 .rodata.str1.4
                0x0800d70f       0x1e ./Core/Src/logger.o
 .rodata.Logger_Log.str1.4
                0x0800d70f        0x6 ./Core/Src/logger.o
 .rodata.main.str1.4
                0x0800d70f      0x4b0 ./Core/Src/main.o
 .rodata.MotionController_Execute.str1.4
                0x0800d70f       0x16 ./Core/Src/motion_controller.o
 .rodata.MotionController_Stop.str1.4
                0x0800d70f        0xd ./Core/Src/motion_controller.o
 .rodata.MotorDispatcher_Send.str1.4
                0x0800d70f       0x5b ./Core/Src/motor_dispatcher.o
 .rodata.MotorDispatcher_SendRaw.str1.4
                0x0800d70f       0x14 ./Core/Src/motor_dispatcher.o
 .rodata.str1.4
                0x0800d70f       0x4e ./Core/Src/motor_uart_dma.o
 .rodata.ReportUartError.str1.4
                0x0800d70f       0xfb ./Core/Src/motor_uart_dma.o
 .rodata.ProcessDmaRestart.str1.4
                0x0800d70f       0x49 ./Core/Src/motor_uart_dma.o
 .rodata.StartDmaRx.str1.4
                0x0800d70f       0x43 ./Core/Src/motor_uart_dma.o
 .rodata.MotorUartDma_Update.str1.4
                0x0800d70f       0x2c ./Core/Src/motor_uart_dma.o
 .rodata.SafetyManager_Update.str1.4
                0x0800d70f       0x13 ./Core/Src/safety_manager.o
 *fill*         0x0800d70f        0x1 
 .rodata.D1CorePrescTable
                0x0800d710       0x10 ./Core/Src/system_stm32h7xx.o
                0x0800d710                D1CorePrescTable
 .rodata.flagBitshiftOffset.0
                0x0800d720        0x8 ./Drivers/STM32H7xx_HAL_Driver/Src/stm32h7xx_hal_dma.o
 .rodata.UARTPrescTable
                0x0800d728       0x18 ./Drivers/STM32H7xx_HAL_Driver/Src/stm32h7xx_hal_uart.o
                0x0800d728                UARTPrescTable
 .rodata.numerator.1
                0x0800d740        0x8 ./Drivers/STM32H7xx_HAL_Driver/Src/stm32h7xx_hal_uart_ex.o
 .rodata.denominator.0
                0x0800d748        0x8 ./Drivers/STM32H7xx_HAL_Driver/Src/stm32h7xx_hal_uart_ex.o
 .rodata._ctype_
                0x0800d750      0x101 /opt/stm32cubeide/plugins/com.st.stm32cube.ide.mcu.externaltools.gnu-tools-for-stm32.14.3.rel1.linux64_1.0.100.202602081740/tools/bin/../lib/gcc/arm-none-eabi/14.3.1/../../../../arm-none-eabi/lib/thumb/v7e-m+dp/hard/libc_nano.a(libc_a-ctype_.o)
                0x0800d750                _ctype_
 .rodata._svfprintf_r.str1.1
                0x0800d851       0x33 /opt/stm32cubeide/plugins/com.st.stm32cube.ide.mcu.externaltools.gnu-tools-for-stm32.14.3.rel1.linux64_1.0.100.202602081740/tools/bin/../lib/gcc/arm-none-eabi/14.3.1/../../../../arm-none-eabi/lib/thumb/v7e-m+dp/hard/libc_nano.a(libc_a-nano-svfprintf.o)
                                 0x11 (size before relaxing)
 .rodata._printf_i.str1.1
                0x0800d884       0x22 /opt/stm32cubeide/plugins/com.st.stm32cube.ide.mcu.externaltools.gnu-tools-for-stm32.14.3.rel1.linux64_1.0.100.202602081740/tools/bin/../lib/gcc/arm-none-eabi/14.3.1/../../../../arm-none-eabi/lib/thumb/v7e-m+dp/hard/libc_nano.a(libc_a-nano-vfprintf_i.o)
                0x0800d8a8                        . = ALIGN (0x4)

.ARM.extab
 *(.ARM.extab* .gnu.linkonce.armextab.*)

.ARM            0x0800d884        0x8
                0x0800d884                        __exidx_start = .
 *(.ARM.exidx*)
 .ARM.exidx     0x0800d884        0x8 /opt/stm32cubeide/plugins/com.st.stm32cube.ide.mcu.externaltools.gnu-tools-for-stm32.14.3.rel1.linux64_1.0.100.202602081740/tools/bin/../lib/gcc/arm-none-eabi/14.3.1/../../../../arm-none-eabi/lib/thumb/v7e-m+dp/hard/libc_nano.a(libc_a-strcmp.o)
 .ARM.exidx     0x0800d88c        0x0 /opt/stm32cubeide/plugins/com.st.stm32cube.ide.mcu.externaltools.gnu-tools-for-stm32.14.3.rel1.linux64_1.0.100.202602081740/tools/bin/../lib/gcc/arm-none-eabi/14.3.1/../../../../arm-none-eabi/lib/thumb/v7e-m+dp/hard/libc_nano.a(libc_a-strlen.o)
                                  0x8 (size before relaxing)
 .ARM.exidx     0x0800d88c        0x0 /opt/stm32cubeide/plugins/com.st.stm32cube.ide.mcu.externaltools.gnu-tools-for-stm32.14.3.rel1.linux64_1.0.100.202602081740/tools/bin/../lib/gcc/arm-none-eabi/14.3.1/../../../../arm-none-eabi/lib/thumb/v7e-m+dp/hard/libc_nano.a(libc_a-memchr.o)
                                  0x8 (size before relaxing)
 .ARM.exidx     0x0800d88c        0x0 /opt/stm32cubeide/plugins/com.st.stm32cube.ide.mcu.externaltools.gnu-tools-for-stm32.14.3.rel1.linux64_1.0.100.202602081740/tools/bin/../lib/gcc/arm-none-eabi/14.3.1/thumb/v7e-m+dp/hard/libgcc.a(_udivmoddi4.o)
                                  0x8 (size before relaxing)
                0x0800d88c                        __exidx_end = .

.preinit_array  0x0800d88c        0x0
                0x0800d88c                        PROVIDE (__preinit_array_start = .)
 *(.preinit_array*)
                0x0800d88c                        PROVIDE (__preinit_array_end = .)

.init_array     0x0800d88c        0x4
                0x0800d88c                        PROVIDE (__init_array_start = .)
 *(SORT_BY_NAME(.init_array.*))
 *(.init_array*)
 .init_array    0x0800d88c        0x4 /opt/stm32cubeide/plugins/com.st.stm32cube.ide.mcu.externaltools.gnu-tools-for-stm32.14.3.rel1.linux64_1.0.100.202602081740/tools/bin/../lib/gcc/arm-none-eabi/14.3.1/thumb/v7e-m+dp/hard/crtbegin.o
                0x0800d890                        PROVIDE (__init_array_end = .)

.fini_array     0x0800d890        0x4
                [!provide]                        PROVIDE (__fini_array_start = .)
 *(SORT_BY_NAME(.fini_array.*))
 *(.fini_array*)
 .fini_array    0x0800d890        0x4 /opt/stm32cubeide/plugins/com.st.stm32cube.ide.mcu.externaltools.gnu-tools-for-stm32.14.3.rel1.linux64_1.0.100.202602081740/tools/bin/../lib/gcc/arm-none-eabi/14.3.1/thumb/v7e-m+dp/hard/crtbegin.o
                [!provide]                        PROVIDE (__fini_array_end = .)
                0x0800d894                        _sidata = LOADADDR (.data)

.rel.dyn        0x0800d894        0x0
 .rel.iplt      0x0800d894        0x0 /opt/stm32cubeide/plugins/com.st.stm32cube.ide.mcu.externaltools.gnu-tools-for-stm32.14.3.rel1.linux64_1.0.100.202602081740/tools/bin/../lib/gcc/arm-none-eabi/14.3.1/thumb/v7e-m+dp/hard/crtbegin.o

.data           0x24000000      0x100 load address 0x0800d894
                0x24000000                        . = ALIGN (0x4)
                0x24000000                        _sdata = .
 *(.data)
 *(.data*)
 .data.levelStr
                0x24000000       0x10 ./Core/Src/logger.o
 .data.slotLabel
                0x24000010       0x10 ./Core/Src/motor_uart_dma.o
 .data.diag     0x24000020       0x80 ./Core/Src/motor_uart_dma.o
 .data.SystemCoreClock
                0x240000a0        0x4 ./Core/Src/system_stm32h7xx.o
                0x240000a0                SystemCoreClock
 .data.SystemD2Clock
                0x240000a4        0x4 ./Core/Src/system_stm32h7xx.o
                0x240000a4                SystemD2Clock
 .data.uwTickPrio
                0x240000a8        0x4 ./Drivers/STM32H7xx_HAL_Driver/Src/stm32h7xx_hal.o
                0x240000a8                uwTickPrio
 .data.uwTickFreq
                0x240000ac        0x1 ./Drivers/STM32H7xx_HAL_Driver/Src/stm32h7xx_hal.o
                0x240000ac                uwTickFreq
 *fill*         0x240000ad        0x3 
 .data._impure_ptr
                0x240000b0        0x4 /opt/stm32cubeide/plugins/com.st.stm32cube.ide.mcu.externaltools.gnu-tools-for-stm32.14.3.rel1.linux64_1.0.100.202602081740/tools/bin/../lib/gcc/arm-none-eabi/14.3.1/../../../../arm-none-eabi/lib/thumb/v7e-m+dp/hard/libc_nano.a(libc_a-impure.o)
                0x240000b0                _impure_ptr
 .data._impure_data
                0x240000b4       0x4c /opt/stm32cubeide/plugins/com.st.stm32cube.ide.mcu.externaltools.gnu-tools-for-stm32.14.3.rel1.linux64_1.0.100.202602081740/tools/bin/../lib/gcc/arm-none-eabi/14.3.1/../../../../arm-none-eabi/lib/thumb/v7e-m+dp/hard/libc_nano.a(libc_a-impure.o)
                0x240000b4                _impure_data
 *(.RamFunc)
 *(.RamFunc*)
                0x24000100                        . = ALIGN (0x4)
                0x24000100                        _edata = .

.igot.plt       0x24000100        0x0 load address 0x0800d994
 .igot.plt      0x24000100        0x0 /opt/stm32cubeide/plugins/com.st.stm32cube.ide.mcu.externaltools.gnu-tools-for-stm32.14.3.rel1.linux64_1.0.100.202602081740/tools/bin/../lib/gcc/arm-none-eabi/14.3.1/thumb/v7e-m+dp/hard/crtbegin.o
                0x24000100                        . = ALIGN (0x4)

.bss            0x24000100      0xa60 load address 0x0800d994
                0x24000100                        _sbss = .
                0x24000100                        __bss_start__ = _sbss
 *(.bss)
 .bss           0x24000100       0x1c /opt/stm32cubeide/plugins/com.st.stm32cube.ide.mcu.externaltools.gnu-tools-for-stm32.14.3.rel1.linux64_1.0.100.202602081740/tools/bin/../lib/gcc/arm-none-eabi/14.3.1/thumb/v7e-m+dp/hard/crtbegin.o
 *(.bss*)
 .bss.pendingAcks
                0x2400011c       0x20 ./Core/Src/ack_manager.o
 .bss.txBuf     0x2400013c      0x100 ./Core/Src/logger.o
 .bss.huart4    0x2400023c       0x94 ./Core/Src/main.o
                0x2400023c                huart4
 .bss.huart5    0x240002d0       0x94 ./Core/Src/main.o
                0x240002d0                huart5
 .bss.huart7    0x24000364       0x94 ./Core/Src/main.o
                0x24000364                huart7
 .bss.huart2    0x240003f8       0x94 ./Core/Src/main.o
                0x240003f8                huart2
 .bss.huart3    0x2400048c       0x94 ./Core/Src/main.o
                0x2400048c                huart3
 .bss.hdma_uart4_rx
                0x24000520       0x78 ./Core/Src/main.o
                0x24000520                hdma_uart4_rx
 .bss.hdma_uart5_rx
                0x24000598       0x78 ./Core/Src/main.o
                0x24000598                hdma_uart5_rx
 .bss.hdma_uart7_rx
                0x24000610       0x78 ./Core/Src/main.o
                0x24000610                hdma_uart7_rx
 .bss.hdma_usart2_rx
                0x24000688       0x78 ./Core/Src/main.o
                0x24000688                hdma_usart2_rx
 .bss.termResult
                0x24000700        0x4 ./Core/Src/main.o
 .bss.controlMode
                0x24000704        0x1 ./Core/Src/main.o
 *fill*         0x24000705        0x3 
 .bss.motorCmds
                0x24000708        0x8 ./Core/Src/motion_controller.o
 .bss.motorLinks
                0x24000710       0x30 ./Core/Src/motor_dispatcher.o
 .bss.txBuf     0x24000740       0x20 ./Core/Src/motor_dispatcher.o
 .bss.rxSlot    0x24000760      0x218 ./Core/Src/motor_uart_dma.o
 .bss.lastRxTick
                0x24000978       0x10 ./Core/Src/safety_manager.o
 .bss.linkLost  0x24000988        0x4 ./Core/Src/safety_manager.o
 .bss.__sbrk_heap_end
                0x2400098c        0x4 ./Core/Src/sysmem.o
 .bss.lineBuf   0x24000990       0x80 ./Core/Src/terminal_if.o
 .bss.linePos   0x24000a10        0x2 ./Core/Src/terminal_if.o
 .bss.lineReady
                0x24000a12        0x1 ./Core/Src/terminal_if.o
 .bss.rxByte    0x24000a13        0x1 ./Core/Src/terminal_if.o
 .bss.uwTick    0x24000a14        0x4 ./Drivers/STM32H7xx_HAL_Driver/Src/stm32h7xx_hal.o
                0x24000a14                uwTick
 .bss.__sf      0x24000a18      0x138 /opt/stm32cubeide/plugins/com.st.stm32cube.ide.mcu.externaltools.gnu-tools-for-stm32.14.3.rel1.linux64_1.0.100.202602081740/tools/bin/../lib/gcc/arm-none-eabi/14.3.1/../../../../arm-none-eabi/lib/thumb/v7e-m+dp/hard/libc_nano.a(libc_a-findfp.o)
                0x24000a18                __sf
 .bss.errno     0x24000b50        0x4 /opt/stm32cubeide/plugins/com.st.stm32cube.ide.mcu.externaltools.gnu-tools-for-stm32.14.3.rel1.linux64_1.0.100.202602081740/tools/bin/../lib/gcc/arm-none-eabi/14.3.1/../../../../arm-none-eabi/lib/thumb/v7e-m+dp/hard/libc_nano.a(libc_a-reent.o)
                0x24000b50                errno
 .bss.__lock___malloc_recursive_mutex
                0x24000b54        0x1 /opt/stm32cubeide/plugins/com.st.stm32cube.ide.mcu.externaltools.gnu-tools-for-stm32.14.3.rel1.linux64_1.0.100.202602081740/tools/bin/../lib/gcc/arm-none-eabi/14.3.1/../../../../arm-none-eabi/lib/thumb/v7e-m+dp/hard/libc_nano.a(libc_a-lock.o)
                0x24000b54                __lock___malloc_recursive_mutex
 *fill*         0x24000b55        0x3 
 .bss.__malloc_sbrk_start
                0x24000b58        0x4 /opt/stm32cubeide/plugins/com.st.stm32cube.ide.mcu.externaltools.gnu-tools-for-stm32.14.3.rel1.linux64_1.0.100.202602081740/tools/bin/../lib/gcc/arm-none-eabi/14.3.1/../../../../arm-none-eabi/lib/thumb/v7e-m+dp/hard/libc_nano.a(libc_a-mallocr.o)
                0x24000b58                __malloc_sbrk_start
 .bss.__malloc_free_list
                0x24000b5c        0x4 /opt/stm32cubeide/plugins/com.st.stm32cube.ide.mcu.externaltools.gnu-tools-for-stm32.14.3.rel1.linux64_1.0.100.202602081740/tools/bin/../lib/gcc/arm-none-eabi/14.3.1/../../../../arm-none-eabi/lib/thumb/v7e-m+dp/hard/libc_nano.a(libc_a-mallocr.o)
                0x24000b5c                __malloc_free_list
 *(COMMON)
                0x24000b60                        . = ALIGN (0x4)
                0x24000b60                        _ebss = .
                0x24000b60                        __bss_end__ = _ebss

.dma_buffer     0x30000000      0x200
                0x30000000                        . = ALIGN (0x20)
 *(.dma_buffer)
 .dma_buffer    0x30000000      0x200 ./Core/Src/motor_uart_dma.o
 *(.dma_buffer*)
                0x30000200                        . = ALIGN (0x20)

._user_heap_stack
                0x24000b60      0x600
                0x24000b60                        . = ALIGN (0x8)
                [!provide]                        PROVIDE (end = .)
                0x24000b60                        PROVIDE (_end = .)
                0x24000d60                        . = (. + _Min_Heap_Size)
 *fill*         0x24000b60      0x200 
                0x24001160                        . = (. + _Min_Stack_Size)
 *fill*         0x24000d60      0x400 
                0x24001160                        . = ALIGN (0x8)

/DISCARD/
 libc.a(*)
 libm.a(*)
 libgcc.a(*)

.ARM.attributes
                0x00000000       0x2e
 *(.ARM.attributes)
 .ARM.attributes
                0x00000000       0x20 /opt/stm32cubeide/plugins/com.st.stm32cube.ide.mcu.externaltools.gnu-tools-for-stm32.14.3.rel1.linux64_1.0.100.202602081740/tools/bin/../lib/gcc/arm-none-eabi/14.3.1/thumb/v7e-m+dp/hard/crti.o
 .ARM.attributes
                0x00000020       0x32 /opt/stm32cubeide/plugins/com.st.stm32cube.ide.mcu.externaltools.gnu-tools-for-stm32.14.3.rel1.linux64_1.0.100.202602081740/tools/bin/../lib/gcc/arm-none-eabi/14.3.1/thumb/v7e-m+dp/hard/crtbegin.o
 .ARM.attributes
                0x00000052       0x32 ./Core/Src/ack_manager.o
 .ARM.attributes
                0x00000084       0x32 ./Core/Src/logger.o
 .ARM.attributes
                0x000000b6       0x32 ./Core/Src/main.o
 .ARM.attributes
                0x000000e8       0x32 ./Core/Src/motion_controller.o
 .ARM.attributes
                0x0000011a       0x32 ./Core/Src/motor_dispatcher.o
 .ARM.attributes
                0x0000014c       0x32 ./Core/Src/motor_link.o
 .ARM.attributes
                0x0000017e       0x32 ./Core/Src/motor_protocol.o
 .ARM.attributes
                0x000001b0       0x32 ./Core/Src/motor_uart_dma.o
 .ARM.attributes
                0x000001e2       0x32 ./Core/Src/safety_manager.o
 .ARM.attributes
                0x00000214       0x32 ./Core/Src/stm32h7xx_hal_msp.o
 .ARM.attributes
                0x00000246       0x32 ./Core/Src/stm32h7xx_it.o
 .ARM.attributes
                0x00000278       0x32 ./Core/Src/sysmem.o
 .ARM.attributes
                0x000002aa       0x32 ./Core/Src/system_stm32h7xx.o
 .ARM.attributes
                0x000002dc       0x32 ./Core/Src/terminal_if.o
 .ARM.attributes
                0x0000030e       0x32 ./Core/Src/terminal_parser.o
 .ARM.attributes
                0x00000340       0x21 ./Core/Startup/startup_stm32h723zgtx.o
 .ARM.attributes
                0x00000361       0x32 ./Drivers/STM32H7xx_HAL_Driver/Src/stm32h7xx_hal.o
 .ARM.attributes
                0x00000393       0x32 ./Drivers/STM32H7xx_HAL_Driver/Src/stm32h7xx_hal_cortex.o
 .ARM.attributes
                0x000003c5       0x32 ./Drivers/STM32H7xx_HAL_Driver/Src/stm32h7xx_hal_dma.o
 .ARM.attributes
                0x000003f7       0x32 ./Drivers/STM32H7xx_HAL_Driver/Src/stm32h7xx_hal_gpio.o
 .ARM.attributes
                0x00000429       0x32 ./Drivers/STM32H7xx_HAL_Driver/Src/stm32h7xx_hal_pwr_ex.o
 .ARM.attributes
                0x0000045b       0x32 ./Drivers/STM32H7xx_HAL_Driver/Src/stm32h7xx_hal_rcc.o
 .ARM.attributes
                0x0000048d       0x32 ./Drivers/STM32H7xx_HAL_Driver/Src/stm32h7xx_hal_rcc_ex.o
 .ARM.attributes
                0x000004bf       0x32 ./Drivers/STM32H7xx_HAL_Driver/Src/stm32h7xx_hal_uart.o
 .ARM.attributes
                0x000004f1       0x32 ./Drivers/STM32H7xx_HAL_Driver/Src/stm32h7xx_hal_uart_ex.o
 .ARM.attributes
                0x00000523       0x32 /opt/stm32cubeide/plugins/com.st.stm32cube.ide.mcu.externaltools.gnu-tools-for-stm32.14.3.rel1.linux64_1.0.100.202602081740/tools/bin/../lib/gcc/arm-none-eabi/14.3.1/../../../../arm-none-eabi/lib/thumb/v7e-m+dp/hard/libc_nano.a(libc_a-atoi.o)
 .ARM.attributes
                0x00000555       0x32 /opt/stm32cubeide/plugins/com.st.stm32cube.ide.mcu.externaltools.gnu-tools-for-stm32.14.3.rel1.linux64_1.0.100.202602081740/tools/bin/../lib/gcc/arm-none-eabi/14.3.1/../../../../arm-none-eabi/lib/thumb/v7e-m+dp/hard/libc_nano.a(libc_a-strtol.o)
 .ARM.attributes
                0x00000587       0x32 /opt/stm32cubeide/plugins/com.st.stm32cube.ide.mcu.externaltools.gnu-tools-for-stm32.14.3.rel1.linux64_1.0.100.202602081740/tools/bin/../lib/gcc/arm-none-eabi/14.3.1/../../../../arm-none-eabi/lib/thumb/v7e-m+dp/hard/libc_nano.a(libc_a-ctype_.o)
 .ARM.attributes
                0x000005b9       0x32 /opt/stm32cubeide/plugins/com.st.stm32cube.ide.mcu.externaltools.gnu-tools-for-stm32.14.3.rel1.linux64_1.0.100.202602081740/tools/bin/../lib/gcc/arm-none-eabi/14.3.1/../../../../arm-none-eabi/lib/thumb/v7e-m+dp/hard/libc_nano.a(libc_a-findfp.o)
 .ARM.attributes
                0x000005eb       0x32 /opt/stm32cubeide/plugins/com.st.stm32cube.ide.mcu.externaltools.gnu-tools-for-stm32.14.3.rel1.linux64_1.0.100.202602081740/tools/bin/../lib/gcc/arm-none-eabi/14.3.1/../../../../arm-none-eabi/lib/thumb/v7e-m+dp/hard/libc_nano.a(libc_a-snprintf.o)
 .ARM.attributes
                0x0000061d       0x32 /opt/stm32cubeide/plugins/com.st.stm32cube.ide.mcu.externaltools.gnu-tools-for-stm32.14.3.rel1.linux64_1.0.100.202602081740/tools/bin/../lib/gcc/arm-none-eabi/14.3.1/../../../../arm-none-eabi/lib/thumb/v7e-m+dp/hard/libc_nano.a(libc_a-vsnprintf.o)
 .ARM.attributes
                0x0000064f       0x32 /opt/stm32cubeide/plugins/com.st.stm32cube.ide.mcu.externaltools.gnu-tools-for-stm32.14.3.rel1.linux64_1.0.100.202602081740/tools/bin/../lib/gcc/arm-none-eabi/14.3.1/../../../../arm-none-eabi/lib/thumb/v7e-m+dp/hard/libc_nano.a(libc_a-memmove.o)
 .ARM.attributes
                0x00000681       0x32 /opt/stm32cubeide/plugins/com.st.stm32cube.ide.mcu.externaltools.gnu-tools-for-stm32.14.3.rel1.linux64_1.0.100.202602081740/tools/bin/../lib/gcc/arm-none-eabi/14.3.1/../../../../arm-none-eabi/lib/thumb/v7e-m+dp/hard/libc_nano.a(libc_a-memset.o)
 .ARM.attributes
                0x000006b3       0x32 /opt/stm32cubeide/plugins/com.st.stm32cube.ide.mcu.externaltools.gnu-tools-for-stm32.14.3.rel1.linux64_1.0.100.202602081740/tools/bin/../lib/gcc/arm-none-eabi/14.3.1/../../../../arm-none-eabi/lib/thumb/v7e-m+dp/hard/libc_nano.a(libc_a-reent.o)
 .ARM.attributes
                0x000006e5       0x32 /opt/stm32cubeide/plugins/com.st.stm32cube.ide.mcu.externaltools.gnu-tools-for-stm32.14.3.rel1.linux64_1.0.100.202602081740/tools/bin/../lib/gcc/arm-none-eabi/14.3.1/../../../../arm-none-eabi/lib/thumb/v7e-m+dp/hard/libc_nano.a(libc_a-impure.o)
 .ARM.attributes
                0x00000717       0x32 /opt/stm32cubeide/plugins/com.st.stm32cube.ide.mcu.externaltools.gnu-tools-for-stm32.14.3.rel1.linux64_1.0.100.202602081740/tools/bin/../lib/gcc/arm-none-eabi/14.3.1/../../../../arm-none-eabi/lib/thumb/v7e-m+dp/hard/libc_nano.a(libc_a-errno.o)
 .ARM.attributes
                0x00000749       0x32 /opt/stm32cubeide/plugins/com.st.stm32cube.ide.mcu.externaltools.gnu-tools-for-stm32.14.3.rel1.linux64_1.0.100.202602081740/tools/bin/../lib/gcc/arm-none-eabi/14.3.1/../../../../arm-none-eabi/lib/thumb/v7e-m+dp/hard/libc_nano.a(libc_a-init.o)
 .ARM.attributes
                0x0000077b       0x32 /opt/stm32cubeide/plugins/com.st.stm32cube.ide.mcu.externaltools.gnu-tools-for-stm32.14.3.rel1.linux64_1.0.100.202602081740/tools/bin/../lib/gcc/arm-none-eabi/14.3.1/../../../../arm-none-eabi/lib/thumb/v7e-m+dp/hard/libc_nano.a(libc_a-lock.o)
 .ARM.attributes
                0x000007ad       0x1e /opt/stm32cubeide/plugins/com.st.stm32cube.ide.mcu.externaltools.gnu-tools-for-stm32.14.3.rel1.linux64_1.0.100.202602081740/tools/bin/../lib/gcc/arm-none-eabi/14.3.1/../../../../arm-none-eabi/lib/thumb/v7e-m+dp/hard/libc_nano.a(libc_a-strcmp.o)
 .ARM.attributes
                0x000007cb       0x32 /opt/stm32cubeide/plugins/com.st.stm32cube.ide.mcu.externaltools.gnu-tools-for-stm32.14.3.rel1.linux64_1.0.100.202602081740/tools/bin/../lib/gcc/arm-none-eabi/14.3.1/../../../../arm-none-eabi/lib/thumb/v7e-m+dp/hard/libc_nano.a(libc_a-memcpy-stub.o)
 .ARM.attributes
                0x000007fd       0x17 /opt/stm32cubeide/plugins/com.st.stm32cube.ide.mcu.externaltools.gnu-tools-for-stm32.14.3.rel1.linux64_1.0.100.202602081740/tools/bin/../lib/gcc/arm-none-eabi/14.3.1/../../../../arm-none-eabi/lib/thumb/v7e-m+dp/hard/libc_nano.a(libc_a-strlen.o)
 .ARM.attributes
                0x00000814       0x32 /opt/stm32cubeide/plugins/com.st.stm32cube.ide.mcu.externaltools.gnu-tools-for-stm32.14.3.rel1.linux64_1.0.100.202602081740/tools/bin/../lib/gcc/arm-none-eabi/14.3.1/../../../../arm-none-eabi/lib/thumb/v7e-m+dp/hard/libc_nano.a(libc_a-freer.o)
 .ARM.attributes
                0x00000846       0x32 /opt/stm32cubeide/plugins/com.st.stm32cube.ide.mcu.externaltools.gnu-tools-for-stm32.14.3.rel1.linux64_1.0.100.202602081740/tools/bin/../lib/gcc/arm-none-eabi/14.3.1/../../../../arm-none-eabi/lib/thumb/v7e-m+dp/hard/libc_nano.a(libc_a-mallocr.o)
 .ARM.attributes
                0x00000878       0x32 /opt/stm32cubeide/plugins/com.st.stm32cube.ide.mcu.externaltools.gnu-tools-for-stm32.14.3.rel1.linux64_1.0.100.202602081740/tools/bin/../lib/gcc/arm-none-eabi/14.3.1/../../../../arm-none-eabi/lib/thumb/v7e-m+dp/hard/libc_nano.a(libc_a-mlock.o)
 .ARM.attributes
                0x000008aa       0x32 /opt/stm32cubeide/plugins/com.st.stm32cube.ide.mcu.externaltools.gnu-tools-for-stm32.14.3.rel1.linux64_1.0.100.202602081740/tools/bin/../lib/gcc/arm-none-eabi/14.3.1/../../../../arm-none-eabi/lib/thumb/v7e-m+dp/hard/libc_nano.a(libc_a-nano-svfprintf.o)
 .ARM.attributes
                0x000008dc       0x32 /opt/stm32cubeide/plugins/com.st.stm32cube.ide.mcu.externaltools.gnu-tools-for-stm32.14.3.rel1.linux64_1.0.100.202602081740/tools/bin/../lib/gcc/arm-none-eabi/14.3.1/../../../../arm-none-eabi/lib/thumb/v7e-m+dp/hard/libc_nano.a(libc_a-nano-vfprintf_i.o)
 .ARM.attributes
                0x0000090e       0x32 /opt/stm32cubeide/plugins/com.st.stm32cube.ide.mcu.externaltools.gnu-tools-for-stm32.14.3.rel1.linux64_1.0.100.202602081740/tools/bin/../lib/gcc/arm-none-eabi/14.3.1/../../../../arm-none-eabi/lib/thumb/v7e-m+dp/hard/libc_nano.a(libc_a-sbrkr.o)
 .ARM.attributes
                0x00000940       0x1c /opt/stm32cubeide/plugins/com.st.stm32cube.ide.mcu.externaltools.gnu-tools-for-stm32.14.3.rel1.linux64_1.0.100.202602081740/tools/bin/../lib/gcc/arm-none-eabi/14.3.1/../../../../arm-none-eabi/lib/thumb/v7e-m+dp/hard/libc_nano.a(libc_a-memchr.o)
 .ARM.attributes
                0x0000095c       0x32 /opt/stm32cubeide/plugins/com.st.stm32cube.ide.mcu.externaltools.gnu-tools-for-stm32.14.3.rel1.linux64_1.0.100.202602081740/tools/bin/../lib/gcc/arm-none-eabi/14.3.1/../../../../arm-none-eabi/lib/thumb/v7e-m+dp/hard/libc_nano.a(libc_a-reallocr.o)
 .ARM.attributes
                0x0000098e       0x32 /opt/stm32cubeide/plugins/com.st.stm32cube.ide.mcu.externaltools.gnu-tools-for-stm32.14.3.rel1.linux64_1.0.100.202602081740/tools/bin/../lib/gcc/arm-none-eabi/14.3.1/../../../../arm-none-eabi/lib/thumb/v7e-m+dp/hard/libc_nano.a(libc_a-msizer.o)
 .ARM.attributes
                0x000009c0       0x20 /opt/stm32cubeide/plugins/com.st.stm32cube.ide.mcu.externaltools.gnu-tools-for-stm32.14.3.rel1.linux64_1.0.100.202602081740/tools/bin/../lib/gcc/arm-none-eabi/14.3.1/thumb/v7e-m+dp/hard/libgcc.a(_aeabi_uldivmod.o)
 .ARM.attributes
                0x000009e0       0x32 /opt/stm32cubeide/plugins/com.st.stm32cube.ide.mcu.externaltools.gnu-tools-for-stm32.14.3.rel1.linux64_1.0.100.202602081740/tools/bin/../lib/gcc/arm-none-eabi/14.3.1/thumb/v7e-m+dp/hard/libgcc.a(_udivmoddi4.o)
 .ARM.attributes
                0x00000a12       0x20 /opt/stm32cubeide/plugins/com.st.stm32cube.ide.mcu.externaltools.gnu-tools-for-stm32.14.3.rel1.linux64_1.0.100.202602081740/tools/bin/../lib/gcc/arm-none-eabi/14.3.1/thumb/v7e-m+dp/hard/libgcc.a(_dvmd_tls.o)
 .ARM.attributes
                0x00000a32       0x20 /opt/stm32cubeide/plugins/com.st.stm32cube.ide.mcu.externaltools.gnu-tools-for-stm32.14.3.rel1.linux64_1.0.100.202602081740/tools/bin/../lib/gcc/arm-none-eabi/14.3.1/thumb/v7e-m+dp/hard/crtn.o
OUTPUT(H7-DMA.elf elf32-littlearm)
LOAD linker stubs
LOAD /opt/stm32cubeide/plugins/com.st.stm32cube.ide.mcu.externaltools.gnu-tools-for-stm32.14.3.rel1.linux64_1.0.100.202602081740/tools/bin/../lib/gcc/arm-none-eabi/14.3.1/../../../../arm-none-eabi/lib/thumb/v7e-m+dp/hard/libc.a
LOAD /opt/stm32cubeide/plugins/com.st.stm32cube.ide.mcu.externaltools.gnu-tools-for-stm32.14.3.rel1.linux64_1.0.100.202602081740/tools/bin/../lib/gcc/arm-none-eabi/14.3.1/../../../../arm-none-eabi/lib/thumb/v7e-m+dp/hard/libm.a
LOAD /opt/stm32cubeide/plugins/com.st.stm32cube.ide.mcu.externaltools.gnu-tools-for-stm32.14.3.rel1.linux64_1.0.100.202602081740/tools/bin/../lib/gcc/arm-none-eabi/14.3.1/thumb/v7e-m+dp/hard/libgcc.a

.debug_info     0x00000000    0x14b1e
 .debug_info    0x00000000      0x354 ./Core/Src/ack_manager.o
 .debug_info    0x00000354      0xaaf ./Core/Src/logger.o
 .debug_info    0x00000e03     0x19dc ./Core/Src/main.o
 .debug_info    0x000027df      0x361 ./Core/Src/motion_controller.o
 .debug_info    0x00002b40      0xbb9 ./Core/Src/motor_dispatcher.o
 .debug_info    0x000036f9      0x206 ./Core/Src/motor_link.o
 .debug_info    0x000038ff      0x196 ./Core/Src/motor_protocol.o
 .debug_info    0x00003a95      0xd4d ./Core/Src/motor_uart_dma.o
 .debug_info    0x000047e2      0x23d ./Core/Src/safety_manager.o
 .debug_info    0x00004a1f     0x15d2 ./Core/Src/stm32h7xx_hal_msp.o
 .debug_info    0x00005ff1      0x91e ./Core/Src/stm32h7xx_it.o
 .debug_info    0x0000690f      0x168 ./Core/Src/sysmem.o
 .debug_info    0x00006a77      0xbff ./Core/Src/system_stm32h7xx.o
 .debug_info    0x00007676      0x8ea ./Core/Src/terminal_if.o
 .debug_info    0x00007f60      0x3e5 ./Core/Src/terminal_parser.o
 .debug_info    0x00008345       0x30 ./Core/Startup/startup_stm32h723zgtx.o
 .debug_info    0x00008375     0x1698 ./Drivers/STM32H7xx_HAL_Driver/Src/stm32h7xx_hal.o
 .debug_info    0x00009a0d     0x10b2 ./Drivers/STM32H7xx_HAL_Driver/Src/stm32h7xx_hal_cortex.o
 .debug_info    0x0000aabf      0xb71 ./Drivers/STM32H7xx_HAL_Driver/Src/stm32h7xx_hal_dma.o
 .debug_info    0x0000b630      0xc6b ./Drivers/STM32H7xx_HAL_Driver/Src/stm32h7xx_hal_gpio.o
 .debug_info    0x0000c29b      0xddb ./Drivers/STM32H7xx_HAL_Driver/Src/stm32h7xx_hal_pwr_ex.o
 .debug_info    0x0000d076      0xd8c ./Drivers/STM32H7xx_HAL_Driver/Src/stm32h7xx_hal_rcc.o
 .debug_info    0x0000de02     0x120b ./Drivers/STM32H7xx_HAL_Driver/Src/stm32h7xx_hal_rcc_ex.o
 .debug_info    0x0000f00d     0x4b53 ./Drivers/STM32H7xx_HAL_Driver/Src/stm32h7xx_hal_uart.o
 .debug_info    0x00013b60      0xfbe ./Drivers/STM32H7xx_HAL_Driver/Src/stm32h7xx_hal_uart_ex.o

.debug_abbrev   0x00000000     0x32ae
 .debug_abbrev  0x00000000      0x194 ./Core/Src/ack_manager.o
 .debug_abbrev  0x00000194      0x203 ./Core/Src/logger.o
 .debug_abbrev  0x00000397      0x30f ./Core/Src/main.o
 .debug_abbrev  0x000006a6      0x1b1 ./Core/Src/motion_controller.o
 .debug_abbrev  0x00000857      0x237 ./Core/Src/motor_dispatcher.o
 .debug_abbrev  0x00000a8e      0x142 ./Core/Src/motor_link.o
 .debug_abbrev  0x00000bd0       0xff ./Core/Src/motor_protocol.o
 .debug_abbrev  0x00000ccf      0x2e0 ./Core/Src/motor_uart_dma.o
 .debug_abbrev  0x00000faf      0x178 ./Core/Src/safety_manager.o
 .debug_abbrev  0x00001127      0x25e ./Core/Src/stm32h7xx_hal_msp.o
 .debug_abbrev  0x00001385      0x18c ./Core/Src/stm32h7xx_it.o
 .debug_abbrev  0x00001511       0xbc ./Core/Src/sysmem.o
 .debug_abbrev  0x000015cd      0x153 ./Core/Src/system_stm32h7xx.o
 .debug_abbrev  0x00001720      0x1fc ./Core/Src/terminal_if.o
 .debug_abbrev  0x0000191c      0x18c ./Core/Src/terminal_parser.o
 .debug_abbrev  0x00001aa8       0x24 ./Core/Startup/startup_stm32h723zgtx.o
 .debug_abbrev  0x00001acc      0x29e ./Drivers/STM32H7xx_HAL_Driver/Src/stm32h7xx_hal.o
 .debug_abbrev  0x00001d6a      0x339 ./Drivers/STM32H7xx_HAL_Driver/Src/stm32h7xx_hal_cortex.o
 .debug_abbrev  0x000020a3      0x248 ./Drivers/STM32H7xx_HAL_Driver/Src/stm32h7xx_hal_dma.o
 .debug_abbrev  0x000022eb      0x205 ./Drivers/STM32H7xx_HAL_Driver/Src/stm32h7xx_hal_gpio.o
 .debug_abbrev  0x000024f0      0x295 ./Drivers/STM32H7xx_HAL_Driver/Src/stm32h7xx_hal_pwr_ex.o
 .debug_abbrev  0x00002785      0x2b1 ./Drivers/STM32H7xx_HAL_Driver/Src/stm32h7xx_hal_rcc.o
 .debug_abbrev  0x00002a36      0x269 ./Drivers/STM32H7xx_HAL_Driver/Src/stm32h7xx_hal_rcc_ex.o
 .debug_abbrev  0x00002c9f      0x33d ./Drivers/STM32H7xx_HAL_Driver/Src/stm32h7xx_hal_uart.o
 .debug_abbrev  0x00002fdc      0x2d2 ./Drivers/STM32H7xx_HAL_Driver/Src/stm32h7xx_hal_uart_ex.o

.debug_aranges  0x00000000      0xdb8
 .debug_aranges
                0x00000000       0x38 ./Core/Src/ack_manager.o
 .debug_aranges
                0x00000038       0x38 ./Core/Src/logger.o
 .debug_aranges
                0x00000070       0x70 ./Core/Src/main.o
 .debug_aranges
                0x000000e0       0x48 ./Core/Src/motion_controller.o
 .debug_aranges
                0x00000128       0x48 ./Core/Src/motor_dispatcher.o
 .debug_aranges
                0x00000170       0x28 ./Core/Src/motor_link.o
 .debug_aranges
                0x00000198       0x20 ./Core/Src/motor_protocol.o
 .debug_aranges
                0x000001b8       0x60 ./Core/Src/motor_uart_dma.o
 .debug_aranges
                0x00000218       0x38 ./Core/Src/safety_manager.o
 .debug_aranges
                0x00000250       0x30 ./Core/Src/stm32h7xx_hal_msp.o
 .debug_aranges
                0x00000280       0xa8 ./Core/Src/stm32h7xx_it.o
 .debug_aranges
                0x00000328       0x20 ./Core/Src/sysmem.o
 .debug_aranges
                0x00000348       0x30 ./Core/Src/system_stm32h7xx.o
 .debug_aranges
                0x00000378       0x48 ./Core/Src/terminal_if.o
 .debug_aranges
                0x000003c0       0x28 ./Core/Src/terminal_parser.o
 .debug_aranges
                0x000003e8       0x28 ./Core/Startup/startup_stm32h723zgtx.o
 .debug_aranges
                0x00000410      0x1c8 ./Drivers/STM32H7xx_HAL_Driver/Src/stm32h7xx_hal.o
 .debug_aranges
                0x000005d8      0x130 ./Drivers/STM32H7xx_HAL_Driver/Src/stm32h7xx_hal_cortex.o
 .debug_aranges
                0x00000708       0xa0 ./Drivers/STM32H7xx_HAL_Driver/Src/stm32h7xx_hal_dma.o
 .debug_aranges
                0x000007a8       0x58 ./Drivers/STM32H7xx_HAL_Driver/Src/stm32h7xx_hal_gpio.o
 .debug_aranges
                0x00000800      0x148 ./Drivers/STM32H7xx_HAL_Driver/Src/stm32h7xx_hal_pwr_ex.o
 .debug_aranges
                0x00000948       0x88 ./Drivers/STM32H7xx_HAL_Driver/Src/stm32h7xx_hal_rcc.o
 .debug_aranges
                0x000009d0       0xf8 ./Drivers/STM32H7xx_HAL_Driver/Src/stm32h7xx_hal_rcc_ex.o
 .debug_aranges
                0x00000ac8      0x248 ./Drivers/STM32H7xx_HAL_Driver/Src/stm32h7xx_hal_uart.o
 .debug_aranges
                0x00000d10       0xa8 ./Drivers/STM32H7xx_HAL_Driver/Src/stm32h7xx_hal_uart_ex.o

.debug_rnglists
                0x00000000      0xa62
 .debug_rnglists
                0x00000000       0x26 ./Core/Src/ack_manager.o
 .debug_rnglists
                0x00000026       0x26 ./Core/Src/logger.o
 .debug_rnglists
                0x0000004c       0x59 ./Core/Src/main.o
 .debug_rnglists
                0x000000a5       0x32 ./Core/Src/motion_controller.o
 .debug_rnglists
                0x000000d7       0x33 ./Core/Src/motor_dispatcher.o
 .debug_rnglists
                0x0000010a       0x19 ./Core/Src/motor_link.o
 .debug_rnglists
                0x00000123       0x14 ./Core/Src/motor_protocol.o
 .debug_rnglists
                0x00000137       0x49 ./Core/Src/motor_uart_dma.o
 .debug_rnglists
                0x00000180       0x26 ./Core/Src/safety_manager.o
 .debug_rnglists
                0x000001a6       0x21 ./Core/Src/stm32h7xx_hal_msp.o
 .debug_rnglists
                0x000001c7       0x79 ./Core/Src/stm32h7xx_it.o
 .debug_rnglists
                0x00000240       0x13 ./Core/Src/sysmem.o
 .debug_rnglists
                0x00000253       0x21 ./Core/Src/system_stm32h7xx.o
 .debug_rnglists
                0x00000274       0x31 ./Core/Src/terminal_if.o
 .debug_rnglists
                0x000002a5       0x1a ./Core/Src/terminal_parser.o
 .debug_rnglists
                0x000002bf       0x19 ./Core/Startup/startup_stm32h723zgtx.o
 .debug_rnglists
                0x000002d8      0x155 ./Drivers/STM32H7xx_HAL_Driver/Src/stm32h7xx_hal.o
 .debug_rnglists
                0x0000042d       0xe0 ./Drivers/STM32H7xx_HAL_Driver/Src/stm32h7xx_hal_cortex.o
 .debug_rnglists
                0x0000050d       0x82 ./Drivers/STM32H7xx_HAL_Driver/Src/stm32h7xx_hal_dma.o
 .debug_rnglists
                0x0000058f       0x3f ./Drivers/STM32H7xx_HAL_Driver/Src/stm32h7xx_hal_gpio.o
 .debug_rnglists
                0x000005ce       0xf5 ./Drivers/STM32H7xx_HAL_Driver/Src/stm32h7xx_hal_pwr_ex.o
 .debug_rnglists
                0x000006c3       0x68 ./Drivers/STM32H7xx_HAL_Driver/Src/stm32h7xx_hal_rcc.o
 .debug_rnglists
                0x0000072b       0xc0 ./Drivers/STM32H7xx_HAL_Driver/Src/stm32h7xx_hal_rcc_ex.o
 .debug_rnglists
                0x000007eb      0x1f8 ./Drivers/STM32H7xx_HAL_Driver/Src/stm32h7xx_hal_uart.o
 .debug_rnglists
                0x000009e3       0x7f ./Drivers/STM32H7xx_HAL_Driver/Src/stm32h7xx_hal_uart_ex.o

.debug_macro    0x00000000    0x33db5
 .debug_macro   0x00000000      0x31e ./Core/Src/ack_manager.o
 .debug_macro   0x0000031e      0xaf6 ./Core/Src/ack_manager.o
 .debug_macro   0x00000e14       0x22 ./Core/Src/ack_manager.o
 .debug_macro   0x00000e36       0x8e ./Core/Src/ack_manager.o
 .debug_macro   0x00000ec4       0x51 ./Core/Src/ack_manager.o
 .debug_macro   0x00000f15      0x103 ./Core/Src/ack_manager.o
 .debug_macro   0x00001018       0x6a ./Core/Src/ack_manager.o
 .debug_macro   0x00001082      0x1df ./Core/Src/ack_manager.o
 .debug_macro   0x00001261       0x22 ./Core/Src/ack_manager.o
 .debug_macro   0x00001283      0x232 ./Core/Src/ack_manager.o
 .debug_macro   0x000014b5       0x2e ./Core/Src/ack_manager.o
 .debug_macro   0x000014e3       0x3b ./Core/Src/ack_manager.o
 .debug_macro   0x0000151e       0x1c ./Core/Src/ack_manager.o
 .debug_macro   0x0000153a       0x22 ./Core/Src/ack_manager.o
 .debug_macro   0x0000155c       0xfb ./Core/Src/ack_manager.o
 .debug_macro   0x00001657     0x1313 ./Core/Src/ack_manager.o
 .debug_macro   0x0000296a      0x11f ./Core/Src/ack_manager.o
 .debug_macro   0x00002a89       0x22 ./Core/Src/ack_manager.o
 .debug_macro   0x00002aab    0x216c1 ./Core/Src/ack_manager.o
 .debug_macro   0x0002416c       0x6d ./Core/Src/ack_manager.o
 .debug_macro   0x000241d9     0x3d64 ./Core/Src/ack_manager.o
 .debug_macro   0x00027f3d      0x190 ./Core/Src/ack_manager.o
 .debug_macro   0x000280cd       0x61 ./Core/Src/ack_manager.o
 .debug_macro   0x0002812e       0x29 ./Core/Src/ack_manager.o
 .debug_macro   0x00028157       0x43 ./Core/Src/ack_manager.o
 .debug_macro   0x0002819a       0x34 ./Core/Src/ack_manager.o
 .debug_macro   0x000281ce      0x364 ./Core/Src/ack_manager.o
 .debug_macro   0x00028532       0x16 ./Core/Src/ack_manager.o
 .debug_macro   0x00028548       0x4a ./Core/Src/ack_manager.o
 .debug_macro   0x00028592       0x34 ./Core/Src/ack_manager.o
 .debug_macro   0x000285c6       0x10 ./Core/Src/ack_manager.o
 .debug_macro   0x000285d6       0x58 ./Core/Src/ack_manager.o
 .debug_macro   0x0002862e       0x8e ./Core/Src/ack_manager.o
 .debug_macro   0x000286bc       0x1c ./Core/Src/ack_manager.o
 .debug_macro   0x000286d8      0x17e ./Core/Src/ack_manager.o
 .debug_macro   0x00028856      0x19b ./Core/Src/ack_manager.o
 .debug_macro   0x000289f1       0x5d ./Core/Src/ack_manager.o
 .debug_macro   0x00028a4e     0x2462 ./Core/Src/ack_manager.o
 .debug_macro   0x0002aeb0     0x1079 ./Core/Src/ack_manager.o
 .debug_macro   0x0002bf29      0x154 ./Core/Src/ack_manager.o
 .debug_macro   0x0002c07d      0x114 ./Core/Src/ack_manager.o
 .debug_macro   0x0002c191      0x3fc ./Core/Src/ack_manager.o
 .debug_macro   0x0002c58d       0xac ./Core/Src/ack_manager.o
 .debug_macro   0x0002c639      0x788 ./Core/Src/ack_manager.o
 .debug_macro   0x0002cdc1      0x228 ./Core/Src/ack_manager.o
 .debug_macro   0x0002cfe9       0x66 ./Core/Src/ack_manager.o
 .debug_macro   0x0002d04f      0x3a6 ./Core/Src/ack_manager.o
 .debug_macro   0x0002d3f5      0x3f9 ./Core/Src/ack_manager.o
 .debug_macro   0x0002d7ee      0x275 ./Core/Src/ack_manager.o
 .debug_macro   0x0002da63      0x3ca ./Core/Src/ack_manager.o
 .debug_macro   0x0002de2d      0x45c ./Core/Src/ack_manager.o
 .debug_macro   0x0002e289       0x3c ./Core/Src/ack_manager.o
 .debug_macro   0x0002e2c5       0x4a ./Core/Src/ack_manager.o
 .debug_macro   0x0002e30f      0x22c ./Core/Src/ack_manager.o
 .debug_macro   0x0002e53b       0x67 ./Core/Src/ack_manager.o
 .debug_macro   0x0002e5a2       0xa5 ./Core/Src/ack_manager.o
 .debug_macro   0x0002e647      0x1c4 ./Core/Src/ack_manager.o
 .debug_macro   0x0002e80b      0x22a ./Core/Src/ack_manager.o
 .debug_macro   0x0002ea35       0x35 ./Core/Src/ack_manager.o
 .debug_macro   0x0002ea6a      0x693 ./Core/Src/ack_manager.o
 .debug_macro   0x0002f0fd       0xa6 ./Core/Src/ack_manager.o
 .debug_macro   0x0002f1a3      0x5f2 ./Core/Src/ack_manager.o
 .debug_macro   0x0002f795       0x3a ./Core/Src/ack_manager.o
 .debug_macro   0x0002f7cf       0x16 ./Core/Src/ack_manager.o
 .debug_macro   0x0002f7e5       0x3c ./Core/Src/ack_manager.o
 .debug_macro   0x0002f821       0x20 ./Core/Src/ack_manager.o
 .debug_macro   0x0002f841      0x339 ./Core/Src/logger.o
 .debug_macro   0x0002fb7a       0x1c ./Core/Src/logger.o
 .debug_macro   0x0002fb96       0x10 ./Core/Src/logger.o
 .debug_macro   0x0002fba6       0x1c ./Core/Src/logger.o
 .debug_macro   0x0002fbc2       0x16 ./Core/Src/logger.o
 .debug_macro   0x0002fbd8      0x146 ./Core/Src/logger.o
 .debug_macro   0x0002fd1e       0x4c ./Core/Src/logger.o
 .debug_macro   0x0002fd6a      0x329 ./Core/Src/main.o
 .debug_macro   0x00030093       0x16 ./Core/Src/main.o
 .debug_macro   0x000300a9      0x31a ./Core/Src/motion_controller.o
 .debug_macro   0x000303c3      0x352 ./Core/Src/motor_dispatcher.o
 .debug_macro   0x00030715      0x300 ./Core/Src/motor_link.o
 .debug_macro   0x00030a15      0x18d ./Core/Src/motor_protocol.o
 .debug_macro   0x00030ba2       0x16 ./Core/Src/motor_protocol.o
 .debug_macro   0x00030bb8       0x9e ./Core/Src/motor_protocol.o
 .debug_macro   0x00030c56      0x112 ./Core/Src/motor_protocol.o
 .debug_macro   0x00030d68       0x16 ./Core/Src/motor_protocol.o
 .debug_macro   0x00030d7e      0x31d ./Core/Src/motor_uart_dma.o
 .debug_macro   0x0003109b       0x10 ./Core/Src/motor_uart_dma.o
 .debug_macro   0x000310ab      0x310 ./Core/Src/safety_manager.o
 .debug_macro   0x000313bb      0x2aa ./Core/Src/stm32h7xx_hal_msp.o
 .debug_macro   0x00031665      0x2b4 ./Core/Src/stm32h7xx_it.o
 .debug_macro   0x00031919      0x112 ./Core/Src/sysmem.o
 .debug_macro   0x00031a2b      0x23c ./Core/Src/sysmem.o
 .debug_macro   0x00031c67      0x2a0 ./Core/Src/system_stm32h7xx.o
 .debug_macro   0x00031f07      0x2fc ./Core/Src/terminal_if.o
 .debug_macro   0x00032203      0x1ac ./Core/Src/terminal_parser.o
 .debug_macro   0x000323af       0x10 ./Core/Src/terminal_parser.o
 .debug_macro   0x000323bf      0x11f ./Core/Src/terminal_parser.o
 .debug_macro   0x000324de      0x2ca ./Drivers/STM32H7xx_HAL_Driver/Src/stm32h7xx_hal.o
 .debug_macro   0x000327a8      0x2a0 ./Drivers/STM32H7xx_HAL_Driver/Src/stm32h7xx_hal_cortex.o
 .debug_macro   0x00032a48      0x2f4 ./Drivers/STM32H7xx_HAL_Driver/Src/stm32h7xx_hal_dma.o
 .debug_macro   0x00032d3c      0x2a7 ./Drivers/STM32H7xx_HAL_Driver/Src/stm32h7xx_hal_gpio.o
 .debug_macro   0x00032fe3      0x2d9 ./Drivers/STM32H7xx_HAL_Driver/Src/stm32h7xx_hal_pwr_ex.o
 .debug_macro   0x000332bc      0x2c4 ./Drivers/STM32H7xx_HAL_Driver/Src/stm32h7xx_hal_rcc.o
 .debug_macro   0x00033580      0x2be ./Drivers/STM32H7xx_HAL_Driver/Src/stm32h7xx_hal_rcc_ex.o
 .debug_macro   0x0003383e      0x2cb ./Drivers/STM32H7xx_HAL_Driver/Src/stm32h7xx_hal_uart.o
 .debug_macro   0x00033b09      0x2ac ./Drivers/STM32H7xx_HAL_Driver/Src/stm32h7xx_hal_uart_ex.o

.debug_line     0x00000000    0x15be1
 .debug_line    0x00000000      0x959 ./Core/Src/ack_manager.o
 .debug_line    0x00000959      0x8cd ./Core/Src/logger.o
 .debug_line    0x00001226      0xcc0 ./Core/Src/main.o
 .debug_line    0x00001ee6      0x930 ./Core/Src/motion_controller.o
 .debug_line    0x00002816      0xa58 ./Core/Src/motor_dispatcher.o
 .debug_line    0x0000326e      0x85a ./Core/Src/motor_link.o
 .debug_line    0x00003ac8      0x53d ./Core/Src/motor_protocol.o
 .debug_line    0x00004005      0xc20 ./Core/Src/motor_uart_dma.o
 .debug_line    0x00004c25      0x8ee ./Core/Src/safety_manager.o
 .debug_line    0x00005513      0xa4b ./Core/Src/stm32h7xx_hal_msp.o
 .debug_line    0x00005f5e      0x950 ./Core/Src/stm32h7xx_it.o
 .debug_line    0x000068ae      0x495 ./Core/Src/sysmem.o
 .debug_line    0x00006d43      0x9c6 ./Core/Src/system_stm32h7xx.o
 .debug_line    0x00007709      0x8d6 ./Core/Src/terminal_if.o
 .debug_line    0x00007fdf      0x74c ./Core/Src/terminal_parser.o
 .debug_line    0x0000872b       0x7b ./Core/Startup/startup_stm32h723zgtx.o
 .debug_line    0x000087a6      0xe35 ./Drivers/STM32H7xx_HAL_Driver/Src/stm32h7xx_hal.o
 .debug_line    0x000095db      0xd87 ./Drivers/STM32H7xx_HAL_Driver/Src/stm32h7xx_hal_cortex.o
 .debug_line    0x0000a362     0x271e ./Drivers/STM32H7xx_HAL_Driver/Src/stm32h7xx_hal_dma.o
 .debug_line    0x0000ca80      0xc26 ./Drivers/STM32H7xx_HAL_Driver/Src/stm32h7xx_hal_gpio.o
 .debug_line    0x0000d6a6      0xe70 ./Drivers/STM32H7xx_HAL_Driver/Src/stm32h7xx_hal_pwr_ex.o
 .debug_line    0x0000e516     0x13af ./Drivers/STM32H7xx_HAL_Driver/Src/stm32h7xx_hal_rcc.o
 .debug_line    0x0000f8c5     0x1c63 ./Drivers/STM32H7xx_HAL_Driver/Src/stm32h7xx_hal_rcc_ex.o
 .debug_line    0x00011528     0x398c ./Drivers/STM32H7xx_HAL_Driver/Src/stm32h7xx_hal_uart.o
 .debug_line    0x00014eb4      0xd2d ./Drivers/STM32H7xx_HAL_Driver/Src/stm32h7xx_hal_uart_ex.o

.debug_str      0x00000000   0x142d53
 .debug_str     0x00000000   0x142d53 ./Core/Src/ack_manager.o
                             0x13c7a9 (size before relaxing)
 .debug_str     0x00142d53   0x13d42d ./Core/Src/logger.o
 .debug_str     0x00142d53   0x13ddd9 ./Core/Src/main.o
 .debug_str     0x00142d53   0x13c777 ./Core/Src/motion_controller.o
 .debug_str     0x00142d53   0x13d415 ./Core/Src/motor_dispatcher.o
 .debug_str     0x00142d53   0x13c691 ./Core/Src/motor_link.o
 .debug_str     0x00142d53     0x79e2 ./Core/Src/motor_protocol.o