Archive member included to satisfy reference by file (symbol)

/opt/stm32cubeide/plugins/com.st.stm32cube.ide.mcu.externaltools.gnu-tools-for-stm32.14.3.rel1.linux64_1.0.100.202602081740/tools/bin/../lib/gcc/arm-none-eabi/14.3.1/../../../../arm-none-eabi/lib/thumb/v7e-m+dp/hard/libc_nano.a(libc_a-atoi.o)
                              ./Core/Src/terminal_parser.o (atoi)
/opt/stm32cubeide/plugins/com.st.stm32cube.ide.mcu.externaltools.gnu-tools-for-stm32.14.3.rel1.linux64_1.0.100.202602081740/tools/bin/../lib/gcc/arm-none-eabi/14.3.1/../../../../arm-none-eabi/lib/thumb/v7e-m+dp/hard/libc_nano.a(libc_a-exit.o)
                              /opt/stm32cubeide/plugins/com.st.stm32cube.ide.mcu.externaltools.gnu-tools-for-stm32.14.3.rel1.linux64_1.0.100.202602081740/tools/bin/../lib/gcc/arm-none-eabi/14.3.1/../../../../arm-none-eabi/lib/thumb/v7e-m+dp/hard/crt0.o (exit)
/opt/stm32cubeide/plugins/com.st.stm32cube.ide.mcu.externaltools.gnu-tools-for-stm32.14.3.rel1.linux64_1.0.100.202602081740/tools/bin/../lib/gcc/arm-none-eabi/14.3.1/../../../../arm-none-eabi/lib/thumb/v7e-m+dp/hard/libc_nano.a(libc_a-strtol.o)
                              /opt/stm32cubeide/plugins/com.st.stm32cube.ide.mcu.externaltools.gnu-tools-for-stm32.14.3.rel1.linux64_1.0.100.202602081740/tools/bin/../lib/gcc/arm-none-eabi/14.3.1/../../../../arm-none-eabi/lib/thumb/v7e-m+dp/hard/libc_nano.a(libc_a-atoi.o) (_strtol_r)
/opt/stm32cubeide/plugins/com.st.stm32cube.ide.mcu.externaltools.gnu-tools-for-stm32.14.3.rel1.linux64_1.0.100.202602081740/tools/bin/../lib/gcc/arm-none-eabi/14.3.1/../../../../arm-none-eabi/lib/thumb/v7e-m+dp/hard/libc_nano.a(libc_a-ctype_.o)
                              ./Core/Src/terminal_parser.o (_ctype_)
/opt/stm32cubeide/plugins/com.st.stm32cube.ide.mcu.externaltools.gnu-tools-for-stm32.14.3.rel1.linux64_1.0.100.202602081740/tools/bin/../lib/gcc/arm-none-eabi/14.3.1/../../../../arm-none-eabi/lib/thumb/v7e-m+dp/hard/libc_nano.a(libc_a-findfp.o)
                              /opt/stm32cubeide/plugins/com.st.stm32cube.ide.mcu.externaltools.gnu-tools-for-stm32.14.3.rel1.linux64_1.0.100.202602081740/tools/bin/../lib/gcc/arm-none-eabi/14.3.1/../../../../arm-none-eabi/lib/thumb/v7e-m+dp/hard/libc_nano.a(libc_a-exit.o) (__stdio_exit_handler)
/opt/stm32cubeide/plugins/com.st.stm32cube.ide.mcu.externaltools.gnu-tools-for-stm32.14.3.rel1.linux64_1.0.100.202602081740/tools/bin/../lib/gcc/arm-none-eabi/14.3.1/../../../../arm-none-eabi/lib/thumb/v7e-m+dp/hard/libc_nano.a(libc_a-fwalk.o)
                              /opt/stm32cubeide/plugins/com.st.stm32cube.ide.mcu.externaltools.gnu-tools-for-stm32.14.3.rel1.linux64_1.0.100.202602081740/tools/bin/../lib/gcc/arm-none-eabi/14.3.1/../../../../arm-none-eabi/lib/thumb/v7e-m+dp/hard/libc_nano.a(libc_a-findfp.o) (_fwalk_sglue)
/opt/stm32cubeide/plugins/com.st.stm32cube.ide.mcu.externaltools.gnu-tools-for-stm32.14.3.rel1.linux64_1.0.100.202602081740/tools/bin/../lib/gcc/arm-none-eabi/14.3.1/../../../../arm-none-eabi/lib/thumb/v7e-m+dp/hard/libc_nano.a(libc_a-snprintf.o)
                              ./Core/Src/logger.o (snprintf)
/opt/stm32cubeide/plugins/com.st.stm32cube.ide.mcu.externaltools.gnu-tools-for-stm32.14.3.rel1.linux64_1.0.100.202602081740/tools/bin/../lib/gcc/arm-none-eabi/14.3.1/../../../../arm-none-eabi/lib/thumb/v7e-m+dp/hard/libc_nano.a(libc_a-stdio.o)
                              /opt/stm32cubeide/plugins/com.st.stm32cube.ide.mcu.externaltools.gnu-tools-for-stm32.14.3.rel1.linux64_1.0.100.202602081740/tools/bin/../lib/gcc/arm-none-eabi/14.3.1/../../../../arm-none-eabi/lib/thumb/v7e-m+dp/hard/libc_nano.a(libc_a-findfp.o) (__sread)
/opt/stm32cubeide/plugins/com.st.stm32cube.ide.mcu.externaltools.gnu-tools-for-stm32.14.3.rel1.linux64_1.0.100.202602081740/tools/bin/../lib/gcc/arm-none-eabi/14.3.1/../../../../arm-none-eabi/lib/thumb/v7e-m+dp/hard/libc_nano.a(libc_a-vsnprintf.o)
                              ./Core/Src/logger.o (vsnprintf)
/opt/stm32cubeide/plugins/com.st.stm32cube.ide.mcu.externaltools.gnu-tools-for-stm32.14.3.rel1.linux64_1.0.100.202602081740/tools/bin/../lib/gcc/arm-none-eabi/14.3.1/../../../../arm-none-eabi/lib/thumb/v7e-m+dp/hard/libc_nano.a(libc_a-memmove.o)
                              ./Core/Src/terminal_parser.o (memmove)
/opt/stm32cubeide/plugins/com.st.stm32cube.ide.mcu.externaltools.gnu-tools-for-stm32.14.3.rel1.linux64_1.0.100.202602081740/tools/bin/../lib/gcc/arm-none-eabi/14.3.1/../../../../arm-none-eabi/lib/thumb/v7e-m+dp/hard/libc_nano.a(libc_a-memset.o)
                              /opt/stm32cubeide/plugins/com.st.stm32cube.ide.mcu.externaltools.gnu-tools-for-stm32.14.3.rel1.linux64_1.0.100.202602081740/tools/bin/../lib/gcc/arm-none-eabi/14.3.1/../../../../arm-none-eabi/lib/thumb/v7e-m+dp/hard/crt0.o (memset)
[...]
Memory Configuration

Name             Origin             Length             Attributes
ITCMRAM          0x00000000         0x00010000         xrw
DTCMRAM          0x20000000         0x00020000         xrw
FLASH            0x08000000         0x00100000         xr
RAM_D1           0x24000000         0x00050000         xrw
RAM_D2           0x30000000         0x00008000         xrw
RAM_D3           0x38000000         0x00004000         xrw
*default*        0x00000000         0xffffffff

Linker script and memory map

LOAD /opt/stm32cubeide/plugins/com.st.stm32cube.ide.mcu.externaltools.gnu-tools-for-stm32.14.3.rel1.linux64_1.0.100.202602081740/tools/bin/../lib/gcc/arm-none-eabi/14.3.1/thumb/v7e-m+dp/hard/crti.o
LOAD /opt/stm32cubeide/plugins/com.st.stm32cube.ide.mcu.externaltools.gnu-tools-for-stm32.14.3.rel1.linux64_1.0.100.202602081740/tools/bin/../lib/gcc/arm-none-eabi/14.3.1/thumb/v7e-m+dp/hard/crtbegin.o
LOAD /opt/stm32cubeide/plugins/com.st.stm32cube.ide.mcu.externaltools.gnu-tools-for-stm32.14.3.rel1.linux64_1.0.100.202602081740/tools/bin/../lib/gcc/arm-none-eabi/14.3.1/../../../../arm-none-eabi/lib/thumb/v7e-m+dp/hard/crt0.o
LOAD ./Core/Src/ack_manager.o
LOAD ./Core/Src/activity_light.o
LOAD ./Core/Src/app_main.o
LOAD ./Core/Src/command_handler.o
LOAD ./Core/Src/control_mode.o
LOAD ./Core/Src/i2c_scanner.o
LOAD ./Core/Src/imu_mpu9250.o
LOAD ./Core/Src/logger.o
LOAD ./Core/Src/main.o
LOAD ./Core/Src/motion_controller.o
LOAD ./Core/Src/motor_dispatcher.o
LOAD ./Core/Src/motor_link.o
LOAD ./Core/Src/motor_protocol.o
LOAD ./Core/Src/motor_tx_dma.o
LOAD ./Core/Src/motor_uart_dma.o
LOAD ./Core/Src/operating_mode.o
LOAD ./Core/Src/safety_manager.o
LOAD ./Core/Src/stm32h7xx_hal_msp.o
LOAD ./Core/Src/stm32h7xx_it.o
LOAD ./Core/Src/syscalls.o
LOAD ./Core/Src/sysmem.o
LOAD ./Core/Src/system_stm32h7xx.o
LOAD ./Core/Src/terminal_if.o
LOAD ./Core/Src/terminal_parser.o
LOAD ./Core/Startup/startup_stm32h723zgtx.o
LOAD ./Drivers/STM32H7xx_HAL_Driver/Src/stm32h7xx_hal.o
LOAD ./Drivers/STM32H7xx_HAL_Driver/Src/stm32h7xx_hal_cortex.o
LOAD ./Drivers/STM32H7xx_HAL_Driver/Src/stm32h7xx_hal_dma.o
LOAD ./Drivers/STM32H7xx_HAL_Driver/Src/stm32h7xx_hal_dma_ex.o
LOAD ./Drivers/STM32H7xx_HAL_Driver/Src/stm32h7xx_hal_exti.o
LOAD ./Drivers/STM32H7xx_HAL_Driver/Src/stm32h7xx_hal_flash.o
LOAD ./Drivers/STM32H7xx_HAL_Driver/Src/stm32h7xx_hal_flash_ex.o
LOAD ./Drivers/STM32H7xx_HAL_Driver/Src/stm32h7xx_hal_gpio.o
LOAD ./Drivers/STM32H7xx_HAL_Driver/Src/stm32h7xx_hal_hsem.o
LOAD ./Drivers/STM32H7xx_HAL_Driver/Src/stm32h7xx_hal_i2c.o
LOAD ./Drivers/STM32H7xx_HAL_Driver/Src/stm32h7xx_hal_i2c_ex.o
LOAD ./Drivers/STM32H7xx_HAL_Driver/Src/stm32h7xx_hal_mdma.o
LOAD ./Drivers/STM32H7xx_HAL_Driver/Src/stm32h7xx_hal_pwr.o
LOAD ./Drivers/STM32H7xx_HAL_Driver/Src/stm32h7xx_hal_pwr_ex.o
LOAD ./Drivers/STM32H7xx_HAL_Driver/Src/stm32h7xx_hal_rcc.o
LOAD ./Drivers/STM32H7xx_HAL_Driver/Src/stm32h7xx_hal_rcc_ex.o
LOAD ./Drivers/STM32H7xx_HAL_Driver/Src/stm32h7xx_hal_tim.o
LOAD ./Drivers/STM32H7xx_HAL_Driver/Src/stm32h7xx_hal_tim_ex.o
LOAD ./Drivers/STM32H7xx_HAL_Driver/Src/stm32h7xx_hal_uart.o
LOAD ./Drivers/STM32H7xx_HAL_Driver/Src/stm32h7xx_hal_uart_ex.o
START GROUP
LOAD /opt/stm32cubeide/plugins/com.st.stm32cube.ide.mcu.externaltools.gnu-tools-for-stm32.14.3.rel1.linux64_1.0.100.202602081740/tools/bin/../lib/gcc/arm-none-eabi/14.3.1/../../../../arm-none-eabi/lib/thumb/v7e-m+dp/hard/libc_nano.a
LOAD /opt/stm32cubeide/plugins/com.st.stm32cube.ide.mcu.externaltools.gnu-tools-for-stm32.14.3.rel1.linux64_1.0.100.202602081740/tools/bin/../lib/gcc/arm-none-eabi/14.3.1/../../../../arm-none-eabi/lib/thumb/v7e-m+dp/hard/libm.a
END GROUP
START GROUP
LOAD /opt/stm32cubeide/plugins/com.st.stm32cube.ide.mcu.externaltools.gnu-tools-for-stm32.14.3.rel1.linux64_1.0.100.202602081740/tools/bin/../lib/gcc/arm-none-eabi/14.3.1/thumb/v7e-m+dp/hard/libgcc.a
LOAD /opt/stm32cubeide/plugins/com.st.stm32cube.ide.mcu.externaltools.gnu-tools-for-stm32.14.3.rel1.linux64_1.0.100.202602081740/tools/bin/../lib/gcc/arm-none-eabi/14.3.1/../../../../arm-none-eabi/lib/thumb/v7e-m+dp/hard/libc_nano.a
END GROUP
START GROUP
LOAD /opt/stm32cubeide/plugins/com.st.stm32cube.ide.mcu.externaltools.gnu-tools-for-stm32.14.3.rel1.linux64_1.0.100.202602081740/tools/bin/../lib/gcc/arm-none-eabi/14.3.1/thumb/v7e-m+dp/hard/libgcc.a
LOAD /opt/stm32cubeide/plugins/com.st.stm32cube.ide.mcu.externaltools.gnu-tools-for-stm32.14.3.rel1.linux64_1.0.100.202602081740/tools/bin/../lib/gcc/arm-none-eabi/14.3.1/../../../../arm-none-eabi/lib/thumb/v7e-m+dp/hard/libc_nano.a
LOAD /opt/stm32cubeide/plugins/com.st.stm32cube.ide.mcu.externaltools.gnu-tools-for-stm32.14.3.rel1.linux64_1.0.100.202602081740/tools/bin/../lib/gcc/arm-none-eabi/14.3.1/../../../../arm-none-eabi/lib/thumb/v7e-m+dp/hard/libnosys.a
END GROUP
START GROUP
LOAD /opt/stm32cubeide/plugins/com.st.stm32cube.ide.mcu.externaltools.gnu-tools-for-stm32.14.3.rel1.linux64_1.0.100.202602081740/tools/bin/../lib/gcc/arm-none-eabi/14.3.1/thumb/v7e-m+dp/hard/libgcc.a
LOAD /opt/stm32cubeide/plugins/com.st.stm32cube.ide.mcu.externaltools.gnu-tools-for-stm32.14.3.rel1.linux64_1.0.100.202602081740/tools/bin/../lib/gcc/arm-none-eabi/14.3.1/../../../../arm-none-eabi/lib/thumb/v7e-m+dp/hard/libc_nano.a
LOAD /opt/stm32cubeide/plugins/com.st.stm32cube.ide.mcu.externaltools.gnu-tools-for-stm32.14.3.rel1.linux64_1.0.100.202602081740/tools/bin/../lib/gcc/arm-none-eabi/14.3.1/../../../../arm-none-eabi/lib/thumb/v7e-m+dp/hard/libnosys.a
END GROUP
LOAD /opt/stm32cubeide/plugins/com.st.stm32cube.ide.mcu.externaltools.gnu-tools-for-stm32.14.3.rel1.linux64_1.0.100.202602081740/tools/bin/../lib/gcc/arm-none-eabi/14.3.1/thumb/v7e-m+dp/hard/crtend.o
LOAD /opt/stm32cubeide/plugins/com.st.stm32cube.ide.mcu.externaltools.gnu-tools-for-stm32.14.3.rel1.linux64_1.0.100.202602081740/tools/bin/../lib/gcc/arm-none-eabi/14.3.1/thumb/v7e-m+dp/hard/crtn.o
                0x24050000                        _estack = (ORIGIN (RAM_D1) + LENGTH (RAM_D1))
                0x00000200                        _Min_Heap_Size = 0x200
                0x00000400                        _Min_Stack_Size = 0x400

.isr_vector     0x08000000      0x2cc
                0x08000000                        . = ALIGN (0x4)
 *(.isr_vector)
 .isr_vector    0x08000000      0x2cc ./Core/Startup/startup_stm32h723zgtx.o
                0x08000000                g_pfnVectors
                0x080002cc                        . = ALIGN (0x4)

.text           0x080002d0    0x12dd8
                0x080002d0                        . = ALIGN (0x4)
 *(.text)
 .text          0x080002d0       0x40 /opt/stm32cubeide/plugins/com.st.stm32cube.ide.mcu.externaltools.gnu-tools-for-stm32.14.3.rel1.linux64_1.0.100.202602081740/tools/bin/../lib/gcc/arm-none-eabi/14.3.1/thumb/v7e-m+dp/hard/crtbegin.o
 .text          0x08000310       0x14 /opt/stm32cubeide/plugins/com.st.stm32cube.ide.mcu.externaltools.gnu-tools-for-stm32.14.3.rel1.linux64_1.0.100.202602081740/tools/bin/../lib/gcc/arm-none-eabi/14.3.1/../../../../arm-none-eabi/lib/thumb/v7e-m+dp/hard/libc_nano.a(libc_a-strcmp.o)
                0x08000310                strcmp
 .text          0x08000324       0x10 /opt/stm32cubeide/plugins/com.st.stm32cube.ide.mcu.externaltools.gnu-tools-for-stm32.14.3.rel1.linux64_1.0.100.202602081740/tools/bin/../lib/gcc/arm-none-eabi/14.3.1/../../../../arm-none-eabi/lib/thumb/v7e-m+dp/hard/libc_nano.a(libc_a-strlen.o)
                0x08000324                strlen
 *fill*         0x08000334        0xc 
 .text          0x08000340       0xa0 /opt/stm32cubeide/plugins/com.st.stm32cube.ide.mcu.externaltools.gnu-tools-for-stm32.14.3.rel1.linux64_1.0.100.202602081740/tools/bin/../lib/gcc/arm-none-eabi/14.3.1/../../../../arm-none-eabi/lib/thumb/v7e-m+dp/hard/libc_nano.a(libc_a-memchr.o)
                0x08000340                memchr
 .text          0x080003e0       0x30 /opt/stm32cubeide/plugins/com.st.stm32cube.ide.mcu.externaltools.gnu-tools-for-stm32.14.3.rel1.linux64_1.0.100.202602081740/tools/bin/../lib/gcc/arm-none-eabi/14.3.1/thumb/v7e-m+dp/hard/libgcc.a(_aeabi_uldivmod.o)
                0x080003e0                __aeabi_uldivmod
 .text          0x08000410      0x2f8 /opt/stm32cubeide/plugins/com.st.stm32cube.ide.mcu.externaltools.gnu-tools-for-stm32.14.3.rel1.linux64_1.0.100.202602081740/tools/bin/../lib/gcc/arm-none-eabi/14.3.1/thumb/v7e-m+dp/hard/libgcc.a(_udivmoddi4.o)
                0x08000410                __udivmoddi4
 .text          0x08000708        0x4 /opt/stm32cubeide/plugins/com.st.stm32cube.ide.mcu.externaltools.gnu-tools-for-stm32.14.3.rel1.linux64_1.0.100.202602081740/tools/bin/../lib/gcc/arm-none-eabi/14.3.1/thumb/v7e-m+dp/hard/libgcc.a(_dvmd_tls.o)
                0x08000708                __aeabi_ldiv0
                0x08000708                __aeabi_idiv0
 *(.text*)
 .text.AckManager_Init
                0x0800070c       0x18 ./Core/Src/ack_manager.o
                0x0800070c                AckManager_Init
 .text.AckManager_Update
                0x08000724       0xd4 ./Core/Src/ack_manager.o
                0x08000724                AckManager_Update
 .text.ActivityLight_Init
                0x080007f8        0xe ./Core/Src/activity_light.o
                0x080007f8                ActivityLight_Init
 *fill*         0x08000806        0x2 
 .text.ActivityLight_SetMode
                0x08000808       0x88 ./Core/Src/activity_light.o
                0x08000808                ActivityLight_SetMode
 .text.App_Init
                0x08000890       0x6c ./Core/Src/app_main.o
                0x08000890                App_Init
 .text.App_Update
                0x080008fc       0xf8 ./Core/Src/app_main.o
                0x080008fc                App_Update
 .text.MotionPrefix
                0x080009f4       0x98 ./Core/Src/command_handler.o
 .text.IsSafeRawPayload
                0x08000a8c       0x94 ./Core/Src/command_handler.o
 .text.MotorTagName
                0x08000b20       0x5c ./Core/Src/command_handler.o
 .text.HandleOperatingMode
                0x08000b7c       0x88 ./Core/Src/command_handler.o
 .text.WaitForTxDrain
                0x08000c04       0x3e ./Core/Src/command_handler.o
 *fill*         0x08000c42        0x2 
 .text.HandleControlModeSwitch
                0x08000c44       0xf4 ./Core/Src/command_handler.o
 .text.CommandHandler_PrintHelp
                0x08000d38      0x2f8 ./Core/Src/command_handler.o
                0x08000d38                CommandHandler_PrintHelp
 .text.CommandHandler_Handle
                0x08001030      0x520 ./Core/Src/command_handler.o
                0x08001030                CommandHandler_Handle
 .text.ControlMode_Init
                0x08001550       0x18 ./Core/Src/control_mode.o
                0x08001550                ControlMode_Init
 .text.ControlMode_Set
                0x08001568       0x20 ./Core/Src/control_mode.o
                0x08001568                ControlMode_Set
 .text.ControlMode_Get
                0x08001588       0x18 ./Core/Src/control_mode.o
                0x08001588                ControlMode_Get
 .text.ControlMode_ToString
                0x080015a0       0x2c ./Core/Src/control_mode.o
                0x080015a0                ControlMode_ToString
 .text.I2C_Scanner_Probe7
                0x080015cc       0x46 ./Core/Src/i2c_scanner.o
                0x080015cc                I2C_Scanner_Probe7
 *fill*         0x08001612        0x2 
 .text.I2C_ScanBus
                0x08001614       0xc8 ./Core/Src/i2c_scanner.o
                0x08001614                I2C_ScanBus
 .text.I2C_Scanner_WarmupUntilFound
                0x080016dc       0xa0 ./Core/Src/i2c_scanner.o
                0x080016dc                I2C_Scanner_WarmupUntilFound
 .text.IMU_MPU9250_IsSupportedWho
                0x0800177c       0x30 ./Core/Src/imu_mpu9250.o
                0x0800177c                IMU_MPU9250_IsSupportedWho
 .text.ChipName
                0x080017ac       0x48 ./Core/Src/imu_mpu9250.o
 .text.IMU_MPU9250_FindAndWriteReg
                0x080017f4      0x158 ./Core/Src/imu_mpu9250.o
                0x080017f4                IMU_MPU9250_FindAndWriteReg
 .text.IMU_MPU9250_FindAndReadReg
                0x0800194c       0xcc ./Core/Src/imu_mpu9250.o
                0x0800194c                IMU_MPU9250_FindAndReadReg
 .text.IMU_MPU9250_FindAndReadWho
                0x08001a18      0x1cc ./Core/Src/imu_mpu9250.o
                0x08001a18                IMU_MPU9250_FindAndReadWho
 .text.IMU_MPU9250_WhoAmI
                0x08001be4       0x74 ./Core/Src/imu_mpu9250.o
                0x08001be4                IMU_MPU9250_WhoAmI
 .text.IMU_MPU9250_WarmupProbe
                0x08001c58       0xa0 ./Core/Src/imu_mpu9250.o
                0x08001c58                IMU_MPU9250_WarmupProbe
 .text.WriteAndVerify
                0x08001cf8       0xd0 ./Core/Src/imu_mpu9250.o
 .text.WriteAndVerifyOptional
                0x08001dc8       0xc0 ./Core/Src/imu_mpu9250.o
 .text.IMU_MPU9250_InitBasic
                0x08001e88      0x2fc ./Core/Src/imu_mpu9250.o
                0x08001e88                IMU_MPU9250_InitBasic
 .text.IMU_MPU9250_CfgTest
                0x08002184      0x3c4 ./Core/Src/imu_mpu9250.o
                0x08002184                IMU_MPU9250_CfgTest
 .text.IMU_MPU9250_UpdateDebugRaw
                0x08002548       0xb8 ./Core/Src/imu_mpu9250.o
                0x08002548                IMU_MPU9250_UpdateDebugRaw
 .text.IMU_MPU9250_FindAndReadBytes
                0x08002600       0xe8 ./Core/Src/imu_mpu9250.o
                0x08002600                IMU_MPU9250_FindAndReadBytes
 .text.IMU_MPU9250_FindAndReadBytesVerbose
                0x080026e8      0x198 ./Core/Src/imu_mpu9250.o
                0x080026e8                IMU_MPU9250_FindAndReadBytesVerbose
 .text.IMU_MPU9250_ReadRaw
                0x08002880       0xbc ./Core/Src/imu_mpu9250.o
                0x08002880                IMU_MPU9250_ReadRaw
 .text.IMU_MPU9250_GyroTest
                0x0800293c      0x710 ./Core/Src/imu_mpu9250.o
                0x0800293c                IMU_MPU9250_GyroTest
 .text.IMU_MPU9250_ReadConverted
                0x0800304c      0x118 ./Core/Src/imu_mpu9250.o
                0x0800304c                IMU_MPU9250_ReadConverted
 .text.Logger_Init
                0x08003164       0x18 ./Core/Src/logger.o
                0x08003164                Logger_Init
 .text.Logger_Log
                0x0800317c       0x90 ./Core/Src/logger.o
                0x0800317c                Logger_Log
 .text.main     0x0800320c       0x3a ./Core/Src/main.o
                0x0800320c                main
 *fill*         0x08003246        0x2 
 .text.SystemClock_Config
                0x08003248       0xdc ./Core/Src/main.o
                0x08003248                SystemClock_Config
 .text.MX_I2C1_Init
                0x08003324       0x80 ./Core/Src/main.o
 .text.MX_UART4_Init
                0x080033a4       0x98 ./Core/Src/main.o
 .text.MX_UART5_Init
                0x0800343c       0x98 ./Core/Src/main.o
 .text.MX_UART7_Init
                0x080034d4       0x98 ./Core/Src/main.o
 .text.MX_USART2_UART_Init
                0x0800356c       0x98 ./Core/Src/main.o
 .text.MX_USART3_UART_Init
                0x08003604       0x98 ./Core/Src/main.o
 .text.MX_DMA_Init
                0x0800369c       0xb0 ./Core/Src/main.o
 .text.MX_GPIO_Init
                0x0800374c       0xe4 ./Core/Src/main.o
 .text.MPU_Config
                0x08003830       0x58 ./Core/Src/main.o
 .text.Error_Handler
                0x08003888       0x98 ./Core/Src/main.o
                0x08003888                Error_Handler
 .text.SetMotor
                0x08003920       0x38 ./Core/Src/motion_controller.o
 .text.SetAllMotors
                0x08003958       0x3a ./Core/Src/motion_controller.o
 *fill*         0x08003992        0x2 
 .text.SetMotorCmd
                0x08003994       0x38 ./Core/Src/motion_controller.o
 .text.MotionController_Init
                0x080039cc       0x18 ./Core/Src/motion_controller.o
                0x080039cc                MotionController_Init
 .text.ApplyMotorPolarity
                0x080039e4       0xb0 ./Core/Src/motion_controller.o
 .text.MotionController_Execute
                0x08003a94       0xec ./Core/Src/motion_controller.o
                0x08003a94                MotionController_Execute
 .text.MotionController_Stop
                0x08003b80       0x28 ./Core/Src/motion_controller.o
                0x08003b80                MotionController_Stop
 .text.MotionController_DisarmSafe
                0x08003ba8       0x10 ./Core/Src/motion_controller.o
                0x08003ba8                MotionController_DisarmSafe
 .text.MotorDispatcher_Init
                0x08003bb8       0x40 ./Core/Src/motor_dispatcher.o
                0x08003bb8                MotorDispatcher_Init
 .text.MotorDispatcher_Send
                0x08003bf8      0x1ac ./Core/Src/motor_dispatcher.o
                0x08003bf8                MotorDispatcher_Send
 .text.MotorDispatcher_SendAll
                0x08003da4       0x36 ./Core/Src/motor_dispatcher.o
                0x08003da4                MotorDispatcher_SendAll
 *fill*         0x08003dda        0x2 
 .text.MotorDispatcher_SendRaw
                0x08003ddc       0xc4 ./Core/Src/motor_dispatcher.o
                0x08003ddc                MotorDispatcher_SendRaw
 .text.FlipRawDirection
                0x08003ea0       0xc4 ./Core/Src/motor_dispatcher.o
 .text.MotorDispatcher_SendRawToMotor
                0x08003f64       0xb8 ./Core/Src/motor_dispatcher.o
                0x08003f64                MotorDispatcher_SendRawToMotor
 .text.MotorDispatcher_SendTunePayload
                0x0800401c      0x15c ./Core/Src/motor_dispatcher.o
                0x0800401c                MotorDispatcher_SendTunePayload
 .text.MotorDispatcher_GetLink
                0x08004178       0x34 ./Core/Src/motor_dispatcher.o
                0x08004178                MotorDispatcher_GetLink
 .text.MotorDispatcher_Update
                0x080041ac       0x3c ./Core/Src/motor_dispatcher.o
                0x080041ac                MotorDispatcher_Update
 .text.MotorLink_Init
                0x080041e8       0x2a ./Core/Src/motor_link.o
                0x080041e8                MotorLink_Init
 .text.MotorLink_Update
                0x08004212       0x34 ./Core/Src/motor_link.o
                0x08004212                MotorLink_Update
 *fill*         0x08004246        0x2 
 .text.MotorProtocol_Encode
                0x08004248       0xe8 ./Core/Src/motor_protocol.o
                0x08004248                MotorProtocol_Encode
 .text.FindChannelByUart
                0x08004330       0x54 ./Core/Src/motor_tx_dma.o
 .text.IsSafetyCommand
                0x08004384       0xc4 ./Core/Src/motor_tx_dma.o
 .text.QueueIsFull
                0x08004448       0x26 ./Core/Src/motor_tx_dma.o
 .text.QueueIsEmpty
                0x0800446e       0x26 ./Core/Src/motor_tx_dma.o
 .text.QueueClearLocked
                0x08004494       0x2c ./Core/Src/motor_tx_dma.o
 .text.QueuePush
                0x080044c0       0xfa ./Core/Src/motor_tx_dma.o
 .text.QueuePopLocked
                0x080045ba       0x78 ./Core/Src/motor_tx_dma.o
 .text.QueueClear
                0x08004632       0x2e ./Core/Src/motor_tx_dma.o
 .text.MotorTxDma_TryStartNext
                0x08004660       0xe2 ./Core/Src/motor_tx_dma.o
 *fill*         0x08004742        0x2 
 .text.MotorTxDma_Init
                0x08004744       0xd8 ./Core/Src/motor_tx_dma.o
                0x08004744                MotorTxDma_Init
 .text.MotorTxDma_Send
                0x0800481c      0x150 ./Core/Src/motor_tx_dma.o
                0x0800481c                MotorTxDma_Send
 .text.MotorTxDma_OnTxComplete
                0x0800496c       0x44 ./Core/Src/motor_tx_dma.o
                0x0800496c                MotorTxDma_OnTxComplete
 .text.MotorTxDma_OnTxError
                0x080049b0       0x3c ./Core/Src/motor_tx_dma.o
                0x080049b0                MotorTxDma_OnTxError
 .text.MotorTxDma_AllIdle
                0x080049ec       0x60 ./Core/Src/motor_tx_dma.o
                0x080049ec                MotorTxDma_AllIdle
 .text.MotorTxDma_CancelPending
                0x08004a4c       0x3c ./Core/Src/motor_tx_dma.o
                0x08004a4c                MotorTxDma_CancelPending
 .text.HAL_UART_TxCpltCallback
                0x08004a88       0x16 ./Core/Src/motor_tx_dma.o
                0x08004a88                HAL_UART_TxCpltCallback
 *fill*         0x08004a9e        0x2 
 .text.LookupSlot
                0x08004aa0       0x60 ./Core/Src/motor_uart_dma.o
 .text.GetMotorIdFromUart
                0x08004b00       0x88 ./Core/Src/motor_uart_dma.o
 .text.ReportUartError
                0x08004b88       0xf8 ./Core/Src/motor_uart_dma.o
 .text.ProcessDmaRestart
                0x08004c80      0x208 ./Core/Src/motor_uart_dma.o
 .text.StartDmaRx
                0x08004e88      0x1c4 ./Core/Src/motor_uart_dma.o
 .text.MotorUartDma_Init
                0x0800504c       0xe0 ./Core/Src/motor_uart_dma.o
                0x0800504c                MotorUartDma_Init
 .text.MotorUartDma_StartAllRx
                0x0800512c       0x60 ./Core/Src/motor_uart_dma.o
                0x0800512c                MotorUartDma_StartAllRx
 .text.MotorUartDma_Update
                0x0800518c      0x160 ./Core/Src/motor_uart_dma.o
                0x0800518c                MotorUartDma_Update
 .text.HAL_UARTEx_RxEventCallback
                0x080052ec      0x290 ./Core/Src/motor_uart_dma.o
                0x080052ec                HAL_UARTEx_RxEventCallback
 .text.HAL_UART_ErrorCallback
                0x0800557c       0xc0 ./Core/Src/motor_uart_dma.o
                0x0800557c                HAL_UART_ErrorCallback
 .text.OperatingMode_Init
                0x0800563c       0x18 ./Core/Src/operating_mode.o
                0x0800563c                OperatingMode_Init
 .text.OperatingMode_Set
                0x08005654       0x3c ./Core/Src/operating_mode.o
                0x08005654                OperatingMode_Set
 .text.OperatingMode_Get
                0x08005690       0x18 ./Core/Src/operating_mode.o
                0x08005690                OperatingMode_Get
 .text.OperatingMode_IsDisarm
                0x080056a8       0x20 ./Core/Src/operating_mode.o
                0x080056a8                OperatingMode_IsDisarm
 .text.OperatingMode_ToString
                0x080056c8       0x44 ./Core/Src/operating_mode.o
                0x080056c8                OperatingMode_ToString
 .text.GetMotorName
                0x0800570c       0x5c ./Core/Src/safety_manager.o
 .text.SafetyManager_Init
                0x08005768       0x4c ./Core/Src/safety_manager.o
                0x08005768                SafetyManager_Init
 .text.SafetyManager_Update
                0x080057b4       0xd8 ./Core/Src/safety_manager.o
                0x080057b4                SafetyManager_Update
 .text.SafetyManager_NotifyRx
                0x0800588c       0x50 ./Core/Src/safety_manager.o
                0x0800588c                SafetyManager_NotifyRx
 .text.SafetyManager_EnterDisarm
                0x080058dc       0x20 ./Core/Src/safety_manager.o
                0x080058dc                SafetyManager_EnterDisarm
 .text.SafetyManager_LeaveDisarm
                0x080058fc       0x10 ./Core/Src/safety_manager.o
                0x080058fc                SafetyManager_LeaveDisarm
 .text.HAL_MspInit
                0x0800590c       0x34 ./Core/Src/stm32h7xx_hal_msp.o
                0x0800590c                HAL_MspInit
 .text.HAL_I2C_MspInit
                0x08005940       0xd4 ./Core/Src/stm32h7xx_hal_msp.o
                0x08005940                HAL_I2C_MspInit
 .text.HAL_UART_MspInit
                0x08005a14      0x7e4 ./Core/Src/stm32h7xx_hal_msp.o
                0x08005a14                HAL_UART_MspInit
 .text.NMI_Handler
                0x080061f8        0x8 ./Core/Src/stm32h7xx_it.o
                0x080061f8                NMI_Handler
 .text.HardFault_Handler
                0x08006200        0x8 ./Core/Src/stm32h7xx_it.o
                0x08006200                HardFault_Handler
 .text.MemManage_Handler
                0x08006208        0x8 ./Core/Src/stm32h7xx_it.o
                0x08006208                MemManage_Handler
 .text.BusFault_Handler
                0x08006210        0x8 ./Core/Src/stm32h7xx_it.o
                0x08006210                BusFault_Handler
 .text.UsageFault_Handler
                0x08006218        0x8 ./Core/Src/stm32h7xx_it.o
                0x08006218                UsageFault_Handler
 .text.SVC_Handler
                0x08006220        0xe ./Core/Src/stm32h7xx_it.o
                0x08006220                SVC_Handler
 .text.DebugMon_Handler
                0x0800622e        0xe ./Core/Src/stm32h7xx_it.o
                0x0800622e                DebugMon_Handler
 .text.PendSV_Handler
                0x0800623c        0xe ./Core/Src/stm32h7xx_it.o
                0x0800623c                PendSV_Handler
 .text.SysTick_Handler
                0x0800624a        0xc ./Core/Src/stm32h7xx_it.o
                0x0800624a                SysTick_Handler
 *fill*         0x08006256        0x2 
 .text.DMA1_Stream0_IRQHandler
                0x08006258       0x14 ./Core/Src/stm32h7xx_it.o
                0x08006258                DMA1_Stream0_IRQHandler
 .text.DMA1_Stream1_IRQHandler
                0x0800626c       0x14 ./Core/Src/stm32h7xx_it.o
                0x0800626c                DMA1_Stream1_IRQHandler
 .text.DMA1_Stream2_IRQHandler
                0x08006280       0x14 ./Core/Src/stm32h7xx_it.o
                0x08006280                DMA1_Stream2_IRQHandler
 .text.DMA1_Stream3_IRQHandler
                0x08006294       0x14 ./Core/Src/stm32h7xx_it.o
                0x08006294                DMA1_Stream3_IRQHandler
 .text.DMA1_Stream4_IRQHandler
                0x080062a8       0x14 ./Core/Src/stm32h7xx_it.o
                0x080062a8                DMA1_Stream4_IRQHandler
 .text.DMA1_Stream5_IRQHandler
                0x080062bc       0x14 ./Core/Src/stm32h7xx_it.o
                0x080062bc                DMA1_Stream5_IRQHandler
 .text.DMA1_Stream6_IRQHandler
                0x080062d0       0x14 ./Core/Src/stm32h7xx_it.o
                0x080062d0                DMA1_Stream6_IRQHandler
 .text.USART2_IRQHandler
                0x080062e4       0x14 ./Core/Src/stm32h7xx_it.o
                0x080062e4                USART2_IRQHandler
 .text.USART3_IRQHandler
                0x080062f8       0x14 ./Core/Src/stm32h7xx_it.o
                0x080062f8                USART3_IRQHandler
 .text.DMA1_Stream7_IRQHandler
                0x0800630c       0x14 ./Core/Src/stm32h7xx_it.o
                0x0800630c                DMA1_Stream7_IRQHandler
 .text.UART4_IRQHandler
                0x08006320       0x14 ./Core/Src/stm32h7xx_it.o
                0x08006320                UART4_IRQHandler
 .text.UART5_IRQHandler
                0x08006334       0x14 ./Core/Src/stm32h7xx_it.o
                0x08006334                UART5_IRQHandler
 .text.UART7_IRQHandler
                0x08006348       0x14 ./Core/Src/stm32h7xx_it.o
                0x08006348                UART7_IRQHandler
 .text._sbrk    0x0800635c       0x6c ./Core/Src/sysmem.o
                0x0800635c                _sbrk
 .text.SystemInit
                0x080063c8      0x120 ./Core/Src/system_stm32h7xx.o
                0x080063c8                SystemInit
 .text.ExitRun0Mode
                0x080064e8       0x18 ./Core/Src/system_stm32h7xx.o
                0x080064e8                ExitRun0Mode
 .text.QueuePushFromIsr
                0x08006500      0x108 ./Core/Src/terminal_if.o
 .text.QueuePop
                0x08006608       0xd0 ./Core/Src/terminal_if.o
 .text.TerminalIf_Init
                0x080066d8       0x80 ./Core/Src/terminal_if.o
                0x080066d8                TerminalIf_Init
 .text.TerminalIf_RxCallback
                0x08006758       0x84 ./Core/Src/terminal_if.o
                0x08006758                TerminalIf_RxCallback
 .text.TerminalIf_GetLine
                0x080067dc       0x1c ./Core/Src/terminal_if.o
                0x080067dc                TerminalIf_GetLine
 .text.TerminalIf_GetPendingLineCount
                0x080067f8       0x18 ./Core/Src/terminal_if.o
                0x080067f8                TerminalIf_GetPendingLineCount
 .text.TerminalIf_GetDroppedLineCount
                0x08006810       0x18 ./Core/Src/terminal_if.o
                0x08006810                TerminalIf_GetDroppedLineCount
 .text.TerminalIf_GetReceivedLineCount
                0x08006828       0x18 ./Core/Src/terminal_if.o
                0x08006828                TerminalIf_GetReceivedLineCount
 .text.TerminalIf_GetMaxLineQueueDepth
                0x08006840       0x18 ./Core/Src/terminal_if.o
                0x08006840                TerminalIf_GetMaxLineQueueDepth
 .text.HAL_UART_RxCpltCallback
                0x08006858       0x3c ./Core/Src/terminal_if.o
                0x08006858                HAL_UART_RxCpltCallback
 .text.allDigits
                0x08006894       0x54 ./Core/Src/terminal_parser.o
 .text.IsInt    0x080068e8       0x78 ./Core/Src/terminal_parser.o
 .text.IsNumeric
                0x08006960       0x98 ./Core/Src/terminal_parser.o
 .text.NextToken
                0x080069f8       0x98 ./Core/Src/terminal_parser.o
 .text.ParseTuneCommand
                0x08006a90      0xaf0 ./Core/Src/terminal_parser.o
 .text.FillMotion
                0x08007580       0x64 ./Core/Src/terminal_parser.o
 .text.TerminalParser_Parse
                0x080075e4      0x798 ./Core/Src/terminal_parser.o
                0x080075e4                TerminalParser_Parse
 .text.Reset_Handler
                0x08007d7c       0x54 ./Core/Startup/startup_stm32h723zgtx.o
                0x08007d7c                Reset_Handler
 .text.Default_Handler
                0x08007dd0        0x2 ./Core/Startup/startup_stm32h723zgtx.o
                0x08007dd0                RTC_Alarm_IRQHandler
                0x08007dd0                EXTI2_IRQHandler
                0x08007dd0                TIM8_CC_IRQHandler
                0x08007dd0                UART8_IRQHandler
                0x08007dd0                SPI4_IRQHandler
                0x08007dd0                FDCAN3_IT0_IRQHandler
                0x08007dd0                TIM1_CC_IRQHandler
                0x08007dd0                BDMA_Channel6_IRQHandler
                0x08007dd0                DMA2_Stream5_IRQHandler
                0x08007dd0                CORDIC_IRQHandler
                0x08007dd0                BDMA_Channel1_IRQHandler
                0x08007dd0                TAMP_STAMP_IRQHandler
                0x08007dd0                EXTI3_IRQHandler
                0x08007dd0                LPTIM4_IRQHandler
                0x08007dd0                TIM8_TRG_COM_TIM14_IRQHandler
                0x08007dd0                LPTIM2_IRQHandler
                0x08007dd0                DFSDM1_FLT1_IRQHandler
                0x08007dd0                DMAMUX2_OVR_IRQHandler
                0x08007dd0                TIM8_UP_TIM13_IRQHandler
                0x08007dd0                I2C3_ER_IRQHandler
                0x08007dd0                DFSDM1_FLT2_IRQHandler
                0x08007dd0                I2C5_EV_IRQHandler
                0x08007dd0                USART10_IRQHandler
                0x08007dd0                MDMA_IRQHandler
                0x08007dd0                LPTIM3_IRQHandler
                0x08007dd0                HSEM1_IRQHandler
                0x08007dd0                EXTI0_IRQHandler
                0x08007dd0                I2C2_EV_IRQHandler
                0x08007dd0                FPU_IRQHandler
                0x08007dd0                OTG_HS_WKUP_IRQHandler
                0x08007dd0                FDCAN1_IT1_IRQHandler
                0x08007dd0                LTDC_ER_IRQHandler
                0x08007dd0                DMA2_Stream2_IRQHandler
                0x08007dd0                SPI1_IRQHandler
                0x08007dd0                OCTOSPI1_IRQHandler
                0x08007dd0                TIM6_DAC_IRQHandler
                0x08007dd0                DMA2_Stream3_IRQHandler
                0x08007dd0                OCTOSPI2_IRQHandler
                0x08007dd0                DFSDM1_FLT3_IRQHandler
                0x08007dd0                TIM23_IRQHandler
                0x08007dd0                USART6_IRQHandler
                0x08007dd0                TIM17_IRQHandler
                0x08007dd0                BDMA_Channel7_IRQHandler
                0x08007dd0                LPTIM5_IRQHandler
                0x08007dd0                ADC3_IRQHandler
                0x08007dd0                DMA2_Stream0_IRQHandler
                0x08007dd0                TIM4_IRQHandler
                0x08007dd0                BDMA_Channel2_IRQHandler
                0x08007dd0                I2C1_EV_IRQHandler
                0x08007dd0                DMAMUX1_OVR_IRQHandler
                0x08007dd0                TIM16_IRQHandler
                0x08007dd0                BDMA_Channel5_IRQHandler
                0x08007dd0                TIM3_IRQHandler
                0x08007dd0                RCC_IRQHandler
                0x08007dd0                UART9_IRQHandler
                0x08007dd0                TIM8_BRK_TIM12_IRQHandler
                0x08007dd0                TIM1_TRG_COM_IRQHandler
                0x08007dd0                Default_Handler
                0x08007dd0                ECC_IRQHandler
                0x08007dd0                FMAC_IRQHandler
                0x08007dd0                CEC_IRQHandler
                0x08007dd0                EXTI15_10_IRQHandler
                0x08007dd0                BDMA_Channel0_IRQHandler
                0x08007dd0                ADC_IRQHandler
                0x08007dd0                I2C5_ER_IRQHandler
                0x08007dd0                SPI5_IRQHandler
                0x08007dd0                TIM7_IRQHandler
                0x08007dd0                FDCAN3_IT1_IRQHandler
                0x08007dd0                SDMMC1_IRQHandler
                0x08007dd0                TIM5_IRQHandler
                0x08007dd0                DMA2_Stream7_IRQHandler
                0x08007dd0                TIM15_IRQHandler
                0x08007dd0                PVD_AVD_IRQHandler
                0x08007dd0                I2C3_EV_IRQHandler
                0x08007dd0                EXTI9_5_IRQHandler
                0x08007dd0                RTC_WKUP_IRQHandler
                0x08007dd0                LTDC_IRQHandler
                0x08007dd0                ETH_WKUP_IRQHandler
                0x08007dd0                SPDIF_RX_IRQHandler
                0x08007dd0                SPI2_IRQHandler
                0x08007dd0                OTG_HS_EP1_IN_IRQHandler
                0x08007dd0                TIM24_IRQHandler
                0x08007dd0                CRS_IRQHandler
                0x08007dd0                EXTI4_IRQHandler
                0x08007dd0                RNG_IRQHandler
                0x08007dd0                FDCAN2_IT1_IRQHandler
                0x08007dd0                ETH_IRQHandler
                0x08007dd0                TIM1_UP_IRQHandler
                0x08007dd0                BDMA_Channel4_IRQHandler
                0x08007dd0                OTG_HS_EP1_OUT_IRQHandler
                0x08007dd0                WWDG_IRQHandler
                0x08007dd0                SPI6_IRQHandler
                0x08007dd0                MDIOS_IRQHandler
                0x08007dd0                I2C4_EV_IRQHandler
                0x08007dd0                FDCAN2_IT0_IRQHandler
                0x08007dd0                LPUART1_IRQHandler
                0x08007dd0                FDCAN1_IT0_IRQHandler
                0x08007dd0                TIM2_IRQHandler
                0x08007dd0                OTG_HS_IRQHandler
                0x08007dd0                DMA2D_IRQHandler
                0x08007dd0                TIM1_BRK_IRQHandler
                0x08007dd0                EXTI1_IRQHandler
                0x08007dd0                SDMMC2_IRQHandler
                0x08007dd0                BDMA_Channel3_IRQHandler
                0x08007dd0                DTS_IRQHandler
                0x08007dd0                MDIOS_WKUP_IRQHandler
                0x08007dd0                DFSDM1_FLT0_IRQHandler
                0x08007dd0                SAI4_IRQHandler
                0x08007dd0                I2C2_ER_IRQHandler
                0x08007dd0                DMA2_Stream1_IRQHandler
                0x08007dd0                FLASH_IRQHandler
                0x08007dd0                DMA2_Stream4_IRQHandler
                0x08007dd0                USART1_IRQHandler
                0x08007dd0                SPI3_IRQHandler
                0x08007dd0                WAKEUP_PIN_IRQHandler
                0x08007dd0                I2C1_ER_IRQHandler
                0x08007dd0                FMC_IRQHandler
                0x08007dd0                FDCAN_CAL_IRQHandler
                0x08007dd0                SWPMI1_IRQHandler
                0x08007dd0                COMP1_IRQHandler
                0x08007dd0                LPTIM1_IRQHandler
                0x08007dd0                DCMI_PSSI_IRQHandler
                0x08007dd0                I2C4_ER_IRQHandler
                0x08007dd0                DMA2_Stream6_IRQHandler
                0x08007dd0                SAI1_IRQHandler
 *fill*         0x08007dd2        0x2 
 .text.HAL_Init
                0x08007dd4       0x78 ./Drivers/STM32H7xx_HAL_Driver/Src/stm32h7xx_hal.o
                0x08007dd4                HAL_Init
 .text.HAL_InitTick
                0x08007e4c       0x6c ./Drivers/STM32H7xx_HAL_Driver/Src/stm32h7xx_hal.o
                0x08007e4c                HAL_InitTick
 .text.HAL_IncTick
                0x08007eb8       0x28 ./Drivers/STM32H7xx_HAL_Driver/Src/stm32h7xx_hal.o
                0x08007eb8                HAL_IncTick
 .text.HAL_GetTick
                0x08007ee0       0x18 ./Drivers/STM32H7xx_HAL_Driver/Src/stm32h7xx_hal.o
                0x08007ee0                HAL_GetTick
 .text.HAL_Delay
                0x08007ef8       0x48 ./Drivers/STM32H7xx_HAL_Driver/Src/stm32h7xx_hal.o
                0x08007ef8                HAL_Delay
 .text.__NVIC_SetPriorityGrouping
                0x08007f40       0x48 ./Drivers/STM32H7xx_HAL_Driver/Src/stm32h7xx_hal_cortex.o
 .text.__NVIC_GetPriorityGrouping
                0x08007f88       0x1c ./Drivers/STM32H7xx_HAL_Driver/Src/stm32h7xx_hal_cortex.o
 .text.__NVIC_EnableIRQ
                0x08007fa4       0x3c ./Drivers/STM32H7xx_HAL_Driver/Src/stm32h7xx_hal_cortex.o
 .text.__NVIC_SetPriority
                0x08007fe0       0x54 ./Drivers/STM32H7xx_HAL_Driver/Src/stm32h7xx_hal_cortex.o
 .text.NVIC_EncodePriority
                0x08008034       0x66 ./Drivers/STM32H7xx_HAL_Driver/Src/stm32h7xx_hal_cortex.o
 *fill*         0x0800809a        0x2 
 .text.SysTick_Config
                0x0800809c       0x44 ./Drivers/STM32H7xx_HAL_Driver/Src/stm32h7xx_hal_cortex.o
 .text.HAL_NVIC_SetPriorityGrouping
                0x080080e0       0x16 ./Drivers/STM32H7xx_HAL_Driver/Src/stm32h7xx_hal_cortex.o
                0x080080e0                HAL_NVIC_SetPriorityGrouping
 .text.HAL_NVIC_SetPriority
                0x080080f6       0x34 ./Drivers/STM32H7xx_HAL_Driver/Src/stm32h7xx_hal_cortex.o
                0x080080f6                HAL_NVIC_SetPriority
 .text.HAL_NVIC_EnableIRQ
                0x0800812a       0x1c ./Drivers/STM32H7xx_HAL_Driver/Src/stm32h7xx_hal_cortex.o
                0x0800812a                HAL_NVIC_EnableIRQ
 .text.HAL_SYSTICK_Config
                0x08008146       0x18 ./Drivers/STM32H7xx_HAL_Driver/Src/stm32h7xx_hal_cortex.o
                0x08008146                HAL_SYSTICK_Config
 *fill*         0x0800815e        0x2 
 .text.HAL_MPU_Disable
                0x08008160       0x30 ./Drivers/STM32H7xx_HAL_Driver/Src/stm32h7xx_hal_cortex.o
                0x08008160                HAL_MPU_Disable
 .text.HAL_MPU_Enable
                0x08008190       0x40 ./Drivers/STM32H7xx_HAL_Driver/Src/stm32h7xx_hal_cortex.o
                0x08008190                HAL_MPU_Enable
 .text.HAL_MPU_ConfigRegion
                0x080081d0       0x80 ./Drivers/STM32H7xx_HAL_Driver/Src/stm32h7xx_hal_cortex.o
                0x080081d0                HAL_MPU_ConfigRegion
 .text.HAL_DMA_Init
                0x08008250      0x6b0 ./Drivers/STM32H7xx_HAL_Driver/Src/stm32h7xx_hal_dma.o
                0x08008250                HAL_DMA_Init
 .text.HAL_DMA_Start_IT
                0x08008900      0x4d4 ./Drivers/STM32H7xx_HAL_Driver/Src/stm32h7xx_hal_dma.o
                0x08008900                HAL_DMA_Start_IT
 .text.HAL_DMA_Abort
                0x08008dd4      0x63c ./Drivers/STM32H7xx_HAL_Driver/Src/stm32h7xx_hal_dma.o
                0x08008dd4                HAL_DMA_Abort
 .text.HAL_DMA_Abort_IT
                0x08009410      0x48c ./Drivers/STM32H7xx_HAL_Driver/Src/stm32h7xx_hal_dma.o
                0x08009410                HAL_DMA_Abort_IT
 .text.HAL_DMA_IRQHandler
                0x0800989c      0xe54 ./Drivers/STM32H7xx_HAL_Driver/Src/stm32h7xx_hal_dma.o
                0x0800989c                HAL_DMA_IRQHandler
 .text.HAL_DMA_GetError
                0x0800a6f0       0x18 ./Drivers/STM32H7xx_HAL_Driver/Src/stm32h7xx_hal_dma.o
                0x0800a6f0                HAL_DMA_GetError
 .text.DMA_SetConfig
                0x0800a708      0x358 ./Drivers/STM32H7xx_HAL_Driver/Src/stm32h7xx_hal_dma.o
 .text.DMA_CalcBaseAndBitshift
                0x0800aa60      0x164 ./Drivers/STM32H7xx_HAL_Driver/Src/stm32h7xx_hal_dma.o
 .text.DMA_CheckFifoParam
                0x0800abc4       0xf8 ./Drivers/STM32H7xx_HAL_Driver/Src/stm32h7xx_hal_dma.o
 .text.DMA_CalcDMAMUXChannelBaseAndMask
                0x0800acbc      0x134 ./Drivers/STM32H7xx_HAL_Driver/Src/stm32h7xx_hal_dma.o
 .text.DMA_CalcDMAMUXRequestGenBaseAndMask
                0x0800adf0       0xe8 ./Drivers/STM32H7xx_HAL_Driver/Src/stm32h7xx_hal_dma.o
 .text.HAL_GPIO_Init
                0x0800aed8      0x364 ./Drivers/STM32H7xx_HAL_Driver/Src/stm32h7xx_hal_gpio.o
                0x0800aed8                HAL_GPIO_Init
 .text.HAL_GPIO_WritePin
                0x0800b23c       0x32 ./Drivers/STM32H7xx_HAL_Driver/Src/stm32h7xx_hal_gpio.o
                0x0800b23c                HAL_GPIO_WritePin
 .text.HAL_GPIO_TogglePin
                0x0800b26e       0x34 ./Drivers/STM32H7xx_HAL_Driver/Src/stm32h7xx_hal_gpio.o
                0x0800b26e                HAL_GPIO_TogglePin
 *fill*         0x0800b2a2        0x2 
 .text.HAL_I2C_Init
                0x0800b2a4      0x138 ./Drivers/STM32H7xx_HAL_Driver/Src/stm32h7xx_hal_i2c.o
                0x0800b2a4                HAL_I2C_Init
 .text.HAL_I2C_Master_Transmit
                0x0800b3dc      0x230 ./Drivers/STM32H7xx_HAL_Driver/Src/stm32h7xx_hal_i2c.o
                0x0800b3dc                HAL_I2C_Master_Transmit
 .text.HAL_I2C_Master_Receive
                0x0800b60c      0x1ec ./Drivers/STM32H7xx_HAL_Driver/Src/stm32h7xx_hal_i2c.o
                0x0800b60c                HAL_I2C_Master_Receive
 .text.HAL_I2C_Mem_Write
                0x0800b7f8      0x228 ./Drivers/STM32H7xx_HAL_Driver/Src/stm32h7xx_hal_i2c.o
                0x0800b7f8                HAL_I2C_Mem_Write
 .text.HAL_I2C_Mem_Read
                0x0800ba20      0x234 ./Drivers/STM32H7xx_HAL_Driver/Src/stm32h7xx_hal_i2c.o
                0x0800ba20                HAL_I2C_Mem_Read
 .text.HAL_I2C_IsDeviceReady
                0x0800bc54      0x1e8 ./Drivers/STM32H7xx_HAL_Driver/Src/stm32h7xx_hal_i2c.o
                0x0800bc54                HAL_I2C_IsDeviceReady
 .text.HAL_I2C_GetState
                0x0800be3c       0x1c ./Drivers/STM32H7xx_HAL_Driver/Src/stm32h7xx_hal_i2c.o
                0x0800be3c                HAL_I2C_GetState
 .text.HAL_I2C_GetError
                0x0800be58       0x18 ./Drivers/STM32H7xx_HAL_Driver/Src/stm32h7xx_hal_i2c.o
                0x0800be58                HAL_I2C_GetError
 .text.I2C_RequestMemoryWrite
                0x0800be70       0xa8 ./Drivers/STM32H7xx_HAL_Driver/Src/stm32h7xx_hal_i2c.o
 .text.I2C_RequestMemoryRead
                0x0800bf18       0xa8 ./Drivers/STM32H7xx_HAL_Driver/Src/stm32h7xx_hal_i2c.o
 .text.I2C_Flush_TXDR
                0x0800bfc0       0x48 ./Drivers/STM32H7xx_HAL_Driver/Src/stm32h7xx_hal_i2c.o
 .text.I2C_WaitOnFlagUntilTimeout
                0x0800c008       0xb2 ./Drivers/STM32H7xx_HAL_Driver/Src/stm32h7xx_hal_i2c.o
 .text.I2C_WaitOnTXISFlagUntilTimeout
                0x0800c0ba       0x8e ./Drivers/STM32H7xx_HAL_Driver/Src/stm32h7xx_hal_i2c.o
 .text.I2C_WaitOnSTOPFlagUntilTimeout
                0x0800c148       0x86 ./Drivers/STM32H7xx_HAL_Driver/Src/stm32h7xx_hal_i2c.o
 *fill*         0x0800c1ce        0x2 
 .text.I2C_WaitOnRXNEFlagUntilTimeout
                0x0800c1d0      0x118 ./Drivers/STM32H7xx_HAL_Driver/Src/stm32h7xx_hal_i2c.o
 .text.I2C_IsErrorOccurred
                0x0800c2e8      0x1c0 ./Drivers/STM32H7xx_HAL_Driver/Src/stm32h7xx_hal_i2c.o
 .text.I2C_TransferConfig
                0x0800c4a8       0x64 ./Drivers/STM32H7xx_HAL_Driver/Src/stm32h7xx_hal_i2c.o
 .text.HAL_I2CEx_ConfigAnalogFilter
                0x0800c50c       0x96 ./Drivers/STM32H7xx_HAL_Driver/Src/stm32h7xx_hal_i2c_ex.o
                0x0800c50c                HAL_I2CEx_ConfigAnalogFilter
 .text.HAL_I2CEx_ConfigDigitalFilter
                0x0800c5a2       0x98 ./Drivers/STM32H7xx_HAL_Driver/Src/stm32h7xx_hal_i2c_ex.o
                0x0800c5a2                HAL_I2CEx_ConfigDigitalFilter
 *fill*         0x0800c63a        0x2 
 .text.HAL_PWREx_ConfigSupply
                0x0800c63c       0x74 ./Drivers/STM32H7xx_HAL_Driver/Src/stm32h7xx_hal_pwr_ex.o
                0x0800c63c                HAL_PWREx_ConfigSupply
 .text.HAL_RCC_OscConfig
                0x0800c6b0      0x7b4 ./Drivers/STM32H7xx_HAL_Driver/Src/stm32h7xx_hal_rcc.o
                0x0800c6b0                HAL_RCC_OscConfig
 .text.HAL_RCC_ClockConfig
                0x0800ce64      0x36c ./Drivers/STM32H7xx_HAL_Driver/Src/stm32h7xx_hal_rcc.o
                0x0800ce64                HAL_RCC_ClockConfig
 .text.HAL_RCC_GetSysClockFreq
                0x0800d1d0      0x2f4 ./Drivers/STM32H7xx_HAL_Driver/Src/stm32h7xx_hal_rcc.o
                0x0800d1d0                HAL_RCC_GetSysClockFreq
 .text.HAL_RCC_GetHCLKFreq
                0x0800d4c4       0x60 ./Drivers/STM32H7xx_HAL_Driver/Src/stm32h7xx_hal_rcc.o
                0x0800d4c4                HAL_RCC_GetHCLKFreq
 .text.HAL_RCC_GetPCLK1Freq
                0x0800d524       0x2c ./Drivers/STM32H7xx_HAL_Driver/Src/stm32h7xx_hal_rcc.o
                0x0800d524                HAL_RCC_GetPCLK1Freq
 .text.HAL_RCC_GetPCLK2Freq
                0x0800d550       0x2c ./Drivers/STM32H7xx_HAL_Driver/Src/stm32h7xx_hal_rcc.o
                0x0800d550                HAL_RCC_GetPCLK2Freq
 .text.HAL_RCCEx_PeriphCLKConfig
                0x0800d57c     0x1340 ./Drivers/STM32H7xx_HAL_Driver/Src/stm32h7xx_hal_rcc_ex.o
                0x0800d57c                HAL_RCCEx_PeriphCLKConfig
 .text.HAL_RCCEx_GetD3PCLK1Freq
                0x0800e8bc       0x2c ./Drivers/STM32H7xx_HAL_Driver/Src/stm32h7xx_hal_rcc_ex.o
                0x0800e8bc                HAL_RCCEx_GetD3PCLK1Freq
 .text.HAL_RCCEx_GetPLL2ClockFreq
                0x0800e8e8      0x2a8 ./Drivers/STM32H7xx_HAL_Driver/Src/stm32h7xx_hal_rcc_ex.o
                0x0800e8e8                HAL_RCCEx_GetPLL2ClockFreq
 .text.HAL_RCCEx_GetPLL3ClockFreq
                0x0800eb90      0x2a8 ./Drivers/STM32H7xx_HAL_Driver/Src/stm32h7xx_hal_rcc_ex.o
                0x0800eb90                HAL_RCCEx_GetPLL3ClockFreq
 .text.RCCEx_PLL2_Config
                0x0800ee38      0x164 ./Drivers/STM32H7xx_HAL_Driver/Src/stm32h7xx_hal_rcc_ex.o
 .text.RCCEx_PLL3_Config
                0x0800ef9c      0x164 ./Drivers/STM32H7xx_HAL_Driver/Src/stm32h7xx_hal_rcc_ex.o
 .text.HAL_UART_Init
                0x0800f100       0xa0 ./Drivers/STM32H7xx_HAL_Driver/Src/stm32h7xx_hal_uart.o
                0x0800f100                HAL_UART_Init
 .text.HAL_UART_Transmit
                0x0800f1a0      0x132 ./Drivers/STM32H7xx_HAL_Driver/Src/stm32h7xx_hal_uart.o
                0x0800f1a0                HAL_UART_Transmit
 *fill*         0x0800f2d2        0x2 
 .text.HAL_UART_Receive_IT
                0x0800f2d4       0x98 ./Drivers/STM32H7xx_HAL_Driver/Src/stm32h7xx_hal_uart.o
                0x0800f2d4                HAL_UART_Receive_IT
 .text.HAL_UART_Transmit_DMA
                0x0800f36c      0x100 ./Drivers/STM32H7xx_HAL_Driver/Src/stm32h7xx_hal_uart.o
                0x0800f36c                HAL_UART_Transmit_DMA
 .text.HAL_UART_AbortReceive
                0x0800f46c      0x164 ./Drivers/STM32H7xx_HAL_Driver/Src/stm32h7xx_hal_uart.o
                0x0800f46c                HAL_UART_AbortReceive
 .text.HAL_UART_IRQHandler
                0x0800f5d0      0x7ac ./Drivers/STM32H7xx_HAL_Driver/Src/stm32h7xx_hal_uart.o
                0x0800f5d0                HAL_UART_IRQHandler
 .text.HAL_UART_TxHalfCpltCallback
                0x0800fd7c       0x14 ./Drivers/STM32H7xx_HAL_Driver/Src/stm32h7xx_hal_uart.o
                0x0800fd7c                HAL_UART_TxHalfCpltCallback
 .text.HAL_UART_RxHalfCpltCallback
                0x0800fd90       0x14 ./Drivers/STM32H7xx_HAL_Driver/Src/stm32h7xx_hal_uart.o
                0x0800fd90                HAL_UART_RxHalfCpltCallback
 .text.UART_SetConfig
                0x0800fda4      0xcd8 ./Drivers/STM32H7xx_HAL_Driver/Src/stm32h7xx_hal_uart.o
                0x0800fda4                UART_SetConfig
 .text.UART_AdvFeatureConfig
                0x08010a7c      0x144 ./Drivers/STM32H7xx_HAL_Driver/Src/stm32h7xx_hal_uart.o
                0x08010a7c                UART_AdvFeatureConfig
 .text.UART_CheckIdleState
                0x08010bc0      0x154 ./Drivers/STM32H7xx_HAL_Driver/Src/stm32h7xx_hal_uart.o
                0x08010bc0                UART_CheckIdleState
 .text.UART_WaitOnFlagUntilTimeout
                0x08010d14       0xda ./Drivers/STM32H7xx_HAL_Driver/Src/stm32h7xx_hal_uart.o
                0x08010d14                UART_WaitOnFlagUntilTimeout
 *fill*         0x08010dee        0x2 
 .text.UART_Start_Receive_IT
                0x08010df0      0x244 ./Drivers/STM32H7xx_HAL_Driver/Src/stm32h7xx_hal_uart.o
                0x08010df0                UART_Start_Receive_IT
 .text.UART_Start_Receive_DMA
                0x08011034      0x14c ./Drivers/STM32H7xx_HAL_Driver/Src/stm32h7xx_hal_uart.o
                0x08011034                UART_Start_Receive_DMA
 .text.UART_EndTxTransfer
                0x08011180       0x82 ./Drivers/STM32H7xx_HAL_Driver/Src/stm32h7xx_hal_uart.o
 *fill*         0x08011202        0x2 
 .text.UART_EndRxTransfer
                0x08011204       0xcc ./Drivers/STM32H7xx_HAL_Driver/Src/stm32h7xx_hal_uart.o
 .text.UART_DMATransmitCplt
                0x080112d0       0x96 ./Drivers/STM32H7xx_HAL_Driver/Src/stm32h7xx_hal_uart.o
 .text.UART_DMATxHalfCplt
                0x08011366       0x1c ./Drivers/STM32H7xx_HAL_Driver/Src/stm32h7xx_hal_uart.o
 *fill*         0x08011382        0x2 
 .text.UART_DMAReceiveCplt
                0x08011384      0x24c ./Drivers/STM32H7xx_HAL_Driver/Src/stm32h7xx_hal_uart.o
 .text.UART_DMARxHalfCplt
                0x080115d0      0x160 ./Drivers/STM32H7xx_HAL_Driver/Src/stm32h7xx_hal_uart.o
 .text.UART_DMAError
                0x08011730       0x70 ./Drivers/STM32H7xx_HAL_Driver/Src/stm32h7xx_hal_uart.o
 .text.UART_DMAAbortOnError
                0x080117a0       0x1c ./Drivers/STM32H7xx_HAL_Driver/Src/stm32h7xx_hal_uart.o
 .text.UART_EndTransmit_IT
                0x080117bc       0x56 ./Drivers/STM32H7xx_HAL_Driver/Src/stm32h7xx_hal_uart.o
 *fill*         0x08011812        0x2 
 .text.UART_RxISR_8BIT
                0x08011814      0x1b8 ./Drivers/STM32H7xx_HAL_Driver/Src/stm32h7xx_hal_uart.o
 .text.UART_RxISR_16BIT
                0x080119cc      0x1b8 ./Drivers/STM32H7xx_HAL_Driver/Src/stm32h7xx_hal_uart.o
 .text.UART_RxISR_8BIT_FIFOEN
                0x08011b84      0x364 ./Drivers/STM32H7xx_HAL_Driver/Src/stm32h7xx_hal_uart.o
 .text.UART_RxISR_16BIT_FIFOEN
                0x08011ee8      0x36c ./Drivers/STM32H7xx_HAL_Driver/Src/stm32h7xx_hal_uart.o
 .text.HAL_UARTEx_WakeupCallback
                0x08012254       0x14 ./Drivers/STM32H7xx_HAL_Driver/Src/stm32h7xx_hal_uart_ex.o
                0x08012254                HAL_UARTEx_WakeupCallback
 .text.HAL_UARTEx_RxFifoFullCallback
                0x08012268       0x14 ./Drivers/STM32H7xx_HAL_Driver/Src/stm32h7xx_hal_uart_ex.o
                0x08012268                HAL_UARTEx_RxFifoFullCallback
 .text.HAL_UARTEx_TxFifoEmptyCallback
                0x0801227c       0x14 ./Drivers/STM32H7xx_HAL_Driver/Src/stm32h7xx_hal_uart_ex.o
                0x0801227c                HAL_UARTEx_TxFifoEmptyCallback
 .text.HAL_UARTEx_DisableFifoMode
                0x08012290       0x72 ./Drivers/STM32H7xx_HAL_Driver/Src/stm32h7xx_hal_uart_ex.o
                0x08012290                HAL_UARTEx_DisableFifoMode
 .text.HAL_UARTEx_SetTxFifoThreshold
                0x08012302       0x7c ./Drivers/STM32H7xx_HAL_Driver/Src/stm32h7xx_hal_uart_ex.o
                0x08012302                HAL_UARTEx_SetTxFifoThreshold
 .text.HAL_UARTEx_SetRxFifoThreshold
                0x0801237e       0x7c ./Drivers/STM32H7xx_HAL_Driver/Src/stm32h7xx_hal_uart_ex.o
                0x0801237e                HAL_UARTEx_SetRxFifoThreshold
 .text.HAL_UARTEx_ReceiveToIdle_DMA
                0x080123fa       0xa8 ./Drivers/STM32H7xx_HAL_Driver/Src/stm32h7xx_hal_uart_ex.o
                0x080123fa                HAL_UARTEx_ReceiveToIdle_DMA
 *fill*         0x080124a2        0x2 
 .text.UARTEx_SetNbDataToProcess
                0x080124a4       0x9c ./Drivers/STM32H7xx_HAL_Driver/Src/stm32h7xx_hal_uart_ex.o
 .text.atoi     0x08012540        0x8 /opt/stm32cubeide/plugins/com.st.stm32cube.ide.mcu.externaltools.gnu-tools-for-stm32.14.3.rel1.linux64_1.0.100.202602081740/tools/bin/../lib/gcc/arm-none-eabi/14.3.1/../../../../arm-none-eabi/lib/thumb/v7e-m+dp/hard/libc_nano.a(libc_a-atoi.o)
                0x08012540                atoi
 .text._strtol_l.isra.0
                0x08012548       0xf4 /opt/stm32cubeide/plugins/com.st.stm32cube.ide.mcu.externaltools.gnu-tools-for-stm32.14.3.rel1.linux64_1.0.100.202602081740/tools/bin/../lib/gcc/arm-none-eabi/14.3.1/../../../../arm-none-eabi/lib/thumb/v7e-m+dp/hard/libc_nano.a(libc_a-strtol.o)
 .text.strtol   0x0801263c       0x14 /opt/stm32cubeide/plugins/com.st.stm32cube.ide.mcu.externaltools.gnu-tools-for-stm32.14.3.rel1.linux64_1.0.100.202602081740/tools/bin/../lib/gcc/arm-none-eabi/14.3.1/../../../../arm-none-eabi/lib/thumb/v7e-m+dp/hard/libc_nano.a(libc_a-strtol.o)
                0x0801263c                strtol
 .text.snprintf
                0x08012650       0x6c /opt/stm32cubeide/plugins/com.st.stm32cube.ide.mcu.externaltools.gnu-tools-for-stm32.14.3.rel1.linux64_1.0.100.202602081740/tools/bin/../lib/gcc/arm-none-eabi/14.3.1/../../../../arm-none-eabi/lib/thumb/v7e-m+dp/hard/libc_nano.a(libc_a-snprintf.o)
                0x08012650                snprintf
                0x08012650                sniprintf
 .text._vsnprintf_r
                0x080126bc       0x5c /opt/stm32cubeide/plugins/com.st.stm32cube.ide.mcu.externaltools.gnu-tools-for-stm32.14.3.rel1.linux64_1.0.100.202602081740/tools/bin/../lib/gcc/arm-none-eabi/14.3.1/../../../../arm-none-eabi/lib/thumb/v7e-m+dp/hard/libc_nano.a(libc_a-vsnprintf.o)
                0x080126bc                _vsnprintf_r
                0x080126bc                _vsniprintf_r
 .text.vsnprintf
                0x08012718       0x1c /opt/stm32cubeide/plugins/com.st.stm32cube.ide.mcu.externaltools.gnu-tools-for-stm32.14.3.rel1.linux64_1.0.100.202602081740/tools/bin/../lib/gcc/arm-none-eabi/14.3.1/../../../../arm-none-eabi/lib/thumb/v7e-m+dp/hard/libc_nano.a(libc_a-vsnprintf.o)
                0x08012718                vsnprintf
                0x08012718                vsniprintf
 .text.memmove  0x08012734       0x32 /opt/stm32cubeide/plugins/com.st.stm32cube.ide.mcu.externaltools.gnu-tools-for-stm32.14.3.rel1.linux64_1.0.100.202602081740/tools/bin/../lib/gcc/arm-none-eabi/14.3.1/../../../../arm-none-eabi/lib/thumb/v7e-m+dp/hard/libc_nano.a(libc_a-memmove.o)
                0x08012734                memmove
 .text.memset   0x08012766       0x10 /opt/stm32cubeide/plugins/com.st.stm32cube.ide.mcu.externaltools.gnu-tools-for-stm32.14.3.rel1.linux64_1.0.100.202602081740/tools/bin/../lib/gcc/arm-none-eabi/14.3.1/../../../../arm-none-eabi/lib/thumb/v7e-m+dp/hard/libc_nano.a(libc_a-memset.o)
                0x08012766                memset
 .text.strncmp  0x08012776       0x24 /opt/stm32cubeide/plugins/com.st.stm32cube.ide.mcu.externaltools.gnu-tools-for-stm32.14.3.rel1.linux64_1.0.100.202602081740/tools/bin/../lib/gcc/arm-none-eabi/14.3.1/../../../../arm-none-eabi/lib/thumb/v7e-m+dp/hard/libc_nano.a(libc_a-strncmp.o)
                0x08012776                strncmp
 .text.strstr   0x0801279a       0x2c /opt/stm32cubeide/plugins/com.st.stm32cube.ide.mcu.externaltools.gnu-tools-for-stm32.14.3.rel1.linux64_1.0.100.202602081740/tools/bin/../lib/gcc/arm-none-eabi/14.3.1/../../../../arm-none-eabi/lib/thumb/v7e-m+dp/hard/libc_nano.a(libc_a-strstr.o)
                0x0801279a                strstr
 *fill*         0x080127c6        0x2 
 .text.__errno  0x080127c8        0xc /opt/stm32cubeide/plugins/com.st.stm32cube.ide.mcu.externaltools.gnu-tools-for-stm32.14.3.rel1.linux64_1.0.100.202602081740/tools/bin/../lib/gcc/arm-none-eabi/14.3.1/../../../../arm-none-eabi/lib/thumb/v7e-m+dp/hard/libc_nano.a(libc_a-errno.o)
                0x080127c8                __errno
 .text.__libc_init_array
                0x080127d4       0x48 /opt/stm32cubeide/plugins/com.st.stm32cube.ide.mcu.externaltools.gnu-tools-for-stm32.14.3.rel1.linux64_1.0.100.202602081740/tools/bin/../lib/gcc/arm-none-eabi/14.3.1/../../../../arm-none-eabi/lib/thumb/v7e-m+dp/hard/libc_nano.a(libc_a-init.o)
                0x080127d4                __libc_init_array
 .text.__retarget_lock_acquire_recursive
                0x0801281c        0x2 /opt/stm32cubeide/plugins/com.st.stm32cube.ide.mcu.externaltools.gnu-tools-for-stm32.14.3.rel1.linux64_1.0.100.202602081740/tools/bin/../lib/gcc/arm-none-eabi/14.3.1/../../../../arm-none-eabi/lib/thumb/v7e-m+dp/hard/libc_nano.a(libc_a-lock.o)
                0x0801281c                __retarget_lock_acquire_recursive
 .text.__retarget_lock_release_recursive
                0x0801281e        0x2 /opt/stm32cubeide/plugins/com.st.stm32cube.ide.mcu.externaltools.gnu-tools-for-stm32.14.3.rel1.linux64_1.0.100.202602081740/tools/bin/../lib/gcc/arm-none-eabi/14.3.1/../../../../arm-none-eabi/lib/thumb/v7e-m+dp/hard/libc_nano.a(libc_a-lock.o)
                0x0801281e                __retarget_lock_release_recursive
 .text.memcpy   0x08012820       0x1c /opt/stm32cubeide/plugins/com.st.stm32cube.ide.mcu.externaltools.gnu-tools-for-stm32.14.3.rel1.linux64_1.0.100.202602081740/tools/bin/../lib/gcc/arm-none-eabi/14.3.1/../../../../arm-none-eabi/lib/thumb/v7e-m+dp/hard/libc_nano.a(libc_a-memcpy-stub.o)
                0x08012820                memcpy
 .text._free_r  0x0801283c       0x94 /opt/stm32cubeide/plugins/com.st.stm32cube.ide.mcu.externaltools.gnu-tools-for-stm32.14.3.rel1.linux64_1.0.100.202602081740/tools/bin/../lib/gcc/arm-none-eabi/14.3.1/../../../../arm-none-eabi/lib/thumb/v7e-m+dp/hard/libc_nano.a(libc_a-freer.o)
                0x0801283c                _free_r
 .text.sbrk_aligned
                0x080128d0       0x44 /opt/stm32cubeide/plugins/com.st.stm32cube.ide.mcu.externaltools.gnu-tools-for-stm32.14.3.rel1.linux64_1.0.100.202602081740/tools/bin/../lib/gcc/arm-none-eabi/14.3.1/../../../../arm-none-eabi/lib/thumb/v7e-m+dp/hard/libc_nano.a(libc_a-mallocr.o)
 .text._malloc_r
                0x08012914      0x100 /opt/stm32cubeide/plugins/com.st.stm32cube.ide.mcu.externaltools.gnu-tools-for-stm32.14.3.rel1.linux64_1.0.100.202602081740/tools/bin/../lib/gcc/arm-none-eabi/14.3.1/../../../../arm-none-eabi/lib/thumb/v7e-m+dp/hard/libc_nano.a(libc_a-mallocr.o)
                0x08012914                _malloc_r
 .text.__malloc_lock
                0x08012a14        0xc /opt/stm32cubeide/plugins/com.st.stm32cube.ide.mcu.externaltools.gnu-tools-for-stm32.14.3.rel1.linux64_1.0.100.202602081740/tools/bin/../lib/gcc/arm-none-eabi/14.3.1/../../../../arm-none-eabi/lib/thumb/v7e-m+dp/hard/libc_nano.a(libc_a-mlock.o)
                0x08012a14                __malloc_lock
 .text.__malloc_unlock
                0x08012a20        0xc /opt/stm32cubeide/plugins/com.st.stm32cube.ide.mcu.externaltools.gnu-tools-for-stm32.14.3.rel1.linux64_1.0.100.202602081740/tools/bin/../lib/gcc/arm-none-eabi/14.3.1/../../../../arm-none-eabi/lib/thumb/v7e-m+dp/hard/libc_nano.a(libc_a-mlock.o)
                0x08012a20                __malloc_unlock
 .text.__ssputs_r
                0x08012a2c       0xc0 /opt/stm32cubeide/plugins/com.st.stm32cube.ide.mcu.externaltools.gnu-tools-for-stm32.14.3.rel1.linux64_1.0.100.202602081740/tools/bin/../lib/gcc/arm-none-eabi/14.3.1/../../../../arm-none-eabi/lib/thumb/v7e-m+dp/hard/libc_nano.a(libc_a-nano-svfprintf.o)
                0x08012a2c                __ssputs_r
 .text._svfprintf_r
                0x08012aec      0x1f0 /opt/stm32cubeide/plugins/com.st.stm32cube.ide.mcu.externaltools.gnu-tools-for-stm32.14.3.rel1.linux64_1.0.100.202602081740/tools/bin/../lib/gcc/arm-none-eabi/14.3.1/../../../../arm-none-eabi/lib/thumb/v7e-m+dp/hard/libc_nano.a(libc_a-nano-svfprintf.o)
                0x08012aec                _svfprintf_r
                0x08012aec                _svfiprintf_r
 .text._printf_common
                0x08012cdc       0xda /opt/stm32cubeide/plugins/com.st.stm32cube.ide.mcu.externaltools.gnu-tools-for-stm32.14.3.rel1.linux64_1.0.100.202602081740/tools/bin/../lib/gcc/arm-none-eabi/14.3.1/../../../../arm-none-eabi/lib/thumb/v7e-m+dp/hard/libc_nano.a(libc_a-nano-vfprintf_i.o)
                0x08012cdc                _printf_common
 *fill*         0x08012db6        0x2 
 .text._printf_i
                0x08012db8      0x24c /opt/stm32cubeide/plugins/com.st.stm32cube.ide.mcu.externaltools.gnu-tools-for-stm32.14.3.rel1.linux64_1.0.100.202602081740/tools/bin/../lib/gcc/arm-none-eabi/14.3.1/../../../../arm-none-eabi/lib/thumb/v7e-m+dp/hard/libc_nano.a(libc_a-nano-vfprintf_i.o)
                0x08012db8                _printf_i
 .text._sbrk_r  0x08013004       0x20 /opt/stm32cubeide/plugins/com.st.stm32cube.ide.mcu.externaltools.gnu-tools-for-stm32.14.3.rel1.linux64_1.0.100.202602081740/tools/bin/../lib/gcc/arm-none-eabi/14.3.1/../../../../arm-none-eabi/lib/thumb/v7e-m+dp/hard/libc_nano.a(libc_a-sbrkr.o)
                0x08013004                _sbrk_r
 .text._realloc_r
                0x08013024       0x5c /opt/stm32cubeide/plugins/com.st.stm32cube.ide.mcu.externaltools.gnu-tools-for-stm32.14.3.rel1.linux64_1.0.100.202602081740/tools/bin/../lib/gcc/arm-none-eabi/14.3.1/../../../../arm-none-eabi/lib/thumb/v7e-m+dp/hard/libc_nano.a(libc_a-reallocr.o)
                0x08013024                _realloc_r
 .text._malloc_usable_size_r
                0x08013080       0x10 /opt/stm32cubeide/plugins/com.st.stm32cube.ide.mcu.externaltools.gnu-tools-for-stm32.14.3.rel1.linux64_1.0.100.202602081740/tools/bin/../lib/gcc/arm-none-eabi/14.3.1/../../../../arm-none-eabi/lib/thumb/v7e-m+dp/hard/libc_nano.a(libc_a-msizer.o)
                0x08013080                _malloc_usable_size_r
 *(.glue_7)
 .glue_7        0x08013090        0x0 linker stubs
 *(.glue_7t)
 .glue_7t       0x08013090        0x0 linker stubs
 *(.eh_frame)
 .eh_frame      0x08013090        0x0 /opt/stm32cubeide/plugins/com.st.stm32cube.ide.mcu.externaltools.gnu-tools-for-stm32.14.3.rel1.linux64_1.0.100.202602081740/tools/bin/../lib/gcc/arm-none-eabi/14.3.1/thumb/v7e-m+dp/hard/crtbegin.o
 *(.init)
 .init          0x08013090        0x4 /opt/stm32cubeide/plugins/com.st.stm32cube.ide.mcu.externaltools.gnu-tools-for-stm32.14.3.rel1.linux64_1.0.100.202602081740/tools/bin/../lib/gcc/arm-none-eabi/14.3.1/thumb/v7e-m+dp/hard/crti.o
                0x08013090                _init
 .init          0x08013094        0x8 /opt/stm32cubeide/plugins/com.st.stm32cube.ide.mcu.externaltools.gnu-tools-for-stm32.14.3.rel1.linux64_1.0.100.202602081740/tools/bin/../lib/gcc/arm-none-eabi/14.3.1/thumb/v7e-m+dp/hard/crtn.o
 *(.fini)
 .fini          0x0801309c        0x4 /opt/stm32cubeide/plugins/com.st.stm32cube.ide.mcu.externaltools.gnu-tools-for-stm32.14.3.rel1.linux64_1.0.100.202602081740/tools/bin/../lib/gcc/arm-none-eabi/14.3.1/thumb/v7e-m+dp/hard/crti.o
                0x0801309c                _fini
 .fini          0x080130a0        0x8 /opt/stm32cubeide/plugins/com.st.stm32cube.ide.mcu.externaltools.gnu-tools-for-stm32.14.3.rel1.linux64_1.0.100.202602081740/tools/bin/../lib/gcc/arm-none-eabi/14.3.1/thumb/v7e-m+dp/hard/crtn.o
                0x080130a8                        . = ALIGN (0x4)
                0x080130a8                        _etext = .

.vfp11_veneer   0x080130a8        0x0
 .vfp11_veneer  0x080130a8        0x0 linker stubs

.v4_bx          0x080130a8        0x0
 .v4_bx         0x080130a8        0x0 linker stubs

.iplt           0x080130a8        0x0
 .iplt          0x080130a8        0x0 /opt/stm32cubeide/plugins/com.st.stm32cube.ide.mcu.externaltools.gnu-tools-for-stm32.14.3.rel1.linux64_1.0.100.202602081740/tools/bin/../lib/gcc/arm-none-eabi/14.3.1/thumb/v7e-m+dp/hard/crtbegin.o

.rodata         0x080130a8     0x2770
                0x080130a8                        . = ALIGN (0x4)
 *(.rodata)
 .rodata        0x080130a8        0x8 ./Core/Src/control_mode.o
 .rodata        0x080130b0       0x10 ./Core/Src/motor_dispatcher.o
 .rodata        0x080130c0       0x2f ./Core/Src/motor_protocol.o
 *fill*         0x080130ef        0x1 
 .rodata        0x080130f0      0x1d8 ./Core/Src/terminal_parser.o
 *(.rodata*)
 .rodata.AckManager_Update.str1.4
                0x080132c8     0x23d0 ./Core/Src/ack_manager.o
                                 0x47 (size before relaxing)
 .rodata.App_Init.str1.4
                0x08015698       0x81 ./Core/Src/app_main.o
 .rodata.App_Update.str1.4
                0x08015698       0x8c ./Core/Src/app_main.o
 .rodata.MotionPrefix.str1.4
                0x08015698       0x22 ./Core/Src/command_handler.o
 .rodata.IsSafeRawPayload.str1.4
                0x08015698       0x36 ./Core/Src/command_handler.o
 .rodata.MotorTagName.str1.4
                0x08015698       0x13 ./Core/Src/command_handler.o
 .rodata.HandleOperatingMode.str1.4
                0x08015698       0xa6 ./Core/Src/command_handler.o
 .rodata.HandleControlModeSwitch.str1.4
                0x08015698      0x1ca ./Core/Src/command_handler.o
 .rodata.CommandHandler_PrintHelp.str1.4
                0x08015698      0x9ce ./Core/Src/command_handler.o
 .rodata.CommandHandler_Handle.str1.4
                0x08015698      0x36b ./Core/Src/command_handler.o
 .rodata.I2C_ScanBus.str1.4
                0x08015698       0xbf ./Core/Src/i2c_scanner.o
 .rodata.I2C_Scanner_WarmupUntilFound.str1.4
                0x08015698       0x83 ./Core/Src/i2c_scanner.o
 .rodata.ChipName.str1.4
                0x08015698       0x34 ./Core/Src/imu_mpu9250.o
 .rodata.IMU_MPU9250_FindAndWriteReg.str1.4
                0x08015698      0x106 ./Core/Src/imu_mpu9250.o
 .rodata.IMU_MPU9250_FindAndReadReg.str1.4
                0x08015698       0x82 ./Core/Src/imu_mpu9250.o
 .rodata.IMU_MPU9250_FindAndReadWho.str1.4
                0x08015698       0xeb ./Core/Src/imu_mpu9250.o
 .rodata.IMU_MPU9250_WhoAmI.str1.4
                0x08015698       0x4e ./Core/Src/imu_mpu9250.o
 .rodata.IMU_MPU9250_WarmupProbe.str1.4
                0x08015698       0xc8 ./Core/Src/imu_mpu9250.o
 .rodata.WriteAndVerify.str1.4
                0x08015698       0x5d ./Core/Src/imu_mpu9250.o
 .rodata.WriteAndVerifyOptional.str1.4
                0x08015698       0x4e ./Core/Src/imu_mpu9250.o
 .rodata.IMU_MPU9250_InitBasic.str1.4
                0x08015698      0x217 ./Core/Src/imu_mpu9250.o
 .rodata.IMU_MPU9250_CfgTest.str1.4
                0x08015698      0x1dd ./Core/Src/imu_mpu9250.o
 .rodata.IMU_MPU9250_FindAndReadBytesVerbose.str1.4
                0x08015698      0x11d ./Core/Src/imu_mpu9250.o
 .rodata.IMU_MPU9250_GyroTest.str1.4
                0x08015698      0x2da ./Core/Src/imu_mpu9250.o
 .rodata.test_vals.2
                0x08015698        0x4 ./Core/Src/imu_mpu9250.o
 .rodata.clk_vals.1
                0x0801569c        0x4 ./Core/Src/imu_mpu9250.o
 .rodata.gyro_cfg_vals.0
                0x080156a0        0x4 ./Core/Src/imu_mpu9250.o
 .rodata.str1.4
                0x080156a4       0x25 ./Core/Src/logger.o
 .rodata.Logger_Log.str1.4
                0x080156a4        0x6 ./Core/Src/logger.o
 .rodata.ApplyMotorPolarity.str1.4
                0x080156a4       0x18 ./Core/Src/motion_controller.o
 .rodata.MotionController_Execute.str1.4
                0x080156a4       0x16 ./Core/Src/motion_controller.o
 .rodata.MotionController_Stop.str1.4
                0x080156a4        0xd ./Core/Src/motion_controller.o
 .rodata.str1.4
                0x080156a4       0x20 ./Core/Src/motion_controller.o
 .rodata.MotorDispatcher_Send.str1.4
                0x080156a4       0xab ./Core/Src/motor_dispatcher.o
 .rodata.MotorDispatcher_SendRaw.str1.4
                0x080156a4       0x34 ./Core/Src/motor_dispatcher.o
 .rodata.FlipRawDirection.str1.4
                0x080156a4       0x20 ./Core/Src/motor_dispatcher.o
 .rodata.MotorDispatcher_SendRawToMotor.str1.4
                0x080156a4       0x20 ./Core/Src/motor_dispatcher.o
 .rodata.MotorDispatcher_SendTunePayload.str1.4
                0x080156a4       0x28 ./Core/Src/motor_dispatcher.o
 .rodata.MotorTxDma_Send.str1.4
                0x080156a4       0x8d ./Core/Src/motor_tx_dma.o
 .rodata.str1.4
                0x080156a4       0x5e ./Core/Src/motor_uart_dma.o
 .rodata.ReportUartError.str1.4
                0x080156a4       0xfb ./Core/Src/motor_uart_dma.o
 .rodata.ProcessDmaRestart.str1.4
                0x080156a4       0x49 ./Core/Src/motor_uart_dma.o
 .rodata.StartDmaRx.str1.4
                0x080156a4       0x43 ./Core/Src/motor_uart_dma.o
 .rodata.MotorUartDma_Update.str1.4
                0x080156a4       0x58 ./Core/Src/motor_uart_dma.o
 .rodata.OperatingMode_ToString.str1.4
                0x080156a4       0x1b ./Core/Src/operating_mode.o
 .rodata.GetMotorName.str1.4
                0x080156a4       0x13 ./Core/Src/safety_manager.o
 .rodata.SafetyManager_Update.str1.4
                0x080156a4       0x4c ./Core/Src/safety_manager.o
 .rodata.SafetyManager_EnterDisarm.str1.4
                0x080156a4        0x2 ./Core/Src/safety_manager.o
 .rodata.D1CorePrescTable
                0x080156a4       0x10 ./Core/Src/system_stm32h7xx.o
                0x080156a4                D1CorePrescTable
 .rodata.flagBitshiftOffset.0
                0x080156b4        0x8 ./Drivers/STM32H7xx_HAL_Driver/Src/stm32h7xx_hal_dma.o
 .rodata.UARTPrescTable
                0x080156bc       0x18 ./Drivers/STM32H7xx_HAL_Driver/Src/stm32h7xx_hal_uart.o
                0x080156bc                UARTPrescTable
 .rodata.numerator.1
                0x080156d4        0x8 ./Drivers/STM32H7xx_HAL_Driver/Src/stm32h7xx_hal_uart_ex.o
 .rodata.denominator.0
                0x080156dc        0x8 ./Drivers/STM32H7xx_HAL_Driver/Src/stm32h7xx_hal_uart_ex.o
 .rodata._ctype_
                0x080156e4      0x101 /opt/stm32cubeide/plugins/com.st.stm32cube.ide.mcu.externaltools.gnu-tools-for-stm32.14.3.rel1.linux64_1.0.100.202602081740/tools/bin/../lib/gcc/arm-none-eabi/14.3.1/../../../../arm-none-eabi/lib/thumb/v7e-m+dp/hard/libc_nano.a(libc_a-ctype_.o)
                0x080156e4                _ctype_
 .rodata._svfprintf_r.str1.1
                0x080157e5       0x33 /opt/stm32cubeide/plugins/com.st.stm32cube.ide.mcu.externaltools.gnu-tools-for-stm32.14.3.rel1.linux64_1.0.100.202602081740/tools/bin/../lib/gcc/arm-none-eabi/14.3.1/../../../../arm-none-eabi/lib/thumb/v7e-m+dp/hard/libc_nano.a(libc_a-nano-svfprintf.o)
                                 0x11 (size before relaxing)
 .rodata._printf_i.str1.1
                0x08015818       0x22 /opt/stm32cubeide/plugins/com.st.stm32cube.ide.mcu.externaltools.gnu-tools-for-stm32.14.3.rel1.linux64_1.0.100.202602081740/tools/bin/../lib/gcc/arm-none-eabi/14.3.1/../../../../arm-none-eabi/lib/thumb/v7e-m+dp/hard/libc_nano.a(libc_a-nano-vfprintf_i.o)
                0x08016068                        . = ALIGN (0x4)

.ARM.extab
 *(.ARM.extab* .gnu.linkonce.armextab.*)

.ARM            0x08015818        0x8
                0x08015818                        __exidx_start = .
 *(.ARM.exidx*)
 .ARM.exidx     0x08015818        0x8 /opt/stm32cubeide/plugins/com.st.stm32cube.ide.mcu.externaltools.gnu-tools-for-stm32.14.3.rel1.linux64_1.0.100.202602081740/tools/bin/../lib/gcc/arm-none-eabi/14.3.1/../../../../arm-none-eabi/lib/thumb/v7e-m+dp/hard/libc_nano.a(libc_a-strcmp.o)
 .ARM.exidx     0x08015820        0x0 /opt/stm32cubeide/plugins/com.st.stm32cube.ide.mcu.externaltools.gnu-tools-for-stm32.14.3.rel1.linux64_1.0.100.202602081740/tools/bin/../lib/gcc/arm-none-eabi/14.3.1/../../../../arm-none-eabi/lib/thumb/v7e-m+dp/hard/libc_nano.a(libc_a-strlen.o)
                                  0x8 (size before relaxing)
 .ARM.exidx     0x08015820        0x0 /opt/stm32cubeide/plugins/com.st.stm32cube.ide.mcu.externaltools.gnu-tools-for-stm32.14.3.rel1.linux64_1.0.100.202602081740/tools/bin/../lib/gcc/arm-none-eabi/14.3.1/../../../../arm-none-eabi/lib/thumb/v7e-m+dp/hard/libc_nano.a(libc_a-memchr.o)
                                  0x8 (size before relaxing)
 .ARM.exidx     0x08015820        0x0 /opt/stm32cubeide/plugins/com.st.stm32cube.ide.mcu.externaltools.gnu-tools-for-stm32.14.3.rel1.linux64_1.0.100.202602081740/tools/bin/../lib/gcc/arm-none-eabi/14.3.1/thumb/v7e-m+dp/hard/libgcc.a(_udivmoddi4.o)
                                  0x8 (size before relaxing)
                0x08015820                        __exidx_end = .

.preinit_array  0x08015820        0x0
                0x08015820                        PROVIDE (__preinit_array_start = .)
 *(.preinit_array*)
                0x08015820                        PROVIDE (__preinit_array_end = .)

.init_array     0x08015820        0x4
                0x08015820                        PROVIDE (__init_array_start = .)
 *(SORT_BY_NAME(.init_array.*))
 *(.init_array*)
 .init_array    0x08015820        0x4 /opt/stm32cubeide/plugins/com.st.stm32cube.ide.mcu.externaltools.gnu-tools-for-stm32.14.3.rel1.linux64_1.0.100.202602081740/tools/bin/../lib/gcc/arm-none-eabi/14.3.1/thumb/v7e-m+dp/hard/crtbegin.o
                0x08015824                        PROVIDE (__init_array_end = .)

.fini_array     0x08015824        0x4
                [!provide]                        PROVIDE (__fini_array_start = .)
 *(SORT_BY_NAME(.fini_array.*))
 *(.fini_array*)
 .fini_array    0x08015824        0x4 /opt/stm32cubeide/plugins/com.st.stm32cube.ide.mcu.externaltools.gnu-tools-for-stm32.14.3.rel1.linux64_1.0.100.202602081740/tools/bin/../lib/gcc/arm-none-eabi/14.3.1/thumb/v7e-m+dp/hard/crtbegin.o
                [!provide]                        PROVIDE (__fini_array_end = .)
                0x08015828                        _sidata = LOADADDR (.data)

.rel.dyn        0x08015828        0x0
 .rel.iplt      0x08015828        0x0 /opt/stm32cubeide/plugins/com.st.stm32cube.ide.mcu.externaltools.gnu-tools-for-stm32.14.3.rel1.linux64_1.0.100.202602081740/tools/bin/../lib/gcc/arm-none-eabi/14.3.1/thumb/v7e-m+dp/hard/crtbegin.o

.data           0x24000000     0x12a0 load address 0x08015828
                0x24000000                        . = ALIGN (0x4)
                0x24000000                        _sdata = .
 *(.data)
 *(.data*)
 .data.levelStr
                0x24000000       0x14 ./Core/Src/logger.o
 .data.names.1  0x24000014       0x10 ./Core/Src/motion_controller.o
 .data.dirStr.0
                0x24000024        0xc ./Core/Src/motion_controller.o
 .data.s_channels
                0x24000030     0x1170 ./Core/Src/motor_tx_dma.o
 .data.slotLabel
                0x240011a0       0x10 ./Core/Src/motor_uart_dma.o
 .data.slotMotorTag
                0x240011b0       0x10 ./Core/Src/motor_uart_dma.o
 .data.diag     0x240011c0       0x80 ./Core/Src/motor_uart_dma.o
 .data.SystemCoreClock
                0x24001240        0x4 ./Core/Src/system_stm32h7xx.o
                0x24001240                SystemCoreClock
 .data.SystemD2Clock
                0x24001244        0x4 ./Core/Src/system_stm32h7xx.o
                0x24001244                SystemD2Clock
 .data.uwTickPrio
                0x24001248        0x4 ./Drivers/STM32H7xx_HAL_Driver/Src/stm32h7xx_hal.o
                0x24001248                uwTickPrio
 .data.uwTickFreq
                0x2400124c        0x1 ./Drivers/STM32H7xx_HAL_Driver/Src/stm32h7xx_hal.o
                0x2400124c                uwTickFreq
 *fill*         0x2400124d        0x3 
 .data._impure_ptr
                0x24001250        0x4 /opt/stm32cubeide/plugins/com.st.stm32cube.ide.mcu.externaltools.gnu-tools-for-stm32.14.3.rel1.linux64_1.0.100.202602081740/tools/bin/../lib/gcc/arm-none-eabi/14.3.1/../../../../arm-none-eabi/lib/thumb/v7e-m+dp/hard/libc_nano.a(libc_a-impure.o)
                0x24001250                _impure_ptr
 .data._impure_data
                0x24001254       0x4c /opt/stm32cubeide/plugins/com.st.stm32cube.ide.mcu.externaltools.gnu-tools-for-stm32.14.3.rel1.linux64_1.0.100.202602081740/tools/bin/../lib/gcc/arm-none-eabi/14.3.1/../../../../arm-none-eabi/lib/thumb/v7e-m+dp/hard/libc_nano.a(libc_a-impure.o)
                0x24001254                _impure_data
 *(.RamFunc)
 *(.RamFunc*)
                0x240012a0                        . = ALIGN (0x4)
                0x240012a0                        _edata = .

.igot.plt       0x240012a0        0x0 load address 0x08016ac8
 .igot.plt      0x240012a0        0x0 /opt/stm32cubeide/plugins/com.st.stm32cube.ide.mcu.externaltools.gnu-tools-for-stm32.14.3.rel1.linux64_1.0.100.202602081740/tools/bin/../lib/gcc/arm-none-eabi/14.3.1/thumb/v7e-m+dp/hard/crtbegin.o
                0x240012a0                        . = ALIGN (0x4)

.bss            0x240012a0     0x15d8 load address 0x08016ac8
                0x240012a0                        _sbss = .
                0x240012a0                        __bss_start__ = _sbss
 *(.bss)
 .bss           0x240012a0       0x1c /opt/stm32cubeide/plugins/com.st.stm32cube.ide.mcu.externaltools.gnu-tools-for-stm32.14.3.rel1.linux64_1.0.100.202602081740/tools/bin/../lib/gcc/arm-none-eabi/14.3.1/thumb/v7e-m+dp/hard/crtbegin.o
 *(.bss*)
 .bss.pendingAcks
                0x240012bc       0x20 ./Core/Src/ack_manager.o
 .bss.s_roverMode
                0x240012dc        0x1 ./Core/Src/activity_light.o
 *fill*         0x240012dd        0x3 
 .bss.s_parsedCmd
                0x240012e0       0x86 ./Core/Src/app_main.o
 *fill*         0x24001366        0x2 
 .bss.s_imuLastTick
                0x24001368        0x4 ./Core/Src/app_main.o
 .bss.s_termLine
                0x2400136c       0x80 ./Core/Src/app_main.o
 .bss.s_controlMode
                0x240013ec        0x1 ./Core/Src/control_mode.o
 *fill*         0x240013ed        0x1 
 .bss.imu_dbg_acc_x
                0x240013ee        0x2 ./Core/Src/imu_mpu9250.o
                0x240013ee                imu_dbg_acc_x
 .bss.imu_dbg_acc_y
                0x240013f0        0x2 ./Core/Src/imu_mpu9250.o
                0x240013f0                imu_dbg_acc_y
 .bss.imu_dbg_acc_z
                0x240013f2        0x2 ./Core/Src/imu_mpu9250.o
                0x240013f2                imu_dbg_acc_z
 .bss.imu_dbg_temp
                0x240013f4        0x2 ./Core/Src/imu_mpu9250.o
                0x240013f4                imu_dbg_temp
 .bss.imu_dbg_gyro_x
                0x240013f6        0x2 ./Core/Src/imu_mpu9250.o
                0x240013f6                imu_dbg_gyro_x
 .bss.imu_dbg_gyro_y
                0x240013f8        0x2 ./Core/Src/imu_mpu9250.o
                0x240013f8                imu_dbg_gyro_y
 .bss.imu_dbg_gyro_z
                0x240013fa        0x2 ./Core/Src/imu_mpu9250.o
                0x240013fa                imu_dbg_gyro_z
 .bss.imu_dbg_raw_ok
                0x240013fc        0x1 ./Core/Src/imu_mpu9250.o
                0x240013fc                imu_dbg_raw_ok
 *fill*         0x240013fd        0x3 
 .bss.imu_dbg_raw_counter
                0x24001400        0x4 ./Core/Src/imu_mpu9250.o
                0x24001400                imu_dbg_raw_counter
 .bss.imu_dbg_raw_fail_counter
                0x24001404        0x4 ./Core/Src/imu_mpu9250.o
                0x24001404                imu_dbg_raw_fail_counter
 .bss.txBuf     0x24001408      0x100 ./Core/Src/logger.o
 .bss.hi2c1     0x24001508       0x54 ./Core/Src/main.o
                0x24001508                hi2c1
 .bss.huart4    0x2400155c       0x94 ./Core/Src/main.o
                0x2400155c                huart4
 .bss.huart5    0x240015f0       0x94 ./Core/Src/main.o
                0x240015f0                huart5
 .bss.huart7    0x24001684       0x94 ./Core/Src/main.o
                0x24001684                huart7
 .bss.huart2    0x24001718       0x94 ./Core/Src/main.o
                0x24001718                huart2
 .bss.huart3    0x240017ac       0x94 ./Core/Src/main.o
                0x240017ac                huart3
 .bss.hdma_uart4_rx
                0x24001840       0x78 ./Core/Src/main.o
                0x24001840                hdma_uart4_rx
 .bss.hdma_uart4_tx
                0x240018b8       0x78 ./Core/Src/main.o
                0x240018b8                hdma_uart4_tx
 .bss.hdma_uart5_rx
                0x24001930       0x78 ./Core/Src/main.o
                0x24001930                hdma_uart5_rx
 .bss.hdma_uart5_tx
                0x240019a8       0x78 ./Core/Src/main.o
                0x240019a8                hdma_uart5_tx
 .bss.hdma_uart7_rx
                0x24001a20       0x78 ./Core/Src/main.o
                0x24001a20                hdma_uart7_rx
 .bss.hdma_uart7_tx
                0x24001a98       0x78 ./Core/Src/main.o
                0x24001a98                hdma_uart7_tx
 .bss.hdma_usart2_rx
                0x24001b10       0x78 ./Core/Src/main.o
                0x24001b10                hdma_usart2_rx
 .bss.hdma_usart2_tx
                0x24001b88       0x78 ./Core/Src/main.o
                0x24001b88                hdma_usart2_tx
 .bss.motorCmds
                0x24001c00       0x10 ./Core/Src/motion_controller.o
 .bss.motorLinks
                0x24001c10       0x30 ./Core/Src/motor_dispatcher.o
 .bss.txBuf     0x24001c40       0x20 ./Core/Src/motor_dispatcher.o
 .bss.rxSlot    0x24001c60      0x218 ./Core/Src/motor_uart_dma.o
 .bss.s_operatingMode
                0x24001e78        0x1 ./Core/Src/operating_mode.o
 *fill*         0x24001e79        0x3 
 .bss.lastRxTick
                0x24001e7c       0x10 ./Core/Src/safety_manager.o
 .bss.linkLost  0x24001e8c        0x4 ./Core/Src/safety_manager.o
 .bss.recoveryPending
                0x24001e90        0x4 ./Core/Src/safety_manager.o
 .bss.__sbrk_heap_end
                0x24001e94        0x4 ./Core/Src/sysmem.o
 .bss.s_rxBuildBuf
                0x24001e98       0x80 ./Core/Src/terminal_if.o
 .bss.s_rxBuildPos
                0x24001f18        0x2 ./Core/Src/terminal_if.o
 *fill*         0x24001f1a        0x2 
 .bss.s_lineQueue
                0x24001f1c      0x800 ./Core/Src/terminal_if.o
 .bss.s_qHead   0x2400271c        0x1 ./Core/Src/terminal_if.o
 .bss.s_qTail   0x2400271d        0x1 ./Core/Src/terminal_if.o
 .bss.s_qCount  0x2400271e        0x1 ./Core/Src/terminal_if.o
 *fill*         0x2400271f        0x1 
 .bss.s_qDropped
                0x24002720        0x4 ./Core/Src/terminal_if.o
 .bss.s_qReceived
                0x24002724        0x4 ./Core/Src/terminal_if.o
 .bss.s_qMaxDepth
                0x24002728        0x1 ./Core/Src/terminal_if.o
 .bss.rxByte    0x24002729        0x1 ./Core/Src/terminal_if.o
 *fill*         0x2400272a        0x2 
 .bss.uwTick    0x2400272c        0x4 ./Drivers/STM32H7xx_HAL_Driver/Src/stm32h7xx_hal.o
                0x2400272c                uwTick
 .bss.__sf      0x24002730      0x138 /opt/stm32cubeide/plugins/com.st.stm32cube.ide.mcu.externaltools.gnu-tools-for-stm32.14.3.rel1.linux64_1.0.100.202602081740/tools/bin/../lib/gcc/arm-none-eabi/14.3.1/../../../../arm-none-eabi/lib/thumb/v7e-m+dp/hard/libc_nano.a(libc_a-findfp.o)
                0x24002730                __sf
 .bss.errno     0x24002868        0x4 /opt/stm32cubeide/plugins/com.st.stm32cube.ide.mcu.externaltools.gnu-tools-for-stm32.14.3.rel1.linux64_1.0.100.202602081740/tools/bin/../lib/gcc/arm-none-eabi/14.3.1/../../../../arm-none-eabi/lib/thumb/v7e-m+dp/hard/libc_nano.a(libc_a-reent.o)
                0x24002868                errno
 .bss.__lock___malloc_recursive_mutex
                0x2400286c        0x1 /opt/stm32cubeide/plugins/com.st.stm32cube.ide.mcu.externaltools.gnu-tools-for-stm32.14.3.rel1.linux64_1.0.100.202602081740/tools/bin/../lib/gcc/arm-none-eabi/14.3.1/../../../../arm-none-eabi/lib/thumb/v7e-m+dp/hard/libc_nano.a(libc_a-lock.o)
                0x2400286c                __lock___malloc_recursive_mutex
 *fill*         0x2400286d        0x3 
 .bss.__malloc_sbrk_start
                0x24002870        0x4 /opt/stm32cubeide/plugins/com.st.stm32cube.ide.mcu.externaltools.gnu-tools-for-stm32.14.3.rel1.linux64_1.0.100.202602081740/tools/bin/../lib/gcc/arm-none-eabi/14.3.1/../../../../arm-none-eabi/lib/thumb/v7e-m+dp/hard/libc_nano.a(libc_a-mallocr.o)
                0x24002870                __malloc_sbrk_start
 .bss.__malloc_free_list
                0x24002874        0x4 /opt/stm32cubeide/plugins/com.st.stm32cube.ide.mcu.externaltools.gnu-tools-for-stm32.14.3.rel1.linux64_1.0.100.202602081740/tools/bin/../lib/gcc/arm-none-eabi/14.3.1/../../../../arm-none-eabi/lib/thumb/v7e-m+dp/hard/libc_nano.a(libc_a-mallocr.o)
                0x24002874                __malloc_free_list
 *(COMMON)
                0x24002878                        . = ALIGN (0x4)
                0x24002878                        _ebss = .
                0x24002878                        __bss_end__ = _ebss

.dma_buffer     0x30000000      0x300
                0x30000000                        . = ALIGN (0x20)
 *(.dma_buffer)
 .dma_buffer    0x30000000      0x100 ./Core/Src/motor_tx_dma.o
 .dma_buffer    0x30000100      0x200 ./Core/Src/motor_uart_dma.o
 *(.dma_buffer*)
                0x30000300                        . = ALIGN (0x20)

._user_heap_stack
                0x24002878      0x600
                0x24002878                        . = ALIGN (0x8)
                [!provide]                        PROVIDE (end = .)
                0x24002878                        PROVIDE (_end = .)
                0x24002a78                        . = (. + _Min_Heap_Size)
 *fill*         0x24002878      0x200 
                0x24002e78                        . = (. + _Min_Stack_Size)
 *fill*         0x24002a78      0x400 
                0x24002e78                        . = ALIGN (0x8)

/DISCARD/
 libc.a(*)
 libm.a(*)
 libgcc.a(*)

.ARM.attributes
                0x00000000       0x2e
 *(.ARM.attributes)
 .ARM.attributes
                0x00000000       0x20 /opt/stm32cubeide/plugins/com.st.stm32cube.ide.mcu.externaltools.gnu-tools-for-stm32.14.3.rel1.linux64_1.0.100.202602081740/tools/bin/../lib/gcc/arm-none-eabi/14.3.1/thumb/v7e-m+dp/hard/crti.o
 .ARM.attributes
                0x00000020       0x32 /opt/stm32cubeide/plugins/com.st.stm32cube.ide.mcu.externaltools.gnu-tools-for-stm32.14.3.rel1.linux64_1.0.100.202602081740/tools/bin/../lib/gcc/arm-none-eabi/14.3.1/thumb/v7e-m+dp/hard/crtbegin.o
 .ARM.attributes
                0x00000052       0x32 ./Core/Src/ack_manager.o
 .ARM.attributes
                0x00000084       0x32 ./Core/Src/activity_light.o
 .ARM.attributes
                0x000000b6       0x32 ./Core/Src/app_main.o
 .ARM.attributes
                0x000000e8       0x32 ./Core/Src/command_handler.o
 .ARM.attributes
                0x0000011a       0x32 ./Core/Src/control_mode.o
 .ARM.attributes
                0x0000014c       0x32 ./Core/Src/i2c_scanner.o
 .ARM.attributes
                0x0000017e       0x32 ./Core/Src/imu_mpu9250.o
 .ARM.attributes
                0x000001b0       0x32 ./Core/Src/logger.o
 .ARM.attributes
                0x000001e2       0x32 ./Core/Src/main.o
 .ARM.attributes
                0x00000214       0x32 ./Core/Src/motion_controller.o
 .ARM.attributes
                0x00000246       0x32 ./Core/Src/motor_dispatcher.o
 .ARM.attributes
                0x00000278       0x32 ./Core/Src/motor_link.o
 .ARM.attributes
                0x000002aa       0x32 ./Core/Src/motor_protocol.o
 .ARM.attributes
                0x000002dc       0x32 ./Core/Src/motor_tx_dma.o
 .ARM.attributes
                0x0000030e       0x32 ./Core/Src/motor_uart_dma.o
 .ARM.attributes
                0x00000340       0x32 ./Core/Src/operating_mode.o
 .ARM.attributes
                0x00000372       0x32 ./Core/Src/safety_manager.o
 .ARM.attributes
                0x000003a4       0x32 ./Core/Src/stm32h7xx_hal_msp.o
 .ARM.attributes
                0x000003d6       0x32 ./Core/Src/stm32h7xx_it.o
 .ARM.attributes
                0x00000408       0x32 ./Core/Src/sysmem.o
 .ARM.attributes
                0x0000043a       0x32 ./Core/Src/system_stm32h7xx.o
 .ARM.attributes
                0x0000046c       0x32 ./Core/Src/terminal_if.o
 .ARM.attributes
                0x0000049e       0x32 ./Core/Src/terminal_parser.o
 .ARM.attributes
                0x000004d0       0x21 ./Core/Startup/startup_stm32h723zgtx.o
 .ARM.attributes
                0x000004f1       0x32 ./Drivers/STM32H7xx_HAL_Driver/Src/stm32h7xx_hal.o
 .ARM.attributes
                0x00000523       0x32 ./Drivers/STM32H7xx_HAL_Driver/Src/stm32h7xx_hal_cortex.o
 .ARM.attributes
                0x00000555       0x32 ./Drivers/STM32H7xx_HAL_Driver/Src/stm32h7xx_hal_dma.o
 .ARM.attributes
                0x00000587       0x32 ./Drivers/STM32H7xx_HAL_Driver/Src/stm32h7xx_hal_gpio.o
 .ARM.attributes
                0x000005b9       0x32 ./Drivers/STM32H7xx_HAL_Driver/Src/stm32h7xx_hal_i2c.o
 .ARM.attributes
                0x000005eb       0x32 ./Drivers/STM32H7xx_HAL_Driver/Src/stm32h7xx_hal_i2c_ex.o
 .ARM.attributes
                0x0000061d       0x32 ./Drivers/STM32H7xx_HAL_Driver/Src/stm32h7xx_hal_pwr_ex.o
 .ARM.attributes
                0x0000064f       0x32 ./Drivers/STM32H7xx_HAL_Driver/Src/stm32h7xx_hal_rcc.o
 .ARM.attributes
                0x00000681       0x32 ./Drivers/STM32H7xx_HAL_Driver/Src/stm32h7xx_hal_rcc_ex.o
 .ARM.attributes
                0x000006b3       0x32 ./Drivers/STM32H7xx_HAL_Driver/Src/stm32h7xx_hal_uart.o
 .ARM.attributes
                0x000006e5       0x32 ./Drivers/STM32H7xx_HAL_Driver/Src/stm32h7xx_hal_uart_ex.o
 .ARM.attributes
                0x00000717       0x32 /opt/stm32cubeide/plugins/com.st.stm32cube.ide.mcu.externaltools.gnu-tools-for-stm32.14.3.rel1.linux64_1.0.100.202602081740/tools/bin/../lib/gcc/arm-none-eabi/14.3.1/../../../../arm-none-eabi/lib/thumb/v7e-m+dp/hard/libc_nano.a(libc_a-atoi.o)
 .ARM.attributes
                0x00000749       0x32 /opt/stm32cubeide/plugins/com.st.stm32cube.ide.mcu.externaltools.gnu-tools-for-stm32.14.3.rel1.linux64_1.0.100.202602081740/tools/bin/../lib/gcc/arm-none-eabi/14.3.1/../../../../arm-none-eabi/lib/thumb/v7e-m+dp/hard/libc_nano.a(libc_a-strtol.o)
 .ARM.attributes
                0x0000077b       0x32 /opt/stm32cubeide/plugins/com.st.stm32cube.ide.mcu.externaltools.gnu-tools-for-stm32.14.3.rel1.linux64_1.0.100.202602081740/tools/bin/../lib/gcc/arm-none-eabi/14.3.1/../../../../arm-none-eabi/lib/thumb/v7e-m+dp/hard/libc_nano.a(libc_a-ctype_.o)
 .ARM.attributes
                0x000007ad       0x32 /opt/stm32cubeide/plugins/com.st.stm32cube.ide.mcu.externaltools.gnu-tools-for-stm32.14.3.rel1.linux64_1.0.100.202602081740/tools/bin/../lib/gcc/arm-none-eabi/14.3.1/../../../../arm-none-eabi/lib/thumb/v7e-m+dp/hard/libc_nano.a(libc_a-findfp.o)
 .ARM.attributes
                0x000007df       0x32 /opt/stm32cubeide/plugins/com.st.stm32cube.ide.mcu.externaltools.gnu-tools-for-stm32.14.3.rel1.linux64_1.0.100.202602081740/tools/bin/../lib/gcc/arm-none-eabi/14.3.1/../../../../arm-none-eabi/lib/thumb/v7e-m+dp/hard/libc_nano.a(libc_a-snprintf.o)
 .ARM.attributes
                0x00000811       0x32 /opt/stm32cubeide/plugins/com.st.stm32cube.ide.mcu.externaltools.gnu-tools-for-stm32.14.3.rel1.linux64_1.0.100.202602081740/tools/bin/../lib/gcc/arm-none-eabi/14.3.1/../../../../arm-none-eabi/lib/thumb/v7e-m+dp/hard/libc_nano.a(libc_a-vsnprintf.o)
 .ARM.attributes
                0x00000843       0x32 /opt/stm32cubeide/plugins/com.st.stm32cube.ide.mcu.externaltools.gnu-tools-for-stm32.14.3.rel1.linux64_1.0.100.202602081740/tools/bin/../lib/gcc/arm-none-eabi/14.3.1/../../../../arm-none-eabi/lib/thumb/v7e-m+dp/hard/libc_nano.a(libc_a-memmove.o)
 .ARM.attributes
                0x00000875       0x32 /opt/stm32cubeide/plugins/com.st.stm32cube.ide.mcu.externaltools.gnu-tools-for-stm32.14.3.rel1.linux64_1.0.100.202602081740/tools/bin/../lib/gcc/arm-none-eabi/14.3.1/../../../../arm-none-eabi/lib/thumb/v7e-m+dp/hard/libc_nano.a(libc_a-memset.o)
 .ARM.attributes
                0x000008a7       0x32 /opt/stm32cubeide/plugins/com.st.stm32cube.ide.mcu.externaltools.gnu-tools-for-stm32.14.3.rel1.linux64_1.0.100.202602081740/tools/bin/../lib/gcc/arm-none-eabi/14.3.1/../../../../arm-none-eabi/lib/thumb/v7e-m+dp/hard/libc_nano.a(libc_a-strncmp.o)
 .ARM.attributes
                0x000008d9       0x32 /opt/stm32cubeide/plugins/com.st.stm32cube.ide.mcu.externaltools.gnu-tools-for-stm32.14.3.rel1.linux64_1.0.100.202602081740/tools/bin/../lib/gcc/arm-none-eabi/14.3.1/../../../../arm-none-eabi/lib/thumb/v7e-m+dp/hard/libc_nano.a(libc_a-strstr.o)
 .ARM.attributes
                0x0000090b       0x32 /opt/stm32cubeide/plugins/com.st.stm32cube.ide.mcu.externaltools.gnu-tools-for-stm32.14.3.rel1.linux64_1.0.100.202602081740/tools/bin/../lib/gcc/arm-none-eabi/14.3.1/../../../../arm-none-eabi/lib/thumb/v7e-m+dp/hard/libc_nano.a(libc_a-reent.o)
 .ARM.attributes