../Core/Src/command_handler.c:24:20:MotionPrefix	16	static
../Core/Src/command_handler.c:42:13:IsSafeRawPayload	16	static
../Core/Src/command_handler.c:54:20:MotorTagName	16	static
../Core/Src/command_handler.c:69:6:Command_IsModeTransition	16	static
../Core/Src/command_handler.c:74:6:Command_IsMotionCommand	16	static
../Core/Src/command_handler.c:83:13:HandleOperatingMode	16	static
../Core/Src/command_handler.c:129:13:WaitForTxDrain	24	static
../Core/Src/command_handler.c:140:13:HandleControlModeSwitch	24	static
../Core/Src/command_handler.c:191:6:CommandHandler_PrintHelp	8	static
../Core/Src/command_handler.c:260:6:CommandHandler_Handle	128	static
