../Core/Src/command_handler.c:25:20:MotionPrefix	16	static
../Core/Src/command_handler.c:43:13:IsSafeRawPayload	16	static
../Core/Src/command_handler.c:55:20:MotorTagName	16	static
../Core/Src/command_handler.c:70:6:Command_IsModeTransition	16	static
../Core/Src/command_handler.c:75:6:Command_IsMotionCommand	16	static
../Core/Src/command_handler.c:84:13:HandleOperatingMode	16	static
../Core/Src/command_handler.c:130:13:WaitForTxDrain	24	static
../Core/Src/command_handler.c:141:13:HandleControlModeSwitch	24	static
../Core/Src/command_handler.c:192:6:CommandHandler_PrintHelp	8	static
../Core/Src/command_handler.c:281:6:CommandHandler_Handle	224	static
