../Core/Src/i2c_recovery.c:36:9:I2C_RecoveryInProgress	4	static
../Core/Src/i2c_recovery.c:47:13:DWT_Init	16	static,ignoring_inline_asm
../Core/Src/i2c_recovery.c:69:13:delay_us	32	static,ignoring_inline_asm
../Core/Src/i2c_recovery.c:91:22:ReadSDA	8	static
../Core/Src/i2c_recovery.c:96:22:ReadSCL	8	static
../Core/Src/i2c_recovery.c:102:13:SCL_GPIO_Output	32	static
../Core/Src/i2c_recovery.c:113:13:SDA_GPIO_Output	32	static
../Core/Src/i2c_recovery.c:124:13:SDA_GPIO_Input	32	static
../Core/Src/i2c_recovery.c:134:13:SCL_GPIO_Input	32	static
../Core/Src/i2c_recovery.c:144:13:RestoreI2C_AF	32	static
../Core/Src/i2c_recovery.c:160:26:PhysicalBusClear	32	static
../Core/Src/i2c_recovery.c:280:19:I2C_BusResetAndReinit	24	static
../Core/Src/i2c_recovery.c:320:19:I2C_BusRecovery	32	static
../Core/Src/i2c_recovery.c:392:19:I2C_RecoverBus	16	static
