../Core/Src/imu_mpu9250.c:18:6:IMU_MPU9250_InvalidateCache	4	static
../Core/Src/imu_mpu9250.c:25:9:IMU_MPU9250_IsSupportedWho	16	static
../Core/Src/imu_mpu9250.c:30:20:ChipName	16	static
../Core/Src/imu_mpu9250.c:43:19:IMU_MPU9250_WriteReg	72	static
../Core/Src/imu_mpu9250.c:83:19:IMU_MPU9250_ReadReg	40	static
../Core/Src/imu_mpu9250.c:92:19:IMU_MPU9250_FindAndWriteReg	80	static
../Core/Src/imu_mpu9250.c:181:19:IMU_MPU9250_FindAndReadReg	56	static
../Core/Src/imu_mpu9250.c:239:19:IMU_MPU9250_FindAndReadWho	88	static
../Core/Src/imu_mpu9250.c:334:6:IMU_MPU9250_WhoAmI	32	static
../Core/Src/imu_mpu9250.c:347:6:IMU_MPU9250_WarmupProbe	48	static
../Core/Src/imu_mpu9250.c:379:26:WriteAndVerify	40	static
../Core/Src/imu_mpu9250.c:413:26:WriteAndVerifyOptional	40	static
../Core/Src/imu_mpu9250.c:443:19:IMU_MPU9250_InitBasic	72	static
../Core/Src/imu_mpu9250.c:554:6:IMU_MPU9250_CfgTest	104	static
../Core/Src/imu_mpu9250.c:722:6:IMU_MPU9250_UpdateDebugRaw	16	static
../Core/Src/imu_mpu9250.c:745:19:IMU_MPU9250_FindAndReadBytes	56	static
../Core/Src/imu_mpu9250.c:821:19:IMU_MPU9250_FindAndReadBytesVerbose	120	static
../Core/Src/imu_mpu9250.c:953:19:IMU_MPU9250_ReadRaw	48	static
../Core/Src/imu_mpu9250.c:978:6:IMU_MPU9250_GyroTest	232	static
../Core/Src/imu_mpu9250.c:1217:19:IMU_MPU9250_ReadConverted	48	static
../Core/Src/imu_mpu9250.c:1251:6:IMU_MPU9250_BiasQuery	32	static
../Core/Src/imu_mpu9250.c:1259:6:IMU_MPU9250_BiasEnable	8	static
../Core/Src/imu_mpu9250.c:1265:6:IMU_MPU9250_BiasDisable	8	static
../Core/Src/imu_mpu9250.c:1271:6:IMU_MPU9250_BiasClear	8	static
../Core/Src/imu_mpu9250.c:1280:9:IMU_MPU9250_BiasIsEnabled	4	static
../Core/Src/imu_mpu9250.c:1285:9:IMU_MPU9250_BiasGetSource	4	static
../Core/Src/imu_mpu9250.c:1290:9:IMU_MPU9250_BiasGetX	4	static
../Core/Src/imu_mpu9250.c:1295:9:IMU_MPU9250_BiasGetY	4	static
../Core/Src/imu_mpu9250.c:1300:9:IMU_MPU9250_BiasGetZ	4	static
../Core/Src/imu_mpu9250.c:1345:13:IMU_ApplyGyroOutputFilter	24	static
../Core/Src/imu_mpu9250.c:1376:6:IMU_GyroFilterOn	8	static
../Core/Src/imu_mpu9250.c:1384:6:IMU_GyroFilterOff	8	static
../Core/Src/imu_mpu9250.c:1390:6:IMU_GyroFilterStatus	16	static
../Core/Src/imu_mpu9250.c:1397:6:IMU_GyroFilterSetDeadband	16	static
../Core/Src/imu_mpu9250.c:1409:6:IMU_GyroFilterSetLpfAlpha	16	static
../Core/Src/imu_mpu9250.c:1421:10:IMU_GyroFilterIsEnabled	4	static
../Core/Src/imu_mpu9250.c:1422:10:IMU_GyroFilterGetDeadband	4	static
../Core/Src/imu_mpu9250.c:1423:10:IMU_GyroFilterGetLpfAlpha	4	static
../Core/Src/imu_mpu9250.c:1425:6:IMU_ApplyGyroFilter	24	static
../Core/Src/imu_mpu9250.c:1430:6:IMU_StreamOn	16	static
../Core/Src/imu_mpu9250.c:1439:6:IMU_StreamOff	8	static
../Core/Src/imu_mpu9250.c:1445:6:IMU_StreamSetPeriod	24	static
../Core/Src/imu_mpu9250.c:1459:10:IMU_StreamGetPeriod	4	static
../Core/Src/imu_mpu9250.c:1464:9:IMU_StreamIsEnabled	4	static
../Core/Src/imu_mpu9250.c:1469:6:IMU_GyroSetTelemetryPeriod	16	static
../Core/Src/imu_mpu9250.c:1480:10:IMU_GyroGetTelemetryPeriod	4	static
../Core/Src/imu_mpu9250.c:1485:6:IMU_AccelSetTelemetryPeriod	16	static
../Core/Src/imu_mpu9250.c:1496:10:IMU_AccelGetTelemetryPeriod	4	static
../Core/Src/imu_mpu9250.c:1501:6:IMU_StreamTask	112	static
