../Core/Src/imu_mpu9250.c:13:9:IMU_MPU9250_IsSupportedWho	16	static
../Core/Src/imu_mpu9250.c:18:20:ChipName	16	static
../Core/Src/imu_mpu9250.c:31:19:IMU_MPU9250_WriteReg	72	static
../Core/Src/imu_mpu9250.c:71:19:IMU_MPU9250_ReadReg	40	static
../Core/Src/imu_mpu9250.c:80:19:IMU_MPU9250_FindAndWriteReg	80	static
../Core/Src/imu_mpu9250.c:145:19:IMU_MPU9250_FindAndReadReg	56	static
../Core/Src/imu_mpu9250.c:191:19:IMU_MPU9250_FindAndReadWho	88	static
../Core/Src/imu_mpu9250.c:275:6:IMU_MPU9250_WhoAmI	32	static
../Core/Src/imu_mpu9250.c:288:6:IMU_MPU9250_WarmupProbe	48	static
../Core/Src/imu_mpu9250.c:320:26:WriteAndVerify	40	static
../Core/Src/imu_mpu9250.c:354:26:WriteAndVerifyOptional	40	static
../Core/Src/imu_mpu9250.c:384:19:IMU_MPU9250_InitBasic	72	static
../Core/Src/imu_mpu9250.c:494:6:IMU_MPU9250_CfgTest	104	static
../Core/Src/imu_mpu9250.c:656:6:IMU_MPU9250_UpdateDebugRaw	16	static
../Core/Src/imu_mpu9250.c:679:19:IMU_MPU9250_FindAndReadBytes	56	static
../Core/Src/imu_mpu9250.c:727:19:IMU_MPU9250_FindAndReadBytesVerbose	96	static
../Core/Src/imu_mpu9250.c:805:19:IMU_MPU9250_ReadRaw	32	static
../Core/Src/imu_mpu9250.c:828:6:IMU_MPU9250_GyroTest	232	static
../Core/Src/imu_mpu9250.c:1067:19:IMU_MPU9250_ReadConverted	48	static
../Core/Src/imu_mpu9250.c:1101:6:IMU_MPU9250_BiasQuery	32	static
../Core/Src/imu_mpu9250.c:1109:6:IMU_MPU9250_BiasEnable	8	static
../Core/Src/imu_mpu9250.c:1115:6:IMU_MPU9250_BiasDisable	8	static
../Core/Src/imu_mpu9250.c:1121:6:IMU_MPU9250_BiasClear	8	static
../Core/Src/imu_mpu9250.c:1130:9:IMU_MPU9250_BiasIsEnabled	4	static
../Core/Src/imu_mpu9250.c:1135:9:IMU_MPU9250_BiasGetSource	4	static
../Core/Src/imu_mpu9250.c:1140:9:IMU_MPU9250_BiasGetX	4	static
../Core/Src/imu_mpu9250.c:1145:9:IMU_MPU9250_BiasGetY	4	static
../Core/Src/imu_mpu9250.c:1150:9:IMU_MPU9250_BiasGetZ	4	static
../Core/Src/imu_mpu9250.c:1180:13:IMU_ApplyGyroOutputFilter	24	static
../Core/Src/imu_mpu9250.c:1211:6:IMU_GyroFilterOn	8	static
../Core/Src/imu_mpu9250.c:1219:6:IMU_GyroFilterOff	8	static
../Core/Src/imu_mpu9250.c:1225:6:IMU_GyroFilterStatus	16	static
../Core/Src/imu_mpu9250.c:1232:6:IMU_GyroFilterSetDeadband	16	static
../Core/Src/imu_mpu9250.c:1244:6:IMU_GyroFilterSetLpfAlpha	16	static
../Core/Src/imu_mpu9250.c:1256:10:IMU_GyroFilterIsEnabled	4	static
../Core/Src/imu_mpu9250.c:1257:10:IMU_GyroFilterGetDeadband	4	static
../Core/Src/imu_mpu9250.c:1258:10:IMU_GyroFilterGetLpfAlpha	4	static
../Core/Src/imu_mpu9250.c:1260:6:IMU_ApplyGyroFilter	24	static
../Core/Src/imu_mpu9250.c:1265:6:IMU_StreamOn	8	static
../Core/Src/imu_mpu9250.c:1273:6:IMU_StreamOff	8	static
../Core/Src/imu_mpu9250.c:1279:6:IMU_StreamSetPeriod	16	static
../Core/Src/imu_mpu9250.c:1290:10:IMU_StreamGetPeriod	4	static
../Core/Src/imu_mpu9250.c:1295:9:IMU_StreamIsEnabled	4	static
../Core/Src/imu_mpu9250.c:1300:6:IMU_StreamTask	136	static
