../Core/Src/imu_mpu9250.c:19:9:IMU_MPU9250_IsSupportedWho	16	static
../Core/Src/imu_mpu9250.c:24:20:ChipName	16	static
../Core/Src/imu_mpu9250.c:37:19:IMU_MPU9250_WriteReg	72	static
../Core/Src/imu_mpu9250.c:77:19:IMU_MPU9250_ReadReg	40	static
../Core/Src/imu_mpu9250.c:86:19:IMU_MPU9250_FindAndWriteReg	80	static
../Core/Src/imu_mpu9250.c:175:19:IMU_MPU9250_FindAndReadReg	56	static
../Core/Src/imu_mpu9250.c:233:19:IMU_MPU9250_FindAndReadWho	88	static
../Core/Src/imu_mpu9250.c:328:6:IMU_MPU9250_WhoAmI	32	static
../Core/Src/imu_mpu9250.c:341:6:IMU_MPU9250_WarmupProbe	48	static
../Core/Src/imu_mpu9250.c:373:26:WriteAndVerify	40	static
../Core/Src/imu_mpu9250.c:407:26:WriteAndVerifyOptional	40	static
../Core/Src/imu_mpu9250.c:437:19:IMU_MPU9250_InitBasic	72	static
../Core/Src/imu_mpu9250.c:548:6:IMU_MPU9250_CfgTest	104	static
../Core/Src/imu_mpu9250.c:716:6:IMU_MPU9250_UpdateDebugRaw	16	static
../Core/Src/imu_mpu9250.c:739:19:IMU_MPU9250_FindAndReadBytes	56	static
../Core/Src/imu_mpu9250.c:815:19:IMU_MPU9250_FindAndReadBytesVerbose	120	static
../Core/Src/imu_mpu9250.c:947:19:IMU_MPU9250_ReadRaw	48	static
../Core/Src/imu_mpu9250.c:972:6:IMU_MPU9250_GyroTest	232	static
../Core/Src/imu_mpu9250.c:1211:19:IMU_MPU9250_ReadConverted	48	static
../Core/Src/imu_mpu9250.c:1245:6:IMU_MPU9250_BiasQuery	32	static
../Core/Src/imu_mpu9250.c:1253:6:IMU_MPU9250_BiasEnable	8	static
../Core/Src/imu_mpu9250.c:1259:6:IMU_MPU9250_BiasDisable	8	static
../Core/Src/imu_mpu9250.c:1265:6:IMU_MPU9250_BiasClear	8	static
../Core/Src/imu_mpu9250.c:1274:9:IMU_MPU9250_BiasIsEnabled	4	static
../Core/Src/imu_mpu9250.c:1279:9:IMU_MPU9250_BiasGetSource	4	static
../Core/Src/imu_mpu9250.c:1284:9:IMU_MPU9250_BiasGetX	4	static
../Core/Src/imu_mpu9250.c:1289:9:IMU_MPU9250_BiasGetY	4	static
../Core/Src/imu_mpu9250.c:1294:9:IMU_MPU9250_BiasGetZ	4	static
../Core/Src/imu_mpu9250.c:1324:13:IMU_ApplyGyroOutputFilter	24	static
../Core/Src/imu_mpu9250.c:1355:6:IMU_GyroFilterOn	8	static
../Core/Src/imu_mpu9250.c:1363:6:IMU_GyroFilterOff	8	static
../Core/Src/imu_mpu9250.c:1369:6:IMU_GyroFilterStatus	16	static
../Core/Src/imu_mpu9250.c:1376:6:IMU_GyroFilterSetDeadband	16	static
../Core/Src/imu_mpu9250.c:1388:6:IMU_GyroFilterSetLpfAlpha	16	static
../Core/Src/imu_mpu9250.c:1400:10:IMU_GyroFilterIsEnabled	4	static
../Core/Src/imu_mpu9250.c:1401:10:IMU_GyroFilterGetDeadband	4	static
../Core/Src/imu_mpu9250.c:1402:10:IMU_GyroFilterGetLpfAlpha	4	static
../Core/Src/imu_mpu9250.c:1404:6:IMU_ApplyGyroFilter	24	static
../Core/Src/imu_mpu9250.c:1409:6:IMU_StreamOn	8	static
../Core/Src/imu_mpu9250.c:1417:6:IMU_StreamOff	8	static
../Core/Src/imu_mpu9250.c:1423:6:IMU_StreamSetPeriod	16	static
../Core/Src/imu_mpu9250.c:1434:10:IMU_StreamGetPeriod	4	static
../Core/Src/imu_mpu9250.c:1439:9:IMU_StreamIsEnabled	4	static
../Core/Src/imu_mpu9250.c:1444:6:IMU_StreamTask	136	static
