../Core/Src/imu_mpu9250.c:12:9:IMU_MPU9250_IsSupportedWho	16	static
../Core/Src/imu_mpu9250.c:17:20:ChipName	16	static
../Core/Src/imu_mpu9250.c:30:19:IMU_MPU9250_WriteReg	72	static
../Core/Src/imu_mpu9250.c:70:19:IMU_MPU9250_ReadReg	40	static
../Core/Src/imu_mpu9250.c:79:19:IMU_MPU9250_FindAndWriteReg	80	static
../Core/Src/imu_mpu9250.c:144:19:IMU_MPU9250_FindAndReadReg	56	static
../Core/Src/imu_mpu9250.c:190:19:IMU_MPU9250_FindAndReadWho	88	static
../Core/Src/imu_mpu9250.c:274:6:IMU_MPU9250_WhoAmI	32	static
../Core/Src/imu_mpu9250.c:287:6:IMU_MPU9250_WarmupProbe	48	static
../Core/Src/imu_mpu9250.c:319:26:WriteAndVerify	40	static
../Core/Src/imu_mpu9250.c:353:26:WriteAndVerifyOptional	40	static
../Core/Src/imu_mpu9250.c:383:19:IMU_MPU9250_InitBasic	72	static
../Core/Src/imu_mpu9250.c:493:6:IMU_MPU9250_CfgTest	104	static
../Core/Src/imu_mpu9250.c:655:6:IMU_MPU9250_UpdateDebugRaw	16	static
../Core/Src/imu_mpu9250.c:678:19:IMU_MPU9250_FindAndReadBytes	96	static
../Core/Src/imu_mpu9250.c:756:19:IMU_MPU9250_ReadRaw	32	static
../Core/Src/imu_mpu9250.c:779:6:IMU_MPU9250_GyroTest	232	static
