../Core/Src/imu_mpu9250.c:13:9:IMU_MPU9250_IsSupportedWho	16	static
../Core/Src/imu_mpu9250.c:18:20:ChipName	16	static
../Core/Src/imu_mpu9250.c:31:19:IMU_MPU9250_WriteReg	72	static
../Core/Src/imu_mpu9250.c:71:19:IMU_MPU9250_ReadReg	40	static
../Core/Src/imu_mpu9250.c:80:19:IMU_MPU9250_FindAndWriteReg	80	static
../Core/Src/imu_mpu9250.c:148:19:IMU_MPU9250_FindAndReadReg	56	static
../Core/Src/imu_mpu9250.c:197:19:IMU_MPU9250_FindAndReadWho	88	static
../Core/Src/imu_mpu9250.c:284:6:IMU_MPU9250_WhoAmI	32	static
../Core/Src/imu_mpu9250.c:297:6:IMU_MPU9250_WarmupProbe	48	static
../Core/Src/imu_mpu9250.c:329:26:WriteAndVerify	40	static
../Core/Src/imu_mpu9250.c:363:26:WriteAndVerifyOptional	40	static
../Core/Src/imu_mpu9250.c:393:19:IMU_MPU9250_InitBasic	72	static
../Core/Src/imu_mpu9250.c:503:6:IMU_MPU9250_CfgTest	104	static
../Core/Src/imu_mpu9250.c:671:6:IMU_MPU9250_UpdateDebugRaw	16	static
../Core/Src/imu_mpu9250.c:694:19:IMU_MPU9250_FindAndReadBytes	56	static
../Core/Src/imu_mpu9250.c:745:19:IMU_MPU9250_FindAndReadBytesVerbose	96	static
../Core/Src/imu_mpu9250.c:826:19:IMU_MPU9250_ReadRaw	48	static
../Core/Src/imu_mpu9250.c:851:6:IMU_MPU9250_GyroTest	232	static
../Core/Src/imu_mpu9250.c:1090:19:IMU_MPU9250_ReadConverted	48	static
../Core/Src/imu_mpu9250.c:1124:6:IMU_MPU9250_BiasQuery	32	static
../Core/Src/imu_mpu9250.c:1132:6:IMU_MPU9250_BiasEnable	8	static
../Core/Src/imu_mpu9250.c:1138:6:IMU_MPU9250_BiasDisable	8	static
../Core/Src/imu_mpu9250.c:1144:6:IMU_MPU9250_BiasClear	8	static
../Core/Src/imu_mpu9250.c:1153:9:IMU_MPU9250_BiasIsEnabled	4	static
../Core/Src/imu_mpu9250.c:1158:9:IMU_MPU9250_BiasGetSource	4	static
../Core/Src/imu_mpu9250.c:1163:9:IMU_MPU9250_BiasGetX	4	static
../Core/Src/imu_mpu9250.c:1168:9:IMU_MPU9250_BiasGetY	4	static
../Core/Src/imu_mpu9250.c:1173:9:IMU_MPU9250_BiasGetZ	4	static
../Core/Src/imu_mpu9250.c:1203:13:IMU_ApplyGyroOutputFilter	24	static
../Core/Src/imu_mpu9250.c:1234:6:IMU_GyroFilterOn	8	static
../Core/Src/imu_mpu9250.c:1242:6:IMU_GyroFilterOff	8	static
../Core/Src/imu_mpu9250.c:1248:6:IMU_GyroFilterStatus	16	static
../Core/Src/imu_mpu9250.c:1255:6:IMU_GyroFilterSetDeadband	16	static
../Core/Src/imu_mpu9250.c:1267:6:IMU_GyroFilterSetLpfAlpha	16	static
../Core/Src/imu_mpu9250.c:1279:10:IMU_GyroFilterIsEnabled	4	static
../Core/Src/imu_mpu9250.c:1280:10:IMU_GyroFilterGetDeadband	4	static
../Core/Src/imu_mpu9250.c:1281:10:IMU_GyroFilterGetLpfAlpha	4	static
../Core/Src/imu_mpu9250.c:1283:6:IMU_ApplyGyroFilter	24	static
../Core/Src/imu_mpu9250.c:1288:6:IMU_StreamOn	8	static
../Core/Src/imu_mpu9250.c:1296:6:IMU_StreamOff	8	static
../Core/Src/imu_mpu9250.c:1302:6:IMU_StreamSetPeriod	16	static
../Core/Src/imu_mpu9250.c:1313:10:IMU_StreamGetPeriod	4	static
../Core/Src/imu_mpu9250.c:1318:9:IMU_StreamIsEnabled	4	static
../Core/Src/imu_mpu9250.c:1323:6:IMU_StreamTask	136	static
