../Core/Src/mag_qmc5883p.c:11:17:isqrt_u64	48	static
../Core/Src/mag_qmc5883p.c:22:6:MAG_QMC5883L_RuntimeReset	24	static
../Core/Src/mag_qmc5883p.c:87:20:MagStateName	16	static
../Core/Src/mag_qmc5883p.c:109:13:Mag_SetState	16	static
../Core/Src/mag_qmc5883p.c:121:26:Mag_ReadReg	48	static
../Core/Src/mag_qmc5883p.c:129:26:Mag_ReadBytes	48	static
../Core/Src/mag_qmc5883p.c:137:26:Mag_WriteReg	40	static
../Core/Src/mag_qmc5883p.c:147:19:MAG_QMC5883P_ReadReg	24	static
../Core/Src/mag_qmc5883p.c:153:20:TickDeadlineReached	16	static
../Core/Src/mag_qmc5883p.c:160:16:Mag_IsInvalidSample	24	static
../Core/Src/mag_qmc5883p.c:190:13:Mag_RecordCommError	32	static
../Core/Src/mag_qmc5883p.c:207:13:Mag_RecordDrdyTimeout	16	static
../Core/Src/mag_qmc5883p.c:223:13:Mag_RecordDorEvent	16	static
../Core/Src/mag_qmc5883p.c:232:13:Mag_RecordInvalidSample	48	static
../Core/Src/mag_qmc5883p.c:251:13:Mag_RecordValidSample	16	static
../Core/Src/mag_qmc5883p.c:263:26:Mag_DetectInternal	24	static
../Core/Src/mag_qmc5883p.c:318:6:MAG_QMC5883L_Task	96	static
../Core/Src/mag_qmc5883p.c:758:19:MAG_QMC5883L_Acquire	56	static
../Core/Src/mag_qmc5883p.c:905:6:MAG_SetTelemetryPeriod	16	static
../Core/Src/mag_qmc5883p.c:916:10:MAG_GetTelemetryPeriod	4	static
../Core/Src/mag_qmc5883p.c:926:16:Mag_RawToUtX100	16	static
../Core/Src/mag_qmc5883p.c:936:6:MAG_QMC5883L_Telemetry	240	static
../Core/Src/mag_qmc5883p.c:1007:6:MAG_QMC5883L_PrintStatus	80	static
../Core/Src/mag_qmc5883p.c:1088:19:MAG_QMC5883P_Detect	16	static
../Core/Src/mag_qmc5883p.c:1095:19:MAG_QMC5883P_Init	24	static
../Core/Src/mag_qmc5883p.c:1140:19:MAG_QMC5883P_ReadRaw	32	static
../Core/Src/mag_qmc5883p.c:1159:19:MAG_QMC5883P_ReadImu	16	static
