../Core/Src/main.c:87:5:main	8	static
../Core/Src/main.c:142:6:SystemClock_Config	120	static
../Core/Src/main.c:201:13:MX_I2C1_Init	8	static
../Core/Src/main.c:249:13:MX_UART4_Init	8	static
../Core/Src/main.c:297:13:MX_UART5_Init	8	static
../Core/Src/main.c:345:13:MX_UART7_Init	8	static
../Core/Src/main.c:393:13:MX_USART2_UART_Init	8	static
../Core/Src/main.c:441:13:MX_USART3_UART_Init	8	static
../Core/Src/main.c:487:13:MX_DMA_Init	16	static
../Core/Src/main.c:526:13:MX_GPIO_Init	48	static
../Core/Src/main.c:561:6:MPU_Config	24	static
../Core/Src/main.c:592:6:Error_Handler	48	static,ignoring_inline_asm
