../Core/Src/manipulation_uart_dma.c:73:13:IsManipulationUart	16	static
../Core/Src/manipulation_uart_dma.c:82:26:ArmRxDma	16	static
../Core/Src/manipulation_uart_dma.c:105:26:ReArmRxDma	16	static
../Core/Src/manipulation_uart_dma.c:120:13:ReportManipUartError	24	static
../Core/Src/manipulation_uart_dma.c:156:13:TxQueueIsFull	4	static
../Core/Src/manipulation_uart_dma.c:161:13:TxQueueIsEmpty	4	static
../Core/Src/manipulation_uart_dma.c:166:13:TxQueuePush	32	static,ignoring_inline_asm
../Core/Src/manipulation_uart_dma.c:194:13:TxQueuePopLocked	16	static
../Core/Src/manipulation_uart_dma.c:207:13:RxQueuePop	32	static,ignoring_inline_asm
../Core/Src/manipulation_uart_dma.c:232:13:TakeRxDropCounters	32	static,ignoring_inline_asm
../Core/Src/manipulation_uart_dma.c:257:13:ManipTx_TryStartNext	136	static,ignoring_inline_asm
../Core/Src/manipulation_uart_dma.c:322:6:ManipulationUartDma_Init	8	static
../Core/Src/manipulation_uart_dma.c:369:6:ManipulationUartDma_StartRx	8	static
../Core/Src/manipulation_uart_dma.c:385:6:ManipulationUartDma_Update	208	static
../Core/Src/manipulation_uart_dma.c:476:6:ManipulationUartDma_SendRaw	120	static
../Core/Src/manipulation_uart_dma.c:527:6:ManipulationUartDma_HandleRxEvent	24	static
../Core/Src/manipulation_uart_dma.c:605:6:ManipulationUartDma_HandleError	32	static,ignoring_inline_asm
../Core/Src/manipulation_uart_dma.c:646:6:ManipulationUartDma_OnTxComplete	24	static,ignoring_inline_asm
