../Core/Src/motion_controller.c:9:13:SetMotor	16	static
../Core/Src/motion_controller.c:15:13:SetAllMotors	24	static
../Core/Src/motion_controller.c:21:13:SetMotorCmd	16	static
../Core/Src/motion_controller.c:27:6:MotionController_Init	8	static
../Core/Src/motion_controller.c:35:13:ApplyMotorPolarity	32	static
../Core/Src/motion_controller.c:57:6:MotionController_Execute	24	static
../Core/Src/motion_controller.c:99:6:MotionController_Stop	8	static
../Core/Src/motion_controller.c:106:6:MotionController_DisarmSafe	8	static
../Core/Src/motion_controller.c:114:6:MotionController_ExecuteArcTurn	72	static
