../Core/Src/motor_tuning_config.c:26:11:MotorTuningConfig_SlotToMotorId	16	static
../Core/Src/motor_tuning_config.c:35:20:MotorTag	16	static
../Core/Src/motor_tuning_config.c:48:20:skip_ws	16	static
../Core/Src/motor_tuning_config.c:57:13:parse_u16	24	static
../Core/Src/motor_tuning_config.c:73:13:parse_i32	32	static
../Core/Src/motor_tuning_config.c:94:13:is_telemetry	16	static
../Core/Src/motor_tuning_config.c:120:13:should_ignore	16	static
../Core/Src/motor_tuning_config.c:130:13:try_detect_cfg_error	32	static
../Core/Src/motor_tuning_config.c:157:13:try_parse_kp_ki	40	static
../Core/Src/motor_tuning_config.c:191:13:try_parse_base	48	static
../Core/Src/motor_tuning_config.c:220:13:try_parse_boost	48	static
../Core/Src/motor_tuning_config.c:272:13:try_parse_ramp	32	static
../Core/Src/motor_tuning_config.c:309:13:try_parse_kick	40	static
../Core/Src/motor_tuning_config.c:368:13:try_parse_telper	24	static
../Core/Src/motor_tuning_config.c:388:13:try_commit	56	static
../Core/Src/motor_tuning_config.c:446:6:MotorTuningConfig_Init	16	static
../Core/Src/motor_tuning_config.c:457:6:MotorTuningConfig_ProcessLine	24	static
../Core/Src/motor_tuning_config.c:510:28:MotorTuningConfig_Get	16	static
../Core/Src/motor_tuning_config.c:520:13:log_fixed_point	32	static
../Core/Src/motor_tuning_config.c:530:6:MotorTuningConfig_Print	104	static
../Core/Src/motor_tuning_config.c:611:6:MotorTuningConfig_PrintAll	16	static
