../Core/Src/motor_uart_dma.c:55:12:LookupSlot	16	static
../Core/Src/motor_uart_dma.c:65:13:ReportUartError	32	static
../Core/Src/motor_uart_dma.c:98:13:ProcessDmaRestart	24	static
../Core/Src/motor_uart_dma.c:122:26:StartDmaRx	32	static
../Core/Src/motor_uart_dma.c:149:6:MotorUartDma_Init	16	static
../Core/Src/motor_uart_dma.c:170:6:MotorUartDma_StartAllRx	8	static
../Core/Src/motor_uart_dma.c:178:6:MotorUartDma_Update	24	static
../Core/Src/motor_uart_dma.c:228:6:HAL_UARTEx_RxEventCallback	24	static
../Core/Src/motor_uart_dma.c:265:6:HAL_UART_ErrorCallback	32	static
