../Core/Src/motor_uart_dma.c:57:12:LookupSlot	16	static
../Core/Src/motor_uart_dma.c:67:13:GetMotorIdFromUart	16	static
../Core/Src/motor_uart_dma.c:81:13:ReportUartError	32	static
../Core/Src/motor_uart_dma.c:114:13:ProcessDmaRestart	24	static
../Core/Src/motor_uart_dma.c:138:26:StartDmaRx	32	static
../Core/Src/motor_uart_dma.c:165:6:MotorUartDma_Init	16	static
../Core/Src/motor_uart_dma.c:186:6:MotorUartDma_StartAllRx	8	static
../Core/Src/motor_uart_dma.c:194:6:MotorUartDma_Update	24	static
../Core/Src/motor_uart_dma.c:244:6:HAL_UARTEx_RxEventCallback	24	static
../Core/Src/motor_uart_dma.c:290:6:HAL_UART_ErrorCallback	32	static
