../Core/Src/safety_manager.c:37:20:GetMotorName	16	static
../Core/Src/safety_manager.c:51:6:SafetyManager_Init	16	static
../Core/Src/safety_manager.c:72:6:SafetyManager_Update	24	static
../Core/Src/safety_manager.c:152:6:SafetyManager_NotifyRx	24	static
../Core/Src/safety_manager.c:166:6:SafetyManager_IsLinkLost	16	static
../Core/Src/safety_manager.c:175:6:SafetyManager_EnterDisarm	8	static
../Core/Src/safety_manager.c:196:6:SafetyManager_LeaveDisarm	8	static
../Core/Src/safety_manager.c:207:6:SafetyManager_NotifyPcActivity	16	static
../Core/Src/safety_manager.c:221:6:SafetyManager_IsPcLinkAlive	4	static
../Core/Src/safety_manager.c:226:6:SafetyManager_IsPcLinkSeen	4	static
../Core/Src/safety_manager.c:231:6:SafetyManager_IsPcLinkTimeout	4	static
../Core/Src/safety_manager.c:236:10:SafetyManager_PcLinkAgeMs	8	static
../Core/Src/safety_manager.c:245:6:SafetyManager_NotifyPcHeartbeat	16	static
../Core/Src/safety_manager.c:261:6:SafetyManager_IsPcHeartbeatFresh	8	static
