../Core/Src/safety_manager.c:29:20:GetMotorName	16	static
../Core/Src/safety_manager.c:43:6:SafetyManager_Init	16	static
../Core/Src/safety_manager.c:60:6:SafetyManager_Update	24	static
../Core/Src/safety_manager.c:121:6:SafetyManager_NotifyRx	24	static
../Core/Src/safety_manager.c:135:6:SafetyManager_IsLinkLost	16	static
../Core/Src/safety_manager.c:144:6:SafetyManager_EnterDisarm	8	static
../Core/Src/safety_manager.c:165:6:SafetyManager_LeaveDisarm	8	static
../Core/Src/safety_manager.c:176:6:SafetyManager_NotifyPcActivity	16	static
../Core/Src/safety_manager.c:190:6:SafetyManager_IsPcLinkAlive	4	static
../Core/Src/safety_manager.c:195:6:SafetyManager_IsPcLinkSeen	4	static
../Core/Src/safety_manager.c:200:6:SafetyManager_IsPcLinkTimeout	4	static
../Core/Src/safety_manager.c:205:10:SafetyManager_PcLinkAgeMs	8	static
