../Core/Src/terminal_if.c:34:13:QueuePushFromIsr	32	static,ignoring_inline_asm
../Core/Src/terminal_if.c:70:13:QueuePop	32	static,ignoring_inline_asm
../Core/Src/terminal_if.c:100:13:QueueClear	16	static,ignoring_inline_asm
../Core/Src/terminal_if.c:112:6:TerminalIf_Init	8	static
../Core/Src/terminal_if.c:129:6:TerminalIf_Process	4	static
../Core/Src/terminal_if.c:135:9:TerminalIf_RxCallback	16	static
../Core/Src/terminal_if.c:167:6:TerminalIf_GetLine	16	static
../Core/Src/terminal_if.c:172:9:TerminalIf_GetPendingLineCount	4	static
../Core/Src/terminal_if.c:177:10:TerminalIf_GetDroppedLineCount	4	static
../Core/Src/terminal_if.c:182:10:TerminalIf_GetReceivedLineCount	4	static
../Core/Src/terminal_if.c:187:9:TerminalIf_GetMaxLineQueueDepth	4	static
../Core/Src/terminal_if.c:196:6:TerminalIf_LineReady	4	static
../Core/Src/terminal_if.c:201:13:TerminalIf_GetLinePtr	8	static
../Core/Src/terminal_if.c:210:6:HAL_UART_RxCpltCallback	16	static
